<html>
<body>
<pre>
<h1>µVision Build Log</h1>
<h2>Tool Versions:</h2>
IDE-Version: µVision V5.17.0.0
Copyright (C) 2015 ARM Ltd and ARM Germany GmbH. All rights reserved.
License Information: Binh Le, Bosch, LIC=----
 
Tool Versions:
Toolchain:       MDK-Lite  Version: 5.17
Toolchain Path:  C:\Keil_v5\ARM\ARMCC\Bin
C Compiler:      Armcc.exe V5.06 update 1 (build 61)
Assembler:       Armasm.exe V5.06 update 1 (build 61)
Linker/Locator:  ArmLink.exe V5.06 update 1 (build 61)
Library Manager: ArmAr.exe V5.06 update 1 (build 61)
Hex Converter:   FromElf.exe V5.06 update 1 (build 61)
CPU DLL:         SARMCM3.DLL V5.17
Dialog DLL:      DCM.DLL V1.13.4.0
Target DLL:      STLink\ST-LINKIII-KEIL_SWO.dll V2.0.18.0
Dialog DLL:      TCM.DLL V1.14.6.0
 
<h2>Project:</h2>
D:\EMBEDDED\PROJECTS\mBed\BCR\MDK-ARM\FreeRTOS.uvprojx
Project File Date:  01/14/2017

<h2>Output:</h2>
*** Using Compiler 'V5.06 update 1 (build 61)', folder: 'C:\Keil_v5\ARM\ARMCC\Bin'
Rebuild target 'FreeRTOS Configuration'
compiling stm32f4xx_hal_dma_ex.c...
compiling stm32f4xx_hal_gpio.c...
compiling stm32f4xx_hal_pwr_ex.c...
compiling stm32f4xx_hal_rcc_ex.c...
compiling stm32f4xx_hal_adc_ex.c...
compiling stm32f4xx_hal_dma.c...
compiling stm32f4xx_hal_adc.c...
compiling stm32f4xx_hal_cortex.c...
compiling stm32f4xx_hal_flash.c...
compiling stm32f4xx_hal_uart.c...
compiling stm32f4xx_hal_pwr.c...
compiling stm32f4xx_hal_flash_ramfunc.c...
compiling stm32f4xx_hal.c...
compiling stm32f4xx_hal_flash_ex.c...
compiling stm32f4xx_hal_rcc.c...
compiling stm32f4xx_hal_tim_ex.c...
compiling stm32f4xx_hal_tim.c...
compiling uart.c...
compiling BL_SystemInit.c...
compiling gpio.c...
compiling adc.c...
compiling timer.c...
..\BL_Driver\timer.h(9): warning:  #1-D: last line of file ends without a newline
  void TIM6_DAC_IRQHandler(void);
..\BL_Driver\timer.c(35): warning:  #1-D: last line of file ends without a newline
  }
..\BL_Driver\timer.c: 2 warnings, 0 errors
assembling startup_stm32f407xx.s...
compiling pwm.c...
compiling cmsis_os.c...
compiling system_stm32f4xx.c...
compiling timers.c...
compiling heap_4.c...
compiling list.c...
compiling event_groups.c...
compiling port.c...
compiling queue.c...
compiling tasks.c...
compiling croutine.c...
compiling stm32f4xx_it.c...
compiling stm32f4xx_hal_msp.c...
compiling freertos.c...
compiling main.c...
../BL_Driver/timer.h(9): warning:  #1-D: last line of file ends without a newline
  void TIM6_DAC_IRQHandler(void);
../Src/main.c: 1 warning, 0 errors
linking...
Program Size: Code=13216 RO-data=504 RW-data=116 ZI-data=17044  
"FreeRTOS Configuration/\.axf" - 0 Error(s), 3 Warning(s).

<h2>Software Packages used:</h2>

Package Vendor: ARM
                http://www.keil.com/pack/ARM.CMSIS.4.5.0.pack
                ARM::CMSIS:CORE:4.3.0
                CMSIS (Cortex Microcontroller Software Interface Standard)
   * Component: CORE Version: 4.3.0

<h2>Collection of Component include folders:</h2>
  D:\EMBEDDED\PROJECTS\mBed\BCR\MDK-ARM\RTE
  C:\Keil_v5\ARM\PACK\ARM\CMSIS\4.5.0\CMSIS\Include
  C:\Keil_v5\ARM\PACK\Keil\STM32F4xx_DFP\2.6.0\Drivers\CMSIS\Device\ST\STM32F4xx\Include

<h2>Collection of Component Files used:</h2>

   * Component: ARM::CMSIS:CORE:4.3.0
Build Time Elapsed:  00:00:28
</pre>
</body>
</html>
