<html>
<body>
<pre>
<h1>µVision Build Log</h1>
<h2>Tool Versions:</h2>
IDE-Version: µVision V5.17.0.0
Copyright (C) 2015 ARM Ltd and ARM Germany GmbH. All rights reserved.
License Information: Binh Le, Bosch, LIC=----
 
Tool Versions:
Toolchain:       MDK-Lite  Version: 5.17
Toolchain Path:  C:\Keil_v5\ARM\ARMCC\Bin
C Compiler:      Armcc.exe V5.06 update 1 (build 61)
Assembler:       Armasm.exe V5.06 update 1 (build 61)
Linker/Locator:  ArmLink.exe V5.06 update 1 (build 61)
Library Manager: ArmAr.exe V5.06 update 1 (build 61)
Hex Converter:   FromElf.exe V5.06 update 1 (build 61)
CPU DLL:         SARMCM3.DLL V5.17
Dialog DLL:      DCM.DLL V1.13.4.0
Target DLL:      STLink\ST-LINKIII-KEIL_SWO.dll V2.0.18.0
Dialog DLL:      TCM.DLL V1.14.6.0
 
<h2>Project:</h2>
D:\EMBEDDED\PROJECTS\Hobby\BCR\BCR\MDK-ARM\FreeRTOS.uvprojx
Project File Date:  02/25/2017

<h2>Output:</h2>
*** Using Compiler 'V5.06 update 1 (build 61)', folder: 'C:\Keil_v5\ARM\ARMCC\Bin'
Rebuild target 'FreeRTOS Configuration'
compiling stm32f4xx_hal_pwr_ex.c...
compiling stm32f4xx_hal_dma_ex.c...
compiling stm32f4xx_hal_gpio.c...
compiling stm32f4xx_hal_adc_ex.c...
compiling stm32f4xx_hal_rcc_ex.c...
compiling stm32f4xx_hal_dma.c...
compiling stm32f4xx_hal_flash.c...
compiling stm32f4xx_hal_cortex.c...
compiling stm32f4xx_hal_adc.c...
compiling stm32f4xx_hal_pwr.c...
compiling stm32f4xx_hal_flash_ramfunc.c...
compiling stm32f4xx_hal_uart.c...
compiling stm32f4xx_hal_rcc.c...
compiling stm32f4xx_hal.c...
compiling stm32f4xx_hal_flash_ex.c...
assembling startup_stm32f407xx.s...
compiling stm32f4xx_hal_tim.c...
compiling cmsis_os.c...
compiling stm32f4xx_hal_tim_ex.c...
compiling timers.c...
compiling system_stm32f4xx.c...
compiling heap_4.c...
compiling list.c...
compiling port.c...
compiling event_groups.c...
compiling croutine.c...
compiling queue.c...
compiling tasks.c...
compiling gpio.c...
compiling uart.c...
..\BL_Driver\uart.h(40): warning:  #1-D: last line of file ends without a newline
  	
..\BL_Driver\uart.c: 1 warning, 0 errors
compiling adc.c...
compiling pwm.c...
compiling timer.c...
compiling BL_SystemInit.c...
..\BL_Driver\uart.h(40): warning:  #1-D: last line of file ends without a newline
  	
..\BL_Driver\BL_SystemInit.c(79): warning:  #1-D: last line of file ends without a newline
  }
..\BL_Driver\BL_SystemInit.c: 2 warnings, 0 errors
compiling dem.c...
compiling flash.c...
compiling pid.c...
compiling esp8266.c...
..\BL_Driver\uart.h(40): warning:  #1-D: last line of file ends without a newline
  	
..\BL_Driver\esp8266.c(27): warning:  #177-D: variable "timecurr_u32" was declared but never referenced
  	uint32_t timecurr_u32 =0;
..\BL_Driver\esp8266.c(112): warning:  #188-D: enumerated type mixed with another type
  					    t_recheckState_en = t_LastRecheckState_en+1;
..\BL_Driver\esp8266.c(134): warning:  #111-D: statement is unreachable
  				break;		
..\BL_Driver\esp8266.c(140): warning:  #940-D: missing return statement at end of non-void function "RecheckESPServer"
  }
..\BL_Driver\esp8266.c(61): warning:  #177-D: function "RecheckESPServerWithDelay" was declared but never referenced
  static uint8_t RecheckESPServerWithDelay(void){
..\BL_Driver\esp8266.c(87): warning:  #177-D: function "RecheckESPServer" was declared but never referenced
  static uint8_t RecheckESPServer(void){
..\BL_Driver\esp8266.c: 7 warnings, 0 errors
compiling DiagCom.c...
../BL_Driver/uart.h(40): warning:  #1-D: last line of file ends without a newline
  	
..\BL_Middlewares\DiagCom.c(95): warning:  #188-D: enumerated type mixed with another type
  			if(length<
INSIZECOMMAND) return 
ALSE;
..\BL_Middlewares\DiagCom.c: 2 warnings, 0 errors
compiling powermanager.c...
..\BL_Middlewares\powermanager.c(1): warning:  #1-D: last line of file ends without a newline
  #include "powermanager.h"
..\BL_Middlewares\powermanager.c: 1 warning, 0 errors
compiling stm32f4xx_hal_msp.c...
compiling freertos.c...
compiling stm32f4xx_it.c...
compiling main.c...
../BL_Driver/uart.h(40): warning:  #1-D: last line of file ends without a newline
  	
../BL_Driver/uart.h(40): warning:  #1-D: last line of file ends without a newline
  	
../Src/main.c: 2 warnings, 0 errors
linking...
Program Size: Code=15920 RO-data=728 RW-data=124 ZI-data=17260  
FromELF: creating hex file...
"FreeRTOS Configuration/\freertos.axf" - 0 Error(s), 15 Warning(s).

<h2>Software Packages used:</h2>

Package Vendor: ARM
                http://www.keil.com/pack/ARM.CMSIS.4.5.0.pack
                ARM::CMSIS:CORE:4.3.0
                CMSIS (Cortex Microcontroller Software Interface Standard)
   * Component: CORE Version: 4.3.0

<h2>Collection of Component include folders:</h2>
  D:\EMBEDDED\PROJECTS\Hobby\BCR\BCR\MDK-ARM\RTE
  C:\Keil_v5\ARM\PACK\ARM\CMSIS\4.5.0\CMSIS\Include
  C:\Keil_v5\ARM\PACK\Keil\STM32F4xx_DFP\2.6.0\Drivers\CMSIS\Device\ST\STM32F4xx\Include

<h2>Collection of Component Files used:</h2>

   * Component: ARM::CMSIS:CORE:4.3.0
Build Time Elapsed:  00:01:29
</pre>
</body>
</html>
