Component: ARM Compiler 5.06 update 1 (build 61) Tool: armlink [4d35a8]

==============================================================================

Section Cross References

    stm32f4xx_hal_gpio.o(i.HAL_GPIO_EXTI_IRQHandler) refers to stm32f4xx_hal_gpio.o(i.HAL_GPIO_EXTI_Callback) for HAL_GPIO_EXTI_Callback
    stm32f4xx_hal_dma_ex.o(i.HAL_DMAEx_MultiBufferStart) refers to stm32f4xx_hal_dma_ex.o(i.DMA_MultiBufferSetConfig) for DMA_MultiBufferSetConfig
    stm32f4xx_hal_dma_ex.o(i.HAL_DMAEx_MultiBufferStart_IT) refers to stm32f4xx_hal_dma_ex.o(i.DMA_MultiBufferSetConfig) for DMA_MultiBufferSetConfig
    stm32f4xx_hal_pwr_ex.o(i.HAL_PWREx_ControlVoltageScaling) refers to stm32f4xx_hal.o(i.HAL_GetTick) for HAL_GetTick
    stm32f4xx_hal_pwr_ex.o(i.HAL_PWREx_DisableBkUpReg) refers to stm32f4xx_hal.o(i.HAL_GetTick) for HAL_GetTick
    stm32f4xx_hal_pwr_ex.o(i.HAL_PWREx_EnableBkUpReg) refers to stm32f4xx_hal.o(i.HAL_GetTick) for HAL_GetTick
    stm32f4xx_hal_rcc_ex.o(i.HAL_RCCEx_PeriphCLKConfig) refers to stm32f4xx_hal.o(i.HAL_GetTick) for HAL_GetTick
    stm32f4xx_hal_rcc_ex.o(i.HAL_RCC_DeInit) refers to system_stm32f4xx.o(.data) for SystemCoreClock
    stm32f4xx_hal_adc_ex.o(i.ADC_MultiModeDMAConvCplt) refers to stm32f4xx_hal_adc.o(i.HAL_ADC_ConvCpltCallback) for HAL_ADC_ConvCpltCallback
    stm32f4xx_hal_adc_ex.o(i.ADC_MultiModeDMAError) refers to stm32f4xx_hal_adc.o(i.HAL_ADC_ErrorCallback) for HAL_ADC_ErrorCallback
    stm32f4xx_hal_adc_ex.o(i.ADC_MultiModeDMAHalfConvCplt) refers to stm32f4xx_hal_adc.o(i.HAL_ADC_ConvHalfCpltCallback) for HAL_ADC_ConvHalfCpltCallback
    stm32f4xx_hal_adc_ex.o(i.HAL_ADCEx_InjectedPollForConversion) refers to stm32f4xx_hal.o(i.HAL_GetTick) for HAL_GetTick
    stm32f4xx_hal_adc_ex.o(i.HAL_ADCEx_InjectedStart) refers to system_stm32f4xx.o(.data) for SystemCoreClock
    stm32f4xx_hal_adc_ex.o(i.HAL_ADCEx_InjectedStart_IT) refers to system_stm32f4xx.o(.data) for SystemCoreClock
    stm32f4xx_hal_adc_ex.o(i.HAL_ADCEx_MultiModeStart_DMA) refers to stm32f4xx_hal_dma.o(i.HAL_DMA_Start_IT) for HAL_DMA_Start_IT
    stm32f4xx_hal_adc_ex.o(i.HAL_ADCEx_MultiModeStart_DMA) refers to system_stm32f4xx.o(.data) for SystemCoreClock
    stm32f4xx_hal_adc_ex.o(i.HAL_ADCEx_MultiModeStart_DMA) refers to stm32f4xx_hal_adc_ex.o(i.ADC_MultiModeDMAConvCplt) for ADC_MultiModeDMAConvCplt
    stm32f4xx_hal_adc_ex.o(i.HAL_ADCEx_MultiModeStart_DMA) refers to stm32f4xx_hal_adc_ex.o(i.ADC_MultiModeDMAHalfConvCplt) for ADC_MultiModeDMAHalfConvCplt
    stm32f4xx_hal_adc_ex.o(i.HAL_ADCEx_MultiModeStart_DMA) refers to stm32f4xx_hal_adc_ex.o(i.ADC_MultiModeDMAError) for ADC_MultiModeDMAError
    stm32f4xx_hal_adc_ex.o(i.HAL_ADCEx_MultiModeStop_DMA) refers to stm32f4xx_hal_dma.o(i.HAL_DMA_Abort) for HAL_DMA_Abort
    stm32f4xx_hal_dma.o(i.DMA_CalcBaseAndBitshift) refers to stm32f4xx_hal_dma.o(.constdata) for .constdata
    stm32f4xx_hal_dma.o(i.HAL_DMA_Abort) refers to stm32f4xx_hal.o(i.HAL_GetTick) for HAL_GetTick
    stm32f4xx_hal_dma.o(i.HAL_DMA_DeInit) refers to stm32f4xx_hal_dma.o(i.DMA_CalcBaseAndBitshift) for DMA_CalcBaseAndBitshift
    stm32f4xx_hal_dma.o(i.HAL_DMA_IRQHandler) refers to system_stm32f4xx.o(.data) for SystemCoreClock
    stm32f4xx_hal_dma.o(i.HAL_DMA_Init) refers to stm32f4xx_hal.o(i.HAL_GetTick) for HAL_GetTick
    stm32f4xx_hal_dma.o(i.HAL_DMA_Init) refers to stm32f4xx_hal_dma.o(i.DMA_CheckFifoParam) for DMA_CheckFifoParam
    stm32f4xx_hal_dma.o(i.HAL_DMA_Init) refers to stm32f4xx_hal_dma.o(i.DMA_CalcBaseAndBitshift) for DMA_CalcBaseAndBitshift
    stm32f4xx_hal_dma.o(i.HAL_DMA_PollForTransfer) refers to stm32f4xx_hal.o(i.HAL_GetTick) for HAL_GetTick
    stm32f4xx_hal_dma.o(i.HAL_DMA_PollForTransfer) refers to stm32f4xx_hal_dma.o(i.HAL_DMA_Abort) for HAL_DMA_Abort
    stm32f4xx_hal_dma.o(i.HAL_DMA_Start) refers to stm32f4xx_hal_dma.o(i.DMA_SetConfig) for DMA_SetConfig
    stm32f4xx_hal_dma.o(i.HAL_DMA_Start_IT) refers to stm32f4xx_hal_dma.o(i.DMA_SetConfig) for DMA_SetConfig
    stm32f4xx_hal_cortex.o(i.HAL_SYSTICK_IRQHandler) refers to stm32f4xx_hal_cortex.o(i.HAL_SYSTICK_Callback) for HAL_SYSTICK_Callback
    stm32f4xx_hal_flash.o(i.FLASH_SetErrorCode) refers to stm32f4xx_hal_flash.o(.bss) for .bss
    stm32f4xx_hal_flash.o(i.FLASH_WaitForLastOperation) refers to stm32f4xx_hal.o(i.HAL_GetTick) for HAL_GetTick
    stm32f4xx_hal_flash.o(i.FLASH_WaitForLastOperation) refers to stm32f4xx_hal_flash.o(i.FLASH_SetErrorCode) for FLASH_SetErrorCode
    stm32f4xx_hal_flash.o(i.FLASH_WaitForLastOperation) refers to stm32f4xx_hal_flash.o(.bss) for .bss
    stm32f4xx_hal_flash.o(i.HAL_FLASH_GetError) refers to stm32f4xx_hal_flash.o(.bss) for .bss
    stm32f4xx_hal_flash.o(i.HAL_FLASH_IRQHandler) refers to stm32f4xx_hal_flash.o(i.FLASH_SetErrorCode) for FLASH_SetErrorCode
    stm32f4xx_hal_flash.o(i.HAL_FLASH_IRQHandler) refers to stm32f4xx_hal_flash.o(i.HAL_FLASH_OperationErrorCallback) for HAL_FLASH_OperationErrorCallback
[...]
    ..\Drivers\STM32F4xx_HAL_Driver\Src\stm32f4xx_hal.c 0x00000000   Number         0  stm32f4xx_hal.o ABSOLUTE
    ..\Drivers\STM32F4xx_HAL_Driver\Src\stm32f4xx_hal_adc.c 0x00000000   Number         0  stm32f4xx_hal_adc.o ABSOLUTE
    ..\Drivers\STM32F4xx_HAL_Driver\Src\stm32f4xx_hal_adc_ex.c 0x00000000   Number         0  stm32f4xx_hal_adc_ex.o ABSOLUTE
    ..\Drivers\STM32F4xx_HAL_Driver\Src\stm32f4xx_hal_cortex.c 0x00000000   Number         0  stm32f4xx_hal_cortex.o ABSOLUTE
    ..\Drivers\STM32F4xx_HAL_Driver\Src\stm32f4xx_hal_dma.c 0x00000000   Number         0  stm32f4xx_hal_dma.o ABSOLUTE
    ..\Drivers\STM32F4xx_HAL_Driver\Src\stm32f4xx_hal_dma_ex.c 0x00000000   Number         0  stm32f4xx_hal_dma_ex.o ABSOLUTE
    ..\Drivers\STM32F4xx_HAL_Driver\Src\stm32f4xx_hal_flash.c 0x00000000   Number         0  stm32f4xx_hal_flash.o ABSOLUTE
    ..\Drivers\STM32F4xx_HAL_Driver\Src\stm32f4xx_hal_flash_ex.c 0x00000000   Number         0  stm32f4xx_hal_flash_ex.o ABSOLUTE
    ..\Drivers\STM32F4xx_HAL_Driver\Src\stm32f4xx_hal_flash_ramfunc.c 0x00000000   Number         0  stm32f4xx_hal_flash_ramfunc.o ABSOLUTE
    ..\Drivers\STM32F4xx_HAL_Driver\Src\stm32f4xx_hal_gpio.c 0x00000000   Number         0  stm32f4xx_hal_gpio.o ABSOLUTE
    ..\Drivers\STM32F4xx_HAL_Driver\Src\stm32f4xx_hal_pwr.c 0x00000000   Number         0  stm32f4xx_hal_pwr.o ABSOLUTE
    ..\Drivers\STM32F4xx_HAL_Driver\Src\stm32f4xx_hal_pwr_ex.c 0x00000000   Number         0  stm32f4xx_hal_pwr_ex.o ABSOLUTE
    ..\Drivers\STM32F4xx_HAL_Driver\Src\stm32f4xx_hal_rcc.c 0x00000000   Number         0  stm32f4xx_hal_rcc.o ABSOLUTE
    ..\Drivers\STM32F4xx_HAL_Driver\Src\stm32f4xx_hal_rcc_ex.c 0x00000000   Number         0  stm32f4xx_hal_rcc_ex.o ABSOLUTE
    ..\Drivers\STM32F4xx_HAL_Driver\Src\stm32f4xx_hal_tim.c 0x00000000   Number         0  stm32f4xx_hal_tim.o ABSOLUTE
    ..\Drivers\STM32F4xx_HAL_Driver\Src\stm32f4xx_hal_tim_ex.c 0x00000000   Number         0  stm32f4xx_hal_tim_ex.o ABSOLUTE
    ..\Drivers\STM32F4xx_HAL_Driver\Src\stm32f4xx_hal_uart.c 0x00000000   Number         0  stm32f4xx_hal_uart.o ABSOLUTE
    ..\Middlewares\Third_Party\FreeRTOS\Source\CMSIS_RTOS\cmsis_os.c 0x00000000   Number         0  cmsis_os.o ABSOLUTE
    ..\Middlewares\Third_Party\FreeRTOS\Source\portable\RVDS\ARM_CM4F\port.c 0x00000000   Number         0  port.o ABSOLUTE
    ..\Src\main.c                            0x00000000   Number         0  main.o ABSOLUTE
    ..\Src\stm32f4xx_hal_msp.c               0x00000000   Number         0  stm32f4xx_hal_msp.o ABSOLUTE
    ..\Src\stm32f4xx_it.c                    0x00000000   Number         0  stm32f4xx_it.o ABSOLUTE
    ..\\BL_Driver\\BL_SystemInit.c           0x00000000   Number         0  bl_systeminit.o ABSOLUTE
    ..\\BL_Driver\\adc.c                     0x00000000   Number         0  adc.o ABSOLUTE
    ..\\BL_Driver\\esp8266.c                 0x00000000   Number         0  esp8266.o ABSOLUTE
    ..\\BL_Driver\\flash.c                   0x00000000   Number         0  flash.o ABSOLUTE
    ..\\BL_Driver\\gpio.c                    0x00000000   Number         0  gpio.o ABSOLUTE
    ..\\BL_Driver\\pwm.c                     0x00000000   Number         0  pwm.o ABSOLUTE
    ..\\BL_Driver\\timer.c                   0x00000000   Number         0  timer.o ABSOLUTE
    ..\\BL_Driver\\uart.c                    0x00000000   Number         0  uart.o ABSOLUTE
    ..\\BL_Middlewares\\DiagCom.c            0x00000000   Number         0  diagcom.o ABSOLUTE
    ..\\Drivers\\STM32F4xx_HAL_Driver\\Src\\stm32f4xx_hal_tim.c 0x00000000   Number         0  stm32f4xx_hal_tim.o ABSOLUTE
    ..\\Drivers\\STM32F4xx_HAL_Driver\\Src\\stm32f4xx_hal_tim_ex.c 0x00000000   Number         0  stm32f4xx_hal_tim_ex.o ABSOLUTE
    cdrcmple.s                               0x00000000   Number         0  cdrcmple.o ABSOLUTE
    dc.s                                     0x00000000   Number         0  dc.o ABSOLUTE
    handlers.s                               0x00000000   Number         0  handlers.o ABSOLUTE
    init.s                                   0x00000000   Number         0  init.o ABSOLUTE
    RESET                                    0x08000000   Section      392  startup_stm32f407xx.o(RESET)
    .ARM.Collect$$$$00000000                 0x08000188   Section        0  entry.o(.ARM.Collect$$$$00000000)
    .ARM.Collect$$$$00000001                 0x08000188   Section        4  entry2.o(.ARM.Collect$$$$00000001)
    .ARM.Collect$$$$00000004                 0x0800018c   Section        4  entry5.o(.ARM.Collect$$$$00000004)
    .ARM.Collect$$$$00000008                 0x08000190   Section        0  entry7b.o(.ARM.Collect$$$$00000008)
    .ARM.Collect$$$$0000000A                 0x08000190   Section        0  entry8b.o(.ARM.Collect$$$$0000000A)
    .ARM.Collect$$$$0000000B                 0x08000190   Section        8  entry9a.o(.ARM.Collect$$$$0000000B)
    .ARM.Collect$$$$0000000D                 0x08000198   Section        0  entry10a.o(.ARM.Collect$$$$0000000D)
    .ARM.Collect$$$$0000000F                 0x08000198   Section        0  entry11a.o(.ARM.Collect$$$$0000000F)
    .ARM.Collect$$$$00002712                 0x08000198   Section        4  entry2.o(.ARM.Collect$$$$00002712)
    __lit__00000000                          0x08000198   Data           4  entry2.o(.ARM.Collect$$$$00002712)
    .emb_text                                0x0800019c   Section      186  port.o(.emb_text)
    $v0                                      0x0800019c   Number         0  port.o(.emb_text)
    .text                                    0x08000258   Section       36  startup_stm32f407xx.o(.text)
    $v0                                      0x08000258   Number         0  startup_stm32f407xx.o(.text)
    .text                                    0x0800027c   Section        0  memcpya.o(.text)
    .text                                    0x080002a0   Section        0  memseta.o(.text)
    .text                                    0x080002c4   Section        0  strcpy.o(.text)
    .text                                    0x080002d6   Section        0  atoi.o(.text)
    .text                                    0x080002f0   Section        0  uidiv.o(.text)
    .text                                    0x0800031c   Section        0  strtol.o(.text)
    .text                                    0x0800038c   Section       36  init.o(.text)
    .text                                    0x080003b0   Section        0  ctype_o.o(.text)
    .text                                    0x080003b8   Section        0  _strtoul.o(.text)
    .text                                    0x08000456   Section        0  _chval.o(.text)
    i.ADCSensorMaincyclic                    0x08000474   Section        0  adc.o(i.ADCSensorMaincyclic)
    i.ADC_Init                               0x0800048c   Section        0  stm32f4xx_hal_adc.o(i.ADC_Init)
    ADC_Init                                 0x0800048d   Thumb Code   308  stm32f4xx_hal_adc.o(i.ADC_Init)
    i.BL_ADCInit                             0x080005c4   Section        0  adc.o(i.BL_ADCInit)
    i.BL_SystemInit                          0x0800062c   Section        0  bl_systeminit.o(i.BL_SystemInit)
    i.CheckRequestPrecondition               0x08000668   Section        0  diagcom.o(i.CheckRequestPrecondition)
    i.CheckTimestampElapsed                  0x08000694   Section        0  timer.o(i.CheckTimestampElapsed)
    i.ClearRxBuffer                          0x080006ac   Section        0  uart.o(i.ClearRxBuffer)
    i.ConvertChartoInt                       0x080006c8   Section        0  diagcom.o(i.ConvertChartoInt)
    ConvertChartoInt                         0x080006c9   Thumb Code    10  diagcom.o(i.ConvertChartoInt)
    i.Error_Handler                          0x080006d2   Section        0  dem.o(i.Error_Handler)
    i.Esp8266ConfigurationHandler            0x080006d4   Section        0  diagcom.o(i.Esp8266ConfigurationHandler)
    i.FLASH_Program_Byte                     0x080006ec   Section        0  stm32f4xx_hal_flash.o(i.FLASH_Program_Byte)
    FLASH_Program_Byte                       0x080006ed   Thumb Code    26  stm32f4xx_hal_flash.o(i.FLASH_Program_Byte)
    i.FLASH_Program_DoubleWord               0x0800070c   Section        0  stm32f4xx_hal_flash.o(i.FLASH_Program_DoubleWord)
    FLASH_Program_DoubleWord                 0x0800070d   Thumb Code    44  stm32f4xx_hal_flash.o(i.FLASH_Program_DoubleWord)
    i.FLASH_Program_HalfWord                 0x0800073c   Section        0  stm32f4xx_hal_flash.o(i.FLASH_Program_HalfWord)
    FLASH_Program_HalfWord                   0x0800073d   Thumb Code    30  stm32f4xx_hal_flash.o(i.FLASH_Program_HalfWord)
    i.FLASH_Program_Word                     0x08000760   Section        0  stm32f4xx_hal_flash.o(i.FLASH_Program_Word)
    FLASH_Program_Word                       0x08000761   Thumb Code    30  stm32f4xx_hal_flash.o(i.FLASH_Program_Word)
    i.FLASH_SetErrorCode                     0x08000784   Section        0  stm32f4xx_hal_flash.o(i.FLASH_SetErrorCode)
    FLASH_SetErrorCode                       0x08000785   Thumb Code   128  stm32f4xx_hal_flash.o(i.FLASH_SetErrorCode)
    i.FLASH_WaitForLastOperation             0x0800080c   Section        0  stm32f4xx_hal_flash.o(i.FLASH_WaitForLastOperation)
    i.FlowcontrolADCHandler                  0x0800086c   Section        0  diagcom.o(i.FlowcontrolADCHandler)
    i.GetCommandfromQueue                    0x080008c0   Section        0  diagcom.o(i.GetCommandfromQueue)
    i.GetCurrentTimestamp                    0x08000960   Section        0  timer.o(i.GetCurrentTimestamp)
    i.GetDataRXcomplete                      0x0800096c   Section        0  uart.o(i.GetDataRXcomplete)
    i.HAL_ADC_ConfigChannel                  0x080009b4   Section        0  stm32f4xx_hal_adc.o(i.HAL_ADC_ConfigChannel)
    i.HAL_ADC_GetValue                       0x08000b2c   Section        0  stm32f4xx_hal_adc.o(i.HAL_ADC_GetValue)
    i.HAL_ADC_Init                           0x08000b32   Section        0  stm32f4xx_hal_adc.o(i.HAL_ADC_Init)
    i.HAL_ADC_MspInit                        0x08000b88   Section        0  stm32f4xx_hal_msp.o(i.HAL_ADC_MspInit)
    i.HAL_ADC_PollForConversion              0x08000c00   Section        0  stm32f4xx_hal_adc.o(i.HAL_ADC_PollForConversion)
    i.HAL_ADC_Start                          0x08000cbc   Section        0  stm32f4xx_hal_adc.o(i.HAL_ADC_Start)
    i.HAL_ADC_Stop                           0x08000da0   Section        0  stm32f4xx_hal_adc.o(i.HAL_ADC_Stop)
    i.HAL_DMA_Abort_IT                       0x08000dde   Section        0  stm32f4xx_hal_dma.o(i.HAL_DMA_Abort_IT)
    i.HAL_Delay                              0x08000e02   Section        0  stm32f4xx_hal.o(i.HAL_Delay)
    i.HAL_FLASH_Lock                         0x08000e18   Section        0  stm32f4xx_hal_flash.o(i.HAL_FLASH_Lock)
    i.HAL_FLASH_Program                      0x08000e2c   Section        0  stm32f4xx_hal_flash.o(i.HAL_FLASH_Program)
    i.HAL_FLASH_Unlock                       0x08000eac   Section        0  stm32f4xx_hal_flash.o(i.HAL_FLASH_Unlock)
    i.HAL_GPIO_Init                          0x08000ed8   Section        0  stm32f4xx_hal_gpio.o(i.HAL_GPIO_Init)
    i.HAL_GPIO_TogglePin                     0x080010d8   Section        0  stm32f4xx_hal_gpio.o(i.HAL_GPIO_TogglePin)
    i.HAL_GPIO_WritePin                      0x080010e0   Section        0  stm32f4xx_hal_gpio.o(i.HAL_GPIO_WritePin)
    i.HAL_GetTick                            0x080010f0   Section        0  stm32f4xx_hal.o(i.HAL_GetTick)
    i.HAL_IncTick                            0x080010fc   Section        0  stm32f4xx_hal.o(i.HAL_IncTick)
    i.HAL_Init                               0x0800110c   Section        0  stm32f4xx_hal.o(i.HAL_Init)
    i.HAL_InitTick                           0x08001140   Section        0  stm32f4xx_hal.o(i.HAL_InitTick)
    i.HAL_MspInit                            0x08001168   Section        0  stm32f4xx_hal_msp.o(i.HAL_MspInit)
    i.HAL_NVIC_EnableIRQ                     0x080011c0   Section        0  stm32f4xx_hal_cortex.o(i.HAL_NVIC_EnableIRQ)
    i.HAL_NVIC_SetPriority                   0x080011d8   Section        0  stm32f4xx_hal_cortex.o(i.HAL_NVIC_SetPriority)
    i.HAL_NVIC_SetPriorityGrouping           0x08001240   Section        0  stm32f4xx_hal_cortex.o(i.HAL_NVIC_SetPriorityGrouping)
    i.HAL_RCC_ClockConfig                    0x08001264   Section        0  stm32f4xx_hal_rcc.o(i.HAL_RCC_ClockConfig)
    i.HAL_RCC_GetHCLKFreq                    0x08001454   Section        0  stm32f4xx_hal_rcc.o(i.HAL_RCC_GetHCLKFreq)
    i.HAL_RCC_GetPCLK1Freq                   0x08001460   Section        0  stm32f4xx_hal_rcc.o(i.HAL_RCC_GetPCLK1Freq)
    i.HAL_RCC_GetPCLK2Freq                   0x0800148c   Section        0  stm32f4xx_hal_rcc.o(i.HAL_RCC_GetPCLK2Freq)
    i.HAL_RCC_GetSysClockFreq                0x080014b8   Section        0  stm32f4xx_hal_rcc.o(i.HAL_RCC_GetSysClockFreq)
    i.HAL_RCC_OscConfig                      0x08001544   Section        0  stm32f4xx_hal_rcc.o(i.HAL_RCC_OscConfig)
    i.HAL_SYSTICK_CLKSourceConfig            0x08001984   Section        0  stm32f4xx_hal_cortex.o(i.HAL_SYSTICK_CLKSourceConfig)
    i.HAL_SYSTICK_Config                     0x080019a0   Section        0  stm32f4xx_hal_cortex.o(i.HAL_SYSTICK_Config)
    i.HAL_TIMEx_BreakCallback                0x080019c8   Section        0  stm32f4xx_hal_tim_ex.o(i.HAL_TIMEx_BreakCallback)
    i.HAL_TIMEx_CommutationCallback          0x080019ca   Section        0  stm32f4xx_hal_tim_ex.o(i.HAL_TIMEx_CommutationCallback)
    i.HAL_TIMEx_ConfigBreakDeadTime          0x080019cc   Section        0  stm32f4xx_hal_tim_ex.o(i.HAL_TIMEx_ConfigBreakDeadTime)
    i.HAL_TIMEx_MasterConfigSynchronization  0x08001a28   Section        0  stm32f4xx_hal_tim_ex.o(i.HAL_TIMEx_MasterConfigSynchronization)
    i.HAL_TIM_Base_Start_IT                  0x08001a8e   Section        0  stm32f4xx_hal_tim.o(i.HAL_TIM_Base_Start_IT)
    i.HAL_TIM_IC_CaptureCallback             0x08001aa6   Section        0  stm32f4xx_hal_tim.o(i.HAL_TIM_IC_CaptureCallback)
    i.HAL_TIM_IRQHandler                     0x08001aa8   Section        0  stm32f4xx_hal_tim.o(i.HAL_TIM_IRQHandler)
    i.HAL_TIM_MspPostInit                    0x08001c1c   Section        0  pwm.o(i.HAL_TIM_MspPostInit)
    i.HAL_TIM_OC_DelayElapsedCallback        0x08001c70   Section        0  stm32f4xx_hal_tim.o(i.HAL_TIM_OC_DelayElapsedCallback)
    i.HAL_TIM_PWM_ConfigChannel              0x08001c72   Section        0  stm32f4xx_hal_tim.o(i.HAL_TIM_PWM_ConfigChannel)
    i.HAL_TIM_PWM_Init                       0x08001d4e   Section        0  stm32f4xx_hal_tim.o(i.HAL_TIM_PWM_Init)
    i.HAL_TIM_PWM_MspInit                    0x08001d88   Section        0  stm32f4xx_hal_msp.o(i.HAL_TIM_PWM_MspInit)
    i.HAL_TIM_PWM_PulseFinishedCallback      0x08001dd0   Section        0  stm32f4xx_hal_tim.o(i.HAL_TIM_PWM_PulseFinishedCallback)
    i.HAL_TIM_PWM_Start                      0x08001dd2   Section        0  stm32f4xx_hal_tim.o(i.HAL_TIM_PWM_Start)
    i.HAL_TIM_PeriodElapsedCallback          0x08001e08   Section        0  timer.o(i.HAL_TIM_PeriodElapsedCallback)
    i.HAL_TIM_TriggerCallback                0x08001e24   Section        0  stm32f4xx_hal_tim.o(i.HAL_TIM_TriggerCallback)
    i.HAL_UART_ErrorCallback                 0x08001e26   Section        0  stm32f4xx_hal_uart.o(i.HAL_UART_ErrorCallback)
    i.HAL_UART_IRQHandler                    0x08001e28   Section        0  stm32f4xx_hal_uart.o(i.HAL_UART_IRQHandler)
    i.HAL_UART_Init                          0x08001f60   Section        0  stm32f4xx_hal_uart.o(i.HAL_UART_Init)
    i.HAL_UART_MspInit                       0x08001fc4   Section        0  stm32f4xx_hal_msp.o(i.HAL_UART_MspInit)
    i.HAL_UART_Receive_IT                    0x08002020   Section        0  stm32f4xx_hal_uart.o(i.HAL_UART_Receive_IT)
    i.HAL_UART_RxCpltCallback                0x0800206c   Section        0  uart.o(i.HAL_UART_RxCpltCallback)
    i.HAL_UART_Transmit                      0x080020dc   Section        0  stm32f4xx_hal_uart.o(i.HAL_UART_Transmit)
    i.HAL_UART_TxCpltCallback                0x080021b8   Section        0  stm32f4xx_hal_uart.o(i.HAL_UART_TxCpltCallback)
    i.InitESp8266                            0x080021bc   Section        0  esp8266.o(i.InitESp8266)
    i.InitPwm2Motors                         0x080022b0   Section        0  pwm.o(i.InitPwm2Motors)
    i.InitRCServo                            0x080022f0   Section        0  pwm.o(i.InitRCServo)
    i.LearnSensorThresRequest                0x08002308   Section        0  diagcom.o(i.LearnSensorThresRequest)
    i.MX_ADC1_Init                           0x0800233c   Section        0  adc.o(i.MX_ADC1_Init)
    MX_ADC1_Init                             0x0800233d   Thumb Code    72  adc.o(i.MX_ADC1_Init)
    i.MX_GPIO_Init                           0x0800238c   Section        0  gpio.o(i.MX_GPIO_Init)
    i.MX_TIM1_Init                           0x08002548   Section        0  pwm.o(i.MX_TIM1_Init)
    MX_TIM1_Init                             0x08002549   Thumb Code   146  pwm.o(i.MX_TIM1_Init)
    i.MX_TIM3_Init                           0x080025e8   Section        0  pwm.o(i.MX_TIM3_Init)
    MX_TIM3_Init                             0x080025e9   Thumb Code    92  pwm.o(i.MX_TIM3_Init)
    i.MX_USART_UART_Init                     0x0800264c   Section        0  uart.o(i.MX_USART_UART_Init)
    i.ProcessDiagserviceCyclicMain           0x08002688   Section        0  diagcom.o(i.ProcessDiagserviceCyclicMain)
    i.ProcessSubcommand                      0x08002718   Section        0  diagcom.o(i.ProcessSubcommand)
    ProcessSubcommand                        0x08002719   Thumb Code    62  diagcom.o(i.ProcessSubcommand)
    i.ReadADCThreshold                       0x0800275c   Section        0  flash.o(i.ReadADCThreshold)
    i.ReadAllRawSensorfromLine               0x08002780   Section        0  adc.o(i.ReadAllRawSensorfromLine)
    i.ReadSensor                             0x080027f0   Section        0  adc.o(i.ReadSensor)
    i.SaveADCThreshold2NVM                   0x08002834   Section        0  flash.o(i.SaveADCThreshold2NVM)
    i.SensorThresCalib                       0x08002894   Section        0  adc.o(i.SensorThresCalib)
    i.Start10msTask                          0x0800298c   Section        0  main.o(i.Start10msTask)
    i.StartDefaultTask                       0x08002998   Section        0  main.o(i.StartDefaultTask)
    i.StartUserTask                          0x080029a2   Section        0  main.o(i.StartUserTask)
    i.SysTick_Handler                        0x080029b0   Section        0  stm32f4xx_it.o(i.SysTick_Handler)
    i.SystemClock_Config                     0x080029c0   Section        0  bl_systeminit.o(i.SystemClock_Config)
    i.SystemInit                             0x08002a64   Section        0  system_stm32f4xx.o(i.SystemInit)
    i.TIM6_DAC_IRQHandler                    0x08002abc   Section        0  timer.o(i.TIM6_DAC_IRQHandler)
    i.TIM_Base_SetConfig                     0x08002ad4   Section        0  stm32f4xx_hal_tim.o(i.TIM_Base_SetConfig)
    i.TIM_CCxChannelCmd                      0x08002b88   Section        0  stm32f4xx_hal_tim.o(i.TIM_CCxChannelCmd)
    i.TIM_OC1_SetConfig                      0x08002ba2   Section        0  stm32f4xx_hal_tim.o(i.TIM_OC1_SetConfig)
    TIM_OC1_SetConfig                        0x08002ba3   Thumb Code   100  stm32f4xx_hal_tim.o(i.TIM_OC1_SetConfig)
    i.TIM_OC2_SetConfig                      0x08002c06   Section        0  stm32f4xx_hal_tim.o(i.TIM_OC2_SetConfig)
    i.TIM_OC3_SetConfig                      0x08002c72   Section        0  stm32f4xx_hal_tim.o(i.TIM_OC3_SetConfig)
    TIM_OC3_SetConfig                        0x08002c73   Thumb Code   108  stm32f4xx_hal_tim.o(i.TIM_OC3_SetConfig)
    i.TIM_OC4_SetConfig                      0x08002cde   Section        0  stm32f4xx_hal_tim.o(i.TIM_OC4_SetConfig)
    TIM_OC4_SetConfig                        0x08002cdf   Thumb Code    84  stm32f4xx_hal_tim.o(i.TIM_OC4_SetConfig)
    i.UART_DMAAbortOnError                   0x08002d32   Section        0  stm32f4xx_hal_uart.o(i.UART_DMAAbortOnError)
    UART_DMAAbortOnError                     0x08002d33   Thumb Code    16  stm32f4xx_hal_uart.o(i.UART_DMAAbortOnError)
    i.UART_EndRxTransfer                     0x08002d42   Section        0  stm32f4xx_hal_uart.o(i.UART_EndRxTransfer)
    UART_EndRxTransfer                       0x08002d43   Thumb Code    28  stm32f4xx_hal_uart.o(i.UART_EndRxTransfer)
    i.UART_EndTransmit_IT                    0x08002d5e   Section        0  stm32f4xx_hal_uart.o(i.UART_EndTransmit_IT)
    UART_EndTransmit_IT                      0x08002d5f   Thumb Code    26  stm32f4xx_hal_uart.o(i.UART_EndTransmit_IT)
    i.UART_Receive_IT                        0x08002d78   Section        0  stm32f4xx_hal_uart.o(i.UART_Receive_IT)
    UART_Receive_IT                          0x08002d79   Thumb Code   146  stm32f4xx_hal_uart.o(i.UART_Receive_IT)
    i.UART_SetConfig                         0x08002e0c   Section        0  stm32f4xx_hal_uart.o(i.UART_SetConfig)
    UART_SetConfig                           0x08002e0d   Thumb Code   822  stm32f4xx_hal_uart.o(i.UART_SetConfig)
    i.UART_Transmit_IT                       0x08003150   Section        0  stm32f4xx_hal_uart.o(i.UART_Transmit_IT)
    UART_Transmit_IT                         0x08003151   Thumb Code   102  stm32f4xx_hal_uart.o(i.UART_Transmit_IT)
    i.UART_WaitOnFlagUntilTimeout            0x080031b6   Section        0  stm32f4xx_hal_uart.o(i.UART_WaitOnFlagUntilTimeout)
    UART_WaitOnFlagUntilTimeout              0x080031b7   Thumb Code   120  stm32f4xx_hal_uart.o(i.UART_WaitOnFlagUntilTimeout)
    i.USART2_IRQHandler                      0x08003230   Section        0  uart.o(i.USART2_IRQHandler)
    i.__0printf$3                            0x0800323c   Section        0  printf3.o(i.__0printf$3)
    i.__aeabi_errno_addr                     0x0800325c   Section        0  errno.o(i.__aeabi_errno_addr)
    i.__scatterload_copy                     0x08003264   Section       14  handlers.o(i.__scatterload_copy)
    i.__scatterload_null                     0x08003272   Section        2  handlers.o(i.__scatterload_null)
    i.__scatterload_zeroinit                 0x08003274   Section       14  handlers.o(i.__scatterload_zeroinit)
    i._printf_core                           0x08003284   Section        0  printf3.o(i._printf_core)
    _printf_core                             0x08003285   Thumb Code   436  printf3.o(i._printf_core)
    i.fputc                                  0x0800343c   Section        0  uart.o(i.fputc)
    i.main                                   0x08003454   Section        0  main.o(i.main)
    i.makeFreeRtosPriority                   0x080034c4   Section        0  cmsis_os.o(i.makeFreeRtosPriority)
    makeFreeRtosPriority                     0x080034c5   Thumb Code    12  cmsis_os.o(i.makeFreeRtosPriority)
    i.osDelay                                0x080034d0   Section        0  cmsis_os.o(i.osDelay)
    i.osKernelStart                          0x080034e0   Section        0  cmsis_os.o(i.osKernelStart)
    i.osSystickHandler                       0x080034ea   Section        0  cmsis_os.o(i.osSystickHandler)
    i.osThreadCreate                         0x080034fe   Section        0  cmsis_os.o(i.osThreadCreate)
    i.prvAddCurrentTaskToDelayedList         0x08003538   Section        0  tasks.o(i.prvAddCurrentTaskToDelayedList)
    prvAddCurrentTaskToDelayedList           0x08003539   Thumb Code    50  tasks.o(i.prvAddCurrentTaskToDelayedList)
    i.prvAllocateTCBAndStack                 0x08003570   Section        0  tasks.o(i.prvAllocateTCBAndStack)
    prvAllocateTCBAndStack                   0x08003571   Thumb Code    62  tasks.o(i.prvAllocateTCBAndStack)
    i.prvCheckTasksWaitingTermination        0x080035b0   Section        0  tasks.o(i.prvCheckTasksWaitingTermination)
    prvCheckTasksWaitingTermination          0x080035b1   Thumb Code    78  tasks.o(i.prvCheckTasksWaitingTermination)
    i.prvDeleteTCB                           0x08003608   Section        0  tasks.o(i.prvDeleteTCB)
    prvDeleteTCB                             0x08003609   Thumb Code    20  tasks.o(i.prvDeleteTCB)
    i.prvHeapInit                            0x0800361c   Section        0  heap_4.o(i.prvHeapInit)
    prvHeapInit                              0x0800361d   Thumb Code    70  heap_4.o(i.prvHeapInit)
    i.prvIdleTask                            0x0800366c   Section        0  tasks.o(i.prvIdleTask)
    prvIdleTask                              0x0800366d   Thumb Code    30  tasks.o(i.prvIdleTask)
    i.prvInitialiseTCBVariables              0x08003694   Section        0  tasks.o(i.prvInitialiseTCBVariables)
    prvInitialiseTCBVariables                0x08003695   Thumb Code    76  tasks.o(i.prvInitialiseTCBVariables)
    i.prvInitialiseTaskLists                 0x080036e0   Section        0  tasks.o(i.prvInitialiseTaskLists)
    prvInitialiseTaskLists                   0x080036e1   Thumb Code    66  tasks.o(i.prvInitialiseTaskLists)
    i.prvInsertBlockIntoFreeList             0x08003740   Section        0  heap_4.o(i.prvInsertBlockIntoFreeList)
    prvInsertBlockIntoFreeList               0x08003741   Thumb Code    84  heap_4.o(i.prvInsertBlockIntoFreeList)
    i.prvResetNextTaskUnblockTime            0x0800379c   Section        0  tasks.o(i.prvResetNextTaskUnblockTime)
    prvResetNextTaskUnblockTime              0x0800379d   Thumb Code    30  tasks.o(i.prvResetNextTaskUnblockTime)
    i.prvTaskExitError                       0x080037c0   Section        0  port.o(i.prvTaskExitError)
    prvTaskExitError                         0x080037c1   Thumb Code    42  port.o(i.prvTaskExitError)
    i.pvPortMalloc                           0x080037f0   Section        0  heap_4.o(i.pvPortMalloc)
    i.pxPortInitialiseStack                  0x080038d4   Section        0  port.o(i.pxPortInitialiseStack)
    i.uxListRemove                           0x080038fc   Section        0  list.o(i.uxListRemove)
    i.vApplicationStackOverflowHook          0x08003920   Section        0  freertos.o(i.vApplicationStackOverflowHook)
    i.vListInitialise                        0x08003922   Section        0  list.o(i.vListInitialise)
    i.vListInitialiseItem                    0x08003938   Section        0  list.o(i.vListInitialiseItem)
    i.vListInsert                            0x0800393e   Section        0  list.o(i.vListInsert)
    i.vListInsertEnd                         0x08003974   Section        0  list.o(i.vListInsertEnd)
    i.vPortEnterCritical                     0x0800398c   Section        0  port.o(i.vPortEnterCritical)
    i.vPortExitCritical                      0x080039cc   Section        0  port.o(i.vPortExitCritical)
    i.vPortFree                              0x080039f8   Section        0  heap_4.o(i.vPortFree)
    i.vPortSetupTimerInterrupt               0x08003a54   Section        0  port.o(i.vPortSetupTimerInterrupt)
    i.vTaskDelay                             0x08003a74   Section        0  tasks.o(i.vTaskDelay)
    i.vTaskStartScheduler                    0x08003ae4   Section        0  tasks.o(i.vTaskStartScheduler)
    i.vTaskSuspendAll                        0x08003b50   Section        0  tasks.o(i.vTaskSuspendAll)
    i.vTaskSwitchContext                     0x08003b60   Section        0  tasks.o(i.vTaskSwitchContext)
    i.xPortStartScheduler                    0x08003bd8   Section        0  port.o(i.xPortStartScheduler)
    i.xPortSysTickHandler                    0x08003ccc   Section        0  port.o(i.xPortSysTickHandler)
    i.xTaskGenericCreate                     0x08003cf8   Section        0  tasks.o(i.xTaskGenericCreate)
    i.xTaskGetSchedulerState                 0x08003e00   Section        0  tasks.o(i.xTaskGetSchedulerState)
    i.xTaskIncrementTick                     0x08003e1c   Section        0  tasks.o(i.xTaskIncrementTick)
    i.xTaskResumeAll                         0x08003ef0   Section        0  tasks.o(i.xTaskResumeAll)
    .constdata                               0x08003fb8   Section       16  stm32f4xx_hal_rcc.o(.constdata)
    .constdata                               0x08003fc8   Section       32  adc.o(.constdata)
    .constdata                               0x08003fe8   Section       24  diagcom.o(.constdata)
    .constdata                               0x08004000   Section       60  main.o(.constdata)
    .constdata                               0x0800403c   Section      129  ctype_o.o(.constdata)
    .constdata                               0x080040c0   Section        4  ctype_o.o(.constdata)
    table                                    0x080040c0   Data           4  ctype_o.o(.constdata)
    .conststring                             0x080040c4   Section       36  main.o(.conststring)
    .data                                    0x20000000   Section        4  stm32f4xx_hal.o(.data)
    .data                                    0x20000004   Section        4  system_stm32f4xx.o(.data)
    .data                                    0x20000008   Section       24  heap_4.o(.data)
    pxEnd                                    0x20000008   Data           4  heap_4.o(.data)
    xFreeBytesRemaining                      0x2000000c   Data           4  heap_4.o(.data)
    xMinimumEverFreeBytesRemaining           0x20000010   Data           4  heap_4.o(.data)
    xBlockAllocatedBit                       0x20000014   Data           4  heap_4.o(.data)
    xStart                                   0x20000018   Data           8  heap_4.o(.data)
    .data                                    0x20000020   Section       12  port.o(.data)
    ucMaxSysCallPriority                     0x20000020   Data           1  port.o(.data)
    uxCriticalNesting                        0x20000024   Data           4  port.o(.data)
    ulMaxPRIGROUPValue                       0x20000028   Data           4  port.o(.data)
    .data                                    0x2000002c   Section       56  tasks.o(.data)
    uxTasksDeleted                           0x20000030   Data           4  tasks.o(.data)
    uxCurrentNumberOfTasks                   0x20000034   Data           4  tasks.o(.data)
    xTickCount                               0x20000038   Data           4  tasks.o(.data)
    uxTopReadyPriority                       0x2000003c   Data           4  tasks.o(.data)
    xSchedulerRunning                        0x20000040   Data           4  tasks.o(.data)
    uxPendedTicks                            0x20000044   Data           4  tasks.o(.data)
    xYieldPending                            0x20000048   Data           4  tasks.o(.data)
    xNumOfOverflows                          0x2000004c   Data           4  tasks.o(.data)
    uxTaskNumber                             0x20000050   Data           4  tasks.o(.data)
    xNextTaskUnblockTime                     0x20000054   Data           4  tasks.o(.data)
    uxSchedulerSuspended                     0x20000058   Data           4  tasks.o(.data)
    pxDelayedTaskList                        0x2000005c   Data           4  tasks.o(.data)
    pxOverflowDelayedTaskList                0x20000060   Data           4  tasks.o(.data)
    .data                                    0x20000064   Section        4  uart.o(.data)
    IsRxcpltFlag_b                           0x20000064   Data           1  uart.o(.data)
    Rx_data                                  0x20000066   Data           2  uart.o(.data)
    .data                                    0x20000068   Section        4  adc.o(.data)
    IsFilterDone                             0x20000069   Data           1  adc.o(.data)
    EleBuffIndex                             0x2000006a   Data           1  adc.o(.data)
    .data                                    0x2000006c   Section        4  diagcom.o(.data)
    .data                                    0x20000070   Section        4  main.o(.data)
    .data                                    0x20000074   Section        4  stdout.o(.data)
    .data                                    0x20000078   Section        4  errno.o(.data)
    _errno                                   0x20000078   Data           4  errno.o(.data)
    .bss                                     0x2000007c   Section       32  stm32f4xx_hal_flash.o(.bss)
    .bss                                     0x2000009c   Section    15360  heap_4.o(.bss)
    ucHeap                                   0x2000009c   Data       15360  heap_4.o(.bss)
    .bss                                     0x20003c9c   Section      240  tasks.o(.bss)
    pxReadyTasksLists                        0x20003c9c   Data         140  tasks.o(.bss)
    xDelayedTaskList1                        0x20003d28   Data          20  tasks.o(.bss)
    xDelayedTaskList2                        0x20003d3c   Data          20  tasks.o(.bss)
    xPendingReadyList                        0x20003d50   Data          20  tasks.o(.bss)
    xTasksWaitingTermination                 0x20003d64   Data          20  tasks.o(.bss)
    xSuspendedTaskList                       0x20003d78   Data          20  tasks.o(.bss)
    .bss                                     0x20003d8c   Section      114  uart.o(.bss)
    Rx_Buffer                                0x20003dcc   Data          50  uart.o(.bss)
    .bss                                     0x20003e00   Section      280  adc.o(.bss)
    ADCSensorBlackUpperThres                 0x20003e90   Data          16  adc.o(.bss)
    ADCSensorWhiteLowerThres                 0x20003ea0   Data          16  adc.o(.bss)
    .bss                                     0x20003f18   Section      120  pwm.o(.bss)
    .bss                                     0x20003f90   Section       60  timer.o(.bss)
    .bss                                     0x20003fcc   Section       25  esp8266.o(.bss)
    Rx_Buffer_cp                             0x20003fcc   Data          25  esp8266.o(.bss)
    STACK                                    0x20003fe8   Section     1024  startup_stm32f407xx.o(STACK)

    Global Symbols

    Symbol Name                              Value     Ov Type        Size  Object(Section)

    BuildAttributes$$THM_ISAv4$E$P$D$K$B$S$7EM$VFPi3$EXTD16$VFPS$VFMA$PE$A:L22UL41UL21$X:L11$S22US41US21$IEEE1$IW$USESV6$~STKCKD$USESV7$~SHL$OTIME$ROPI$EBA8$MICROLIB$REQ8$PRES8$EABIv2 0x00000000   Number         0  anon$$obj.o ABSOLUTE
    __ARM_use_no_argv                        0x00000000   Number         0  main.o ABSOLUTE
    _printf_a                                0x00000000   Number         0  stubs.o ABSOLUTE
    _printf_c                                0x00000000   Number         0  stubs.o ABSOLUTE
    _printf_charcount                        0x00000000   Number         0  stubs.o ABSOLUTE
    _printf_d                                0x00000000   Number         0  stubs.o ABSOLUTE
    _printf_e                                0x00000000   Number         0  stubs.o ABSOLUTE
    _printf_f                                0x00000000   Number         0  stubs.o ABSOLUTE
    _printf_flags                            0x00000000   Number         0  stubs.o ABSOLUTE
    _printf_fp_dec                           0x00000000   Number         0  stubs.o ABSOLUTE
    _printf_fp_hex                           0x00000000   Number         0  stubs.o ABSOLUTE
    _printf_g                                0x00000000   Number         0  stubs.o ABSOLUTE
    _printf_i                                0x00000000   Number         0  stubs.o ABSOLUTE
    _printf_int_dec                          0x00000000   Number         0  stubs.o ABSOLUTE
    _printf_l                                0x00000000   Number         0  stubs.o ABSOLUTE
    _printf_lc                               0x00000000   Number         0  stubs.o ABSOLUTE
    _printf_ll                               0x00000000   Number         0  stubs.o ABSOLUTE
    _printf_lld                              0x00000000   Number         0  stubs.o ABSOLUTE
    _printf_lli                              0x00000000   Number         0  stubs.o ABSOLUTE
    _printf_llo                              0x00000000   Number         0  stubs.o ABSOLUTE
    _printf_llu                              0x00000000   Number         0  stubs.o ABSOLUTE
    _printf_llx                              0x00000000   Number         0  stubs.o ABSOLUTE
    _printf_longlong_dec                     0x00000000   Number         0  stubs.o ABSOLUTE
    _printf_longlong_hex                     0x00000000   Number         0  stubs.o ABSOLUTE
    _printf_longlong_oct                     0x00000000   Number         0  stubs.o ABSOLUTE
    _printf_ls                               0x00000000   Number         0  stubs.o ABSOLUTE
    _printf_mbtowc                           0x00000000   Number         0  stubs.o ABSOLUTE
    _printf_n                                0x00000000   Number         0  stubs.o ABSOLUTE
    _printf_o                                0x00000000   Number         0  stubs.o ABSOLUTE
    _printf_p                                0x00000000   Number         0  stubs.o ABSOLUTE
    _printf_percent                          0x00000000   Number         0  stubs.o ABSOLUTE
    _printf_pre_padding                      0x00000000   Number         0  stubs.o ABSOLUTE
    _printf_return_value                     0x00000000   Number         0  stubs.o ABSOLUTE
    _printf_s                                0x00000000   Number         0  stubs.o ABSOLUTE
    _printf_sizespec                         0x00000000   Number         0  stubs.o ABSOLUTE
    _printf_str                              0x00000000   Number         0  stubs.o ABSOLUTE
    _printf_truncate_signed                  0x00000000   Number         0  stubs.o ABSOLUTE
    _printf_truncate_unsigned                0x00000000   Number         0  stubs.o ABSOLUTE
    _printf_u                                0x00000000   Number         0  stubs.o ABSOLUTE
    _printf_wc                               0x00000000   Number         0  stubs.o ABSOLUTE
    _printf_wctomb                           0x00000000   Number         0  stubs.o ABSOLUTE
    _printf_widthprec                        0x00000000   Number         0  stubs.o ABSOLUTE
    _printf_x                                0x00000000   Number         0  stubs.o ABSOLUTE
    __cpp_initialize__aeabi_                  - Undefined Weak Reference
    __cxa_finalize                            - Undefined Weak Reference
    __decompress                              - Undefined Weak Reference
    _clock_init                               - Undefined Weak Reference
    _microlib_exit                            - Undefined Weak Reference
    __Vectors_Size                           0x00000188   Number         0  startup_stm32f407xx.o ABSOLUTE
    __Vectors                                0x08000000   Data           4  startup_stm32f407xx.o(RESET)
    __Vectors_End                            0x08000188   Data           0  startup_stm32f407xx.o(RESET)
    __main                                   0x08000189   Thumb Code     0  entry.o(.ARM.Collect$$$$00000000)
    _main_stk                                0x08000189   Thumb Code     0  entry2.o(.ARM.Collect$$$$00000001)
    _main_scatterload                        0x0800018d   Thumb Code     0  entry5.o(.ARM.Collect$$$$00000004)
    __main_after_scatterload                 0x08000191   Thumb Code     0  entry5.o(.ARM.Collect$$$$00000004)
    _main_clock                              0x08000191   Thumb Code     0  entry7b.o(.ARM.Collect$$$$00000008)
    _main_cpp_init                           0x08000191   Thumb Code     0  entry8b.o(.ARM.Collect$$$$0000000A)
    _main_init                               0x08000191   Thumb Code     0  entry9a.o(.ARM.Collect$$$$0000000B)
    __rt_final_cpp                           0x08000199   Thumb Code     0  entry10a.o(.ARM.Collect$$$$0000000D)
    __rt_final_exit                          0x08000199   Thumb Code     0  entry11a.o(.ARM.Collect$$$$0000000F)
    SVC_Handler                              0x0800019d   Thumb Code    28  port.o(.emb_text)
    __asm___6_port_c_39a90d8d__prvStartFirstTask 0x080001bd   Thumb Code    28  port.o(.emb_text)
    __asm___6_port_c_39a90d8d__prvEnableVFP  0x080001dd   Thumb Code    16  port.o(.emb_text)
    PendSV_Handler                           0x080001f1   Thumb Code    92  port.o(.emb_text)
    vPortGetIPSR                             0x08000251   Thumb Code     6  port.o(.emb_text)
    Reset_Handler                            0x08000259   Thumb Code     8  startup_stm32f407xx.o(.text)
    NMI_Handler                              0x08000261   Thumb Code     2  startup_stm32f407xx.o(.text)
    HardFault_Handler                        0x08000263   Thumb Code     2  startup_stm32f407xx.o(.text)
    MemManage_Handler                        0x08000265   Thumb Code     2  startup_stm32f407xx.o(.text)
    BusFault_Handler                         0x08000267   Thumb Code     2  startup_stm32f407xx.o(.text)
    UsageFault_Handler                       0x08000269   Thumb Code     2  startup_stm32f407xx.o(.text)
    DebugMon_Handler                         0x0800026d   Thumb Code     2  startup_stm32f407xx.o(.text)
    ADC_IRQHandler                           0x08000273   Thumb Code     0  startup_stm32f407xx.o(.text)
    CAN1_RX0_IRQHandler                      0x08000273   Thumb Code     0  startup_stm32f407xx.o(.text)
    CAN1_RX1_IRQHandler                      0x08000273   Thumb Code     0  startup_stm32f407xx.o(.text)
    CAN1_SCE_IRQHandler                      0x08000273   Thumb Code     0  startup_stm32f407xx.o(.text)
    CAN1_TX_IRQHandler                       0x08000273   Thumb Code     0  startup_stm32f407xx.o(.text)
    CAN2_RX0_IRQHandler                      0x08000273   Thumb Code     0  startup_stm32f407xx.o(.text)
    CAN2_RX1_IRQHandler                      0x08000273   Thumb Code     0  startup_stm32f407xx.o(.text)
    CAN2_SCE_IRQHandler                      0x08000273   Thumb Code     0  startup_stm32f407xx.o(.text)
    CAN2_TX_IRQHandler                       0x08000273   Thumb Code     0  startup_stm32f407xx.o(.text)
    DCMI_IRQHandler                          0x08000273   Thumb Code     0  startup_stm32f407xx.o(.text)
    DMA1_Stream0_IRQHandler                  0x08000273   Thumb Code     0  startup_stm32f407xx.o(.text)
    DMA1_Stream1_IRQHandler                  0x08000273   Thumb Code     0  startup_stm32f407xx.o(.text)
    DMA1_Stream2_IRQHandler                  0x08000273   Thumb Code     0  startup_stm32f407xx.o(.text)
    DMA1_Stream3_IRQHandler                  0x08000273   Thumb Code     0  startup_stm32f407xx.o(.text)
    DMA1_Stream4_IRQHandler                  0x08000273   Thumb Code     0  startup_stm32f407xx.o(.text)
    DMA1_Stream5_IRQHandler                  0x08000273   Thumb Code     0  startup_stm32f407xx.o(.text)
    DMA1_Stream6_IRQHandler                  0x08000273   Thumb Code     0  startup_stm32f407xx.o(.text)
    DMA1_Stream7_IRQHandler                  0x08000273   Thumb Code     0  startup_stm32f407xx.o(.text)
    DMA2_Stream0_IRQHandler                  0x08000273   Thumb Code     0  startup_stm32f407xx.o(.text)
    DMA2_Stream1_IRQHandler                  0x08000273   Thumb Code     0  startup_stm32f407xx.o(.text)
    DMA2_Stream2_IRQHandler                  0x08000273   Thumb Code     0  startup_stm32f407xx.o(.text)
    DMA2_Stream3_IRQHandler                  0x08000273   Thumb Code     0  startup_stm32f407xx.o(.text)
    DMA2_Stream4_IRQHandler                  0x08000273   Thumb Code     0  startup_stm32f407xx.o(.text)
    DMA2_Stream5_IRQHandler                  0x08000273   Thumb Code     0  startup_stm32f407xx.o(.text)
    DMA2_Stream6_IRQHandler                  0x08000273   Thumb Code     0  startup_stm32f407xx.o(.text)
    DMA2_Stream7_IRQHandler                  0x08000273   Thumb Code     0  startup_stm32f407xx.o(.text)
    ETH_IRQHandler                           0x08000273   Thumb Code     0  startup_stm32f407xx.o(.text)
    ETH_WKUP_IRQHandler                      0x08000273   Thumb Code     0  startup_stm32f407xx.o(.text)
    EXTI0_IRQHandler                         0x08000273   Thumb Code     0  startup_stm32f407xx.o(.text)
    EXTI15_10_IRQHandler                     0x08000273   Thumb Code     0  startup_stm32f407xx.o(.text)
    EXTI1_IRQHandler                         0x08000273   Thumb Code     0  startup_stm32f407xx.o(.text)
    EXTI2_IRQHandler                         0x08000273   Thumb Code     0  startup_stm32f407xx.o(.text)
    EXTI3_IRQHandler                         0x08000273   Thumb Code     0  startup_stm32f407xx.o(.text)
    EXTI4_IRQHandler                         0x08000273   Thumb Code     0  startup_stm32f407xx.o(.text)
    EXTI9_5_IRQHandler                       0x08000273   Thumb Code     0  startup_stm32f407xx.o(.text)
    FLASH_IRQHandler                         0x08000273   Thumb Code     0  startup_stm32f407xx.o(.text)
    FMC_IRQHandler                           0x08000273   Thumb Code     0  startup_stm32f407xx.o(.text)
    FPU_IRQHandler                           0x08000273   Thumb Code     0  startup_stm32f407xx.o(.text)
    HASH_RNG_IRQHandler                      0x08000273   Thumb Code     0  startup_stm32f407xx.o(.text)
    I2C1_ER_IRQHandler                       0x08000273   Thumb Code     0  startup_stm32f407xx.o(.text)
    I2C1_EV_IRQHandler                       0x08000273   Thumb Code     0  startup_stm32f407xx.o(.text)
    I2C2_ER_IRQHandler                       0x08000273   Thumb Code     0  startup_stm32f407xx.o(.text)
    I2C2_EV_IRQHandler                       0x08000273   Thumb Code     0  startup_stm32f407xx.o(.text)
    I2C3_ER_IRQHandler                       0x08000273   Thumb Code     0  startup_stm32f407xx.o(.text)
    I2C3_EV_IRQHandler                       0x08000273   Thumb Code     0  startup_stm32f407xx.o(.text)
    OTG_FS_IRQHandler                        0x08000273   Thumb Code     0  startup_stm32f407xx.o(.text)
    OTG_FS_WKUP_IRQHandler                   0x08000273   Thumb Code     0  startup_stm32f407xx.o(.text)
    OTG_HS_EP1_IN_IRQHandler                 0x08000273   Thumb Code     0  startup_stm32f407xx.o(.text)
    OTG_HS_EP1_OUT_IRQHandler                0x08000273   Thumb Code     0  startup_stm32f407xx.o(.text)
    OTG_HS_IRQHandler                        0x08000273   Thumb Code     0  startup_stm32f407xx.o(.text)
    OTG_HS_WKUP_IRQHandler                   0x08000273   Thumb Code     0  startup_stm32f407xx.o(.text)
    PVD_IRQHandler                           0x08000273   Thumb Code     0  startup_stm32f407xx.o(.text)
    RCC_IRQHandler                           0x08000273   Thumb Code     0  startup_stm32f407xx.o(.text)
    RTC_Alarm_IRQHandler                     0x08000273   Thumb Code     0  startup_stm32f407xx.o(.text)
    RTC_WKUP_IRQHandler                      0x08000273   Thumb Code     0  startup_stm32f407xx.o(.text)
    SDIO_IRQHandler                          0x08000273   Thumb Code     0  startup_stm32f407xx.o(.text)
    SPI1_IRQHandler                          0x08000273   Thumb Code     0  startup_stm32f407xx.o(.text)
    SPI2_IRQHandler                          0x08000273   Thumb Code     0  startup_stm32f407xx.o(.text)
    SPI3_IRQHandler                          0x08000273   Thumb Code     0  startup_stm32f407xx.o(.text)
    TAMP_STAMP_IRQHandler                    0x08000273   Thumb Code     0  startup_stm32f407xx.o(.text)
    TIM1_BRK_TIM9_IRQHandler                 0x08000273   Thumb Code     0  startup_stm32f407xx.o(.text)
    TIM1_CC_IRQHandler                       0x08000273   Thumb Code     0  startup_stm32f407xx.o(.text)
    TIM1_TRG_COM_TIM11_IRQHandler            0x08000273   Thumb Code     0  startup_stm32f407xx.o(.text)
    TIM1_UP_TIM10_IRQHandler                 0x08000273   Thumb Code     0  startup_stm32f407xx.o(.text)
    TIM2_IRQHandler                          0x08000273   Thumb Code     0  startup_stm32f407xx.o(.text)
    TIM3_IRQHandler                          0x08000273   Thumb Code     0  startup_stm32f407xx.o(.text)
    TIM4_IRQHandler                          0x08000273   Thumb Code     0  startup_stm32f407xx.o(.text)
    TIM5_IRQHandler                          0x08000273   Thumb Code     0  startup_stm32f407xx.o(.text)
    TIM7_IRQHandler                          0x08000273   Thumb Code     0  startup_stm32f407xx.o(.text)
    TIM8_BRK_TIM12_IRQHandler                0x08000273   Thumb Code     0  startup_stm32f407xx.o(.text)
    TIM8_CC_IRQHandler                       0x08000273   Thumb Code     0  startup_stm32f407xx.o(.text)
    TIM8_TRG_COM_TIM14_IRQHandler            0x08000273   Thumb Code     0  startup_stm32f407xx.o(.text)
    TIM8_UP_TIM13_IRQHandler                 0x08000273   Thumb Code     0  startup_stm32f407xx.o(.text)
    UART4_IRQHandler                         0x08000273   Thumb Code     0  startup_stm32f407xx.o(.text)
    UART5_IRQHandler                         0x08000273   Thumb Code     0  startup_stm32f407xx.o(.text)
    USART1_IRQHandler                        0x08000273   Thumb Code     0  startup_stm32f407xx.o(.text)
    USART3_IRQHandler                        0x08000273   Thumb Code     0  startup_stm32f407xx.o(.text)
    USART6_IRQHandler                        0x08000273   Thumb Code     0  startup_stm32f407xx.o(.text)
    WWDG_IRQHandler                          0x08000273   Thumb Code     0  startup_stm32f407xx.o(.text)
    __aeabi_memcpy                           0x0800027d   Thumb Code    36  memcpya.o(.text)
    __aeabi_memcpy4                          0x0800027d   Thumb Code     0  memcpya.o(.text)
    __aeabi_memcpy8                          0x0800027d   Thumb Code     0  memcpya.o(.text)
    __aeabi_memset                           0x080002a1   Thumb Code    14  memseta.o(.text)
    __aeabi_memset4                          0x080002a1   Thumb Code     0  memseta.o(.text)
    __aeabi_memset8                          0x080002a1   Thumb Code     0  memseta.o(.text)
    __aeabi_memclr                           0x080002af   Thumb Code     4  memseta.o(.text)
    __aeabi_memclr4                          0x080002af   Thumb Code     0  memseta.o(.text)
    __aeabi_memclr8                          0x080002af   Thumb Code     0  memseta.o(.text)
    _memset$wrapper                          0x080002b3   Thumb Code    18  memseta.o(.text)
    strcpy                                   0x080002c5   Thumb Code    18  strcpy.o(.text)
    atoi                                     0x080002d7   Thumb Code    26  atoi.o(.text)
    __aeabi_uidiv                            0x080002f1   Thumb Code     0  uidiv.o(.text)
    __aeabi_uidivmod                         0x080002f1   Thumb Code    44  uidiv.o(.text)
    strtol                                   0x0800031d   Thumb Code   112  strtol.o(.text)
    __scatterload                            0x0800038d   Thumb Code    28  init.o(.text)
    __scatterload_rt2                        0x0800038d   Thumb Code     0  init.o(.text)
    __rt_ctype_table                         0x080003b1   Thumb Code     4  ctype_o.o(.text)
    _strtoul                                 0x080003b9   Thumb Code   158  _strtoul.o(.text)
    _chval                                   0x08000457   Thumb Code    28  _chval.o(.text)
    ADCSensorMaincyclic                      0x08000475   Thumb Code    20  adc.o(i.ADCSensorMaincyclic)
    BL_ADCInit                               0x080005c5   Thumb Code    94  adc.o(i.BL_ADCInit)
    BL_SystemInit                            0x0800062d   Thumb Code    54  bl_systeminit.o(i.BL_SystemInit)
    CheckRequestPrecondition                 0x08000669   Thumb Code    40  diagcom.o(i.CheckRequestPrecondition)
    CheckTimestampElapsed                    0x08000695   Thumb Code    24  timer.o(i.CheckTimestampElapsed)
    ClearRxBuffer                            0x080006ad   Thumb Code    18  uart.o(i.ClearRxBuffer)
    Error_Handler                            0x080006d3   Thumb Code     2  dem.o(i.Error_Handler)
    Esp8266ConfigurationHandler              0x080006d5   Thumb Code    20  diagcom.o(i.Esp8266ConfigurationHandler)
    FLASH_WaitForLastOperation               0x0800080d   Thumb Code    88  stm32f4xx_hal_flash.o(i.FLASH_WaitForLastOperation)
    FlowcontrolADCHandler                    0x0800086d   Thumb Code    66  diagcom.o(i.FlowcontrolADCHandler)
    GetCommandfromQueue                      0x080008c1   Thumb Code   152  diagcom.o(i.GetCommandfromQueue)
    GetCurrentTimestamp                      0x08000961   Thumb Code    12  timer.o(i.GetCurrentTimestamp)
    GetDataRXcomplete                        0x0800096d   Thumb Code    58  uart.o(i.GetDataRXcomplete)
    HAL_ADC_ConfigChannel                    0x080009b5   Thumb Code   362  stm32f4xx_hal_adc.o(i.HAL_ADC_ConfigChannel)
    HAL_ADC_GetValue                         0x08000b2d   Thumb Code     6  stm32f4xx_hal_adc.o(i.HAL_ADC_GetValue)
    HAL_ADC_Init                             0x08000b33   Thumb Code    86  stm32f4xx_hal_adc.o(i.HAL_ADC_Init)
    HAL_ADC_MspInit                          0x08000b89   Thumb Code   104  stm32f4xx_hal_msp.o(i.HAL_ADC_MspInit)
    HAL_ADC_PollForConversion                0x08000c01   Thumb Code   186  stm32f4xx_hal_adc.o(i.HAL_ADC_PollForConversion)
    HAL_ADC_Start                            0x08000cbd   Thumb Code   216  stm32f4xx_hal_adc.o(i.HAL_ADC_Start)
    HAL_ADC_Stop                             0x08000da1   Thumb Code    62  stm32f4xx_hal_adc.o(i.HAL_ADC_Stop)
    HAL_DMA_Abort_IT                         0x08000ddf   Thumb Code    36  stm32f4xx_hal_dma.o(i.HAL_DMA_Abort_IT)
    HAL_Delay                                0x08000e03   Thumb Code    22  stm32f4xx_hal.o(i.HAL_Delay)
    HAL_FLASH_Lock                           0x08000e19   Thumb Code    14  stm32f4xx_hal_flash.o(i.HAL_FLASH_Lock)
    HAL_FLASH_Program                        0x08000e2d   Thumb Code   118  stm32f4xx_hal_flash.o(i.HAL_FLASH_Program)
    HAL_FLASH_Unlock                         0x08000ead   Thumb Code    28  stm32f4xx_hal_flash.o(i.HAL_FLASH_Unlock)
    HAL_GPIO_Init                            0x08000ed9   Thumb Code   490  stm32f4xx_hal_gpio.o(i.HAL_GPIO_Init)
    HAL_GPIO_TogglePin                       0x080010d9   Thumb Code     8  stm32f4xx_hal_gpio.o(i.HAL_GPIO_TogglePin)
    HAL_GPIO_WritePin                        0x080010e1   Thumb Code    14  stm32f4xx_hal_gpio.o(i.HAL_GPIO_WritePin)
    HAL_GetTick                              0x080010f1   Thumb Code     6  stm32f4xx_hal.o(i.HAL_GetTick)
    HAL_IncTick                              0x080010fd   Thumb Code    10  stm32f4xx_hal.o(i.HAL_IncTick)
    HAL_Init                                 0x0800110d   Thumb Code    48  stm32f4xx_hal.o(i.HAL_Init)
    HAL_InitTick                             0x08001141   Thumb Code    34  stm32f4xx_hal.o(i.HAL_InitTick)
    HAL_MspInit                              0x08001169   Thumb Code    88  stm32f4xx_hal_msp.o(i.HAL_MspInit)
    HAL_NVIC_EnableIRQ                       0x080011c1   Thumb Code    24  stm32f4xx_hal_cortex.o(i.HAL_NVIC_EnableIRQ)
    HAL_NVIC_SetPriority                     0x080011d9   Thumb Code    98  stm32f4xx_hal_cortex.o(i.HAL_NVIC_SetPriority)
    HAL_NVIC_SetPriorityGrouping             0x08001241   Thumb Code    30  stm32f4xx_hal_cortex.o(i.HAL_NVIC_SetPriorityGrouping)
    HAL_RCC_ClockConfig                      0x08001265   Thumb Code   474  stm32f4xx_hal_rcc.o(i.HAL_RCC_ClockConfig)
    HAL_RCC_GetHCLKFreq                      0x08001455   Thumb Code     6  stm32f4xx_hal_rcc.o(i.HAL_RCC_GetHCLKFreq)
    HAL_RCC_GetPCLK1Freq                     0x08001461   Thumb Code    36  stm32f4xx_hal_rcc.o(i.HAL_RCC_GetPCLK1Freq)
    HAL_RCC_GetPCLK2Freq                     0x0800148d   Thumb Code    36  stm32f4xx_hal_rcc.o(i.HAL_RCC_GetPCLK2Freq)
    HAL_RCC_GetSysClockFreq                  0x080014b9   Thumb Code   126  stm32f4xx_hal_rcc.o(i.HAL_RCC_GetSysClockFreq)
    HAL_RCC_OscConfig                        0x08001545   Thumb Code  1058  stm32f4xx_hal_rcc.o(i.HAL_RCC_OscConfig)
    HAL_SYSTICK_CLKSourceConfig              0x08001985   Thumb Code    28  stm32f4xx_hal_cortex.o(i.HAL_SYSTICK_CLKSourceConfig)
    HAL_SYSTICK_Config                       0x080019a1   Thumb Code    36  stm32f4xx_hal_cortex.o(i.HAL_SYSTICK_Config)
    HAL_TIMEx_BreakCallback                  0x080019c9   Thumb Code     2  stm32f4xx_hal_tim_ex.o(i.HAL_TIMEx_BreakCallback)
    HAL_TIMEx_CommutationCallback            0x080019cb   Thumb Code     2  stm32f4xx_hal_tim_ex.o(i.HAL_TIMEx_CommutationCallback)
    HAL_TIMEx_ConfigBreakDeadTime            0x080019cd   Thumb Code    92  stm32f4xx_hal_tim_ex.o(i.HAL_TIMEx_ConfigBreakDeadTime)
    HAL_TIMEx_MasterConfigSynchronization    0x08001a29   Thumb Code   102  stm32f4xx_hal_tim_ex.o(i.HAL_TIMEx_MasterConfigSynchronization)
    HAL_TIM_Base_Start_IT                    0x08001a8f   Thumb Code    24  stm32f4xx_hal_tim.o(i.HAL_TIM_Base_Start_IT)
    HAL_TIM_IC_CaptureCallback               0x08001aa7   Thumb Code     2  stm32f4xx_hal_tim.o(i.HAL_TIM_IC_CaptureCallback)
    HAL_TIM_IRQHandler                       0x08001aa9   Thumb Code   372  stm32f4xx_hal_tim.o(i.HAL_TIM_IRQHandler)
    HAL_TIM_MspPostInit                      0x08001c1d   Thumb Code    68  pwm.o(i.HAL_TIM_MspPostInit)
    HAL_TIM_OC_DelayElapsedCallback          0x08001c71   Thumb Code     2  stm32f4xx_hal_tim.o(i.HAL_TIM_OC_DelayElapsedCallback)
    HAL_TIM_PWM_ConfigChannel                0x08001c73   Thumb Code   220  stm32f4xx_hal_tim.o(i.HAL_TIM_PWM_ConfigChannel)
    HAL_TIM_PWM_Init                         0x08001d4f   Thumb Code    56  stm32f4xx_hal_tim.o(i.HAL_TIM_PWM_Init)
    HAL_TIM_PWM_MspInit                      0x08001d89   Thumb Code    64  stm32f4xx_hal_msp.o(i.HAL_TIM_PWM_MspInit)
    HAL_TIM_PWM_PulseFinishedCallback        0x08001dd1   Thumb Code     2  stm32f4xx_hal_tim.o(i.HAL_TIM_PWM_PulseFinishedCallback)
    HAL_TIM_PWM_Start                        0x08001dd3   Thumb Code    52  stm32f4xx_hal_tim.o(i.HAL_TIM_PWM_Start)
    HAL_TIM_PeriodElapsedCallback            0x08001e09   Thumb Code    18  timer.o(i.HAL_TIM_PeriodElapsedCallback)
    HAL_TIM_TriggerCallback                  0x08001e25   Thumb Code     2  stm32f4xx_hal_tim.o(i.HAL_TIM_TriggerCallback)
    HAL_UART_ErrorCallback                   0x08001e27   Thumb Code     2  stm32f4xx_hal_uart.o(i.HAL_UART_ErrorCallback)
    HAL_UART_IRQHandler                      0x08001e29   Thumb Code   306  stm32f4xx_hal_uart.o(i.HAL_UART_IRQHandler)
    HAL_UART_Init                            0x08001f61   Thumb Code   100  stm32f4xx_hal_uart.o(i.HAL_UART_Init)
    HAL_UART_MspInit                         0x08001fc5   Thumb Code    82  stm32f4xx_hal_msp.o(i.HAL_UART_MspInit)
    HAL_UART_Receive_IT                      0x08002021   Thumb Code    76  stm32f4xx_hal_uart.o(i.HAL_UART_Receive_IT)
    HAL_UART_RxCpltCallback                  0x0800206d   Thumb Code   100  uart.o(i.HAL_UART_RxCpltCallback)
    HAL_UART_Transmit                        0x080020dd   Thumb Code   220  stm32f4xx_hal_uart.o(i.HAL_UART_Transmit)
    HAL_UART_TxCpltCallback                  0x080021b9   Thumb Code     2  stm32f4xx_hal_uart.o(i.HAL_UART_TxCpltCallback)
    InitESp8266                              0x080021bd   Thumb Code   126  esp8266.o(i.InitESp8266)
    InitPwm2Motors                           0x080022b1   Thumb Code    54  pwm.o(i.InitPwm2Motors)
    InitRCServo                              0x080022f1   Thumb Code    18  pwm.o(i.InitRCServo)
    LearnSensorThresRequest                  0x08002309   Thumb Code    34  diagcom.o(i.LearnSensorThresRequest)
    MX_GPIO_Init                             0x0800238d   Thumb Code   414  gpio.o(i.MX_GPIO_Init)
    MX_USART_UART_Init                       0x0800264d   Thumb Code    48  uart.o(i.MX_USART_UART_Init)
    ProcessDiagserviceCyclicMain             0x08002689   Thumb Code    76  diagcom.o(i.ProcessDiagserviceCyclicMain)
    ReadADCThreshold                         0x0800275d   Thumb Code    30  flash.o(i.ReadADCThreshold)
    ReadAllRawSensorfromLine                 0x08002781   Thumb Code   100  adc.o(i.ReadAllRawSensorfromLine)
    ReadSensor                               0x080027f1   Thumb Code    66  adc.o(i.ReadSensor)
    SaveADCThreshold2NVM                     0x08002835   Thumb Code    92  flash.o(i.SaveADCThreshold2NVM)
    SensorThresCalib                         0x08002895   Thumb Code   234  adc.o(i.SensorThresCalib)
    Start10msTask                            0x0800298d   Thumb Code    12  main.o(i.Start10msTask)
    StartDefaultTask                         0x08002999   Thumb Code    10  main.o(i.StartDefaultTask)
    StartUserTask                            0x080029a3   Thumb Code    14  main.o(i.StartUserTask)
    SysTick_Handler                          0x080029b1   Thumb Code    14  stm32f4xx_it.o(i.SysTick_Handler)
    SystemClock_Config                       0x080029c1   Thumb Code   156  bl_systeminit.o(i.SystemClock_Config)
    SystemInit                               0x08002a65   Thumb Code    64  system_stm32f4xx.o(i.SystemInit)
    TIM6_DAC_IRQHandler                      0x08002abd   Thumb Code    18  timer.o(i.TIM6_DAC_IRQHandler)
    TIM_Base_SetConfig                       0x08002ad5   Thumb Code   158  stm32f4xx_hal_tim.o(i.TIM_Base_SetConfig)
    TIM_CCxChannelCmd                        0x08002b89   Thumb Code    26  stm32f4xx_hal_tim.o(i.TIM_CCxChannelCmd)
    TIM_OC2_SetConfig                        0x08002c07   Thumb Code   108  stm32f4xx_hal_tim.o(i.TIM_OC2_SetConfig)
    USART2_IRQHandler                        0x08003231   Thumb Code     6  uart.o(i.USART2_IRQHandler)
    __0printf$3                              0x0800323d   Thumb Code    22  printf3.o(i.__0printf$3)
    __1printf$3                              0x0800323d   Thumb Code     0  printf3.o(i.__0printf$3)
    __2printf                                0x0800323d   Thumb Code     0  printf3.o(i.__0printf$3)
    __aeabi_errno_addr                       0x0800325d   Thumb Code     4  errno.o(i.__aeabi_errno_addr)
    __rt_errno_addr                          0x0800325d   Thumb Code     0  errno.o(i.__aeabi_errno_addr)
    __scatterload_copy                       0x08003265   Thumb Code    14  handlers.o(i.__scatterload_copy)
    __scatterload_null                       0x08003273   Thumb Code     2  handlers.o(i.__scatterload_null)
    __scatterload_zeroinit                   0x08003275   Thumb Code    14  handlers.o(i.__scatterload_zeroinit)
    fputc                                    0x0800343d   Thumb Code    18  uart.o(i.fputc)
    main                                     0x08003455   Thumb Code   104  main.o(i.main)
    osDelay                                  0x080034d1   Thumb Code    16  cmsis_os.o(i.osDelay)
    osKernelStart                            0x080034e1   Thumb Code    10  cmsis_os.o(i.osKernelStart)
    osSystickHandler                         0x080034eb   Thumb Code    20  cmsis_os.o(i.osSystickHandler)
    osThreadCreate                           0x080034ff   Thumb Code    58  cmsis_os.o(i.osThreadCreate)
    pvPortMalloc                             0x080037f1   Thumb Code   218  heap_4.o(i.pvPortMalloc)
    pxPortInitialiseStack                    0x080038d5   Thumb Code    34  port.o(i.pxPortInitialiseStack)
    uxListRemove                             0x080038fd   Thumb Code    36  list.o(i.uxListRemove)
    vApplicationStackOverflowHook            0x08003921   Thumb Code     2  freertos.o(i.vApplicationStackOverflowHook)
    vListInitialise                          0x08003923   Thumb Code    22  list.o(i.vListInitialise)
    vListInitialiseItem                      0x08003939   Thumb Code     6  list.o(i.vListInitialiseItem)
    vListInsert                              0x0800393f   Thumb Code    54  list.o(i.vListInsert)
    vListInsertEnd                           0x08003975   Thumb Code    24  list.o(i.vListInsertEnd)
    vPortEnterCritical                       0x0800398d   Thumb Code    54  port.o(i.vPortEnterCritical)
    vPortExitCritical                        0x080039cd   Thumb Code    38  port.o(i.vPortExitCritical)
    vPortFree                                0x080039f9   Thumb Code    88  heap_4.o(i.vPortFree)
    vPortSetupTimerInterrupt                 0x08003a55   Thumb Code    26  port.o(i.vPortSetupTimerInterrupt)
    vTaskDelay                               0x08003a75   Thumb Code   102  tasks.o(i.vTaskDelay)
    vTaskStartScheduler                      0x08003ae5   Thumb Code    92  tasks.o(i.vTaskStartScheduler)
    vTaskSuspendAll                          0x08003b51   Thumb Code    10  tasks.o(i.vTaskSuspendAll)
    vTaskSwitchContext                       0x08003b61   Thumb Code   112  tasks.o(i.vTaskSwitchContext)
    xPortStartScheduler                      0x08003bd9   Thumb Code   214  port.o(i.xPortStartScheduler)
    xPortSysTickHandler                      0x08003ccd   Thumb Code    38  port.o(i.xPortSysTickHandler)
    xTaskGenericCreate                       0x08003cf9   Thumb Code   252  tasks.o(i.xTaskGenericCreate)
    xTaskGetSchedulerState                   0x08003e01   Thumb Code    24  tasks.o(i.xTaskGetSchedulerState)
    xTaskIncrementTick                       0x08003e1d   Thumb Code   202  tasks.o(i.xTaskIncrementTick)
    xTaskResumeAll                           0x08003ef1   Thumb Code   188  tasks.o(i.xTaskResumeAll)
    APBAHBPrescTable                         0x08003fb8   Data          16  stm32f4xx_hal_rcc.o(.constdata)
    SensorChannelADC1tbl                     0x08003fc8   Data          32  adc.o(.constdata)
    DIDConfigtbl                             0x08003fe8   Data          24  diagcom.o(.constdata)
    __ctype_table                            0x0800403c   Data         129  ctype_o.o(.constdata)
    Region$$Table$$Base                      0x080040e8   Number         0  anon$$obj.o(Region$$Table)
    Region$$Table$$Limit                     0x08004108   Number         0  anon$$obj.o(Region$$Table)
    uwTick                                   0x20000000   Data           4  stm32f4xx_hal.o(.data)
    SystemCoreClock                          0x20000004   Data           4  system_stm32f4xx.o(.data)
    pxCurrentTCB                             0x2000002c   Data           4  tasks.o(.data)
    Rx_indx                                  0x20000065   Data           1  uart.o(.data)
    ADCSensorRunmode                         0x20000068   Data           1  adc.o(.data)
    bl_adc_Calibstat_u8                      0x2000006b   Data           1  adc.o(.data)
    characprocess_ptr                        0x2000006c   Data           4  diagcom.o(.data)
    defaultTaskHandle                        0x20000070   Data           4  main.o(.data)
    __stdout                                 0x20000074   Data           4  stdout.o(.data)
    pFlash                                   0x2000007c   Data          32  stm32f4xx_hal_flash.o(.bss)
    huart2                                   0x20003d8c   Data          64  uart.o(.bss)
    ringbuff                                 0x20003e00   Data         128  adc.o(.bss)
    FilteredSensorVal                        0x20003e80   Data          16  adc.o(.bss)
    hadc1                                    0x20003eb0   Data          72  adc.o(.bss)
    adcreadthres                             0x20003ef8   Data          32  adc.o(.bss)
    htim1                                    0x20003f18   Data          60  pwm.o(.bss)
    htim3                                    0x20003f54   Data          60  pwm.o(.bss)
    htim6                                    0x20003f90   Data          60  timer.o(.bss)
    __initial_sp                             0x200043e8   Data           0  startup_stm32f407xx.o(STACK)



==============================================================================

Memory Map of the image

  Image Entry point : 0x08000189

  Load Region LR_IROM1 (Base: 0x08000000, Size: 0x00004184, Max: 0x00100000, ABSOLUTE)

    Execution Region ER_IROM1 (Base: 0x08000000, Size: 0x00004108, Max: 0x00100000, ABSOLUTE)

    Base Addr    Size         Type   Attr      Idx    E Section Name        Object

    0x08000000   0x00000188   Data   RO         2625    RESET               startup_stm32f407xx.o
    0x08000188   0x00000000   Code   RO         4523  * .ARM.Collect$$$$00000000  mc_w.l(entry.o)
    0x08000188   0x00000004   Code   RO         4797    .ARM.Collect$$$$00000001  mc_w.l(entry2.o)
    0x0800018c   0x00000004   Code   RO         4800    .ARM.Collect$$$$00000004  mc_w.l(entry5.o)
    0x08000190   0x00000000   Code   RO         4802    .ARM.Collect$$$$00000008  mc_w.l(entry7b.o)
    0x08000190   0x00000000   Code   RO         4804    .ARM.Collect$$$$0000000A  mc_w.l(entry8b.o)
    0x08000190   0x00000008   Code   RO         4805    .ARM.Collect$$$$0000000B  mc_w.l(entry9a.o)
    0x08000198   0x00000000   Code   RO         4807    .ARM.Collect$$$$0000000D  mc_w.l(entry10a.o)
    0x08000198   0x00000000   Code   RO         4809    .ARM.Collect$$$$0000000F  mc_w.l(entry11a.o)
    0x08000198   0x00000004   Code   RO         4798    .ARM.Collect$$$$00002712  mc_w.l(entry2.o)
    0x0800019c   0x000000ba   Code   RO         3155    .emb_text           port.o
    0x08000256   0x00000002   PAD
    0x08000258   0x00000024   Code   RO         2626    .text               startup_stm32f407xx.o
    0x0800027c   0x00000024   Code   RO         4526    .text               mc_w.l(memcpya.o)
    0x080002a0   0x00000024   Code   RO         4528    .text               mc_w.l(memseta.o)
    0x080002c4   0x00000012   Code   RO         4530    .text               mc_w.l(strcpy.o)
    0x080002d6   0x0000001a   Code   RO         4795    .text               mc_w.l(atoi.o)
    0x080002f0   0x0000002c   Code   RO         4812    .text               mc_w.l(uidiv.o)
    0x0800031c   0x00000070   Code   RO         4823    .text               mc_w.l(strtol.o)
    0x0800038c   0x00000024   Code   RO         4836    .text               mc_w.l(init.o)
    0x080003b0   0x00000008   Code   RO         4844    .text               mc_w.l(ctype_o.o)
    0x080003b8   0x0000009e   Code   RO         4872    .text               mc_w.l(_strtoul.o)
    0x08000456   0x0000001c   Code   RO         4876    .text               mc_w.l(_chval.o)
    0x08000472   0x00000002   PAD
    0x08000474   0x00000018   Code   RO         3853    i.ADCSensorMaincyclic  adc.o
    0x0800048c   0x00000138   Code   RO          753    i.ADC_Init          stm32f4xx_hal_adc.o
    0x080005c4   0x00000068   Code   RO         3854    i.BL_ADCInit        adc.o
    0x0800062c   0x0000003c   Code   RO         3965    i.BL_SystemInit     bl_systeminit.o
    0x08000668   0x0000002c   Code   RO         4242    i.CheckRequestPrecondition  diagcom.o
    0x08000694   0x00000018   Code   RO         4134    i.CheckTimestampElapsed  timer.o
    0x080006ac   0x0000001c   Code   RO         3786    i.ClearRxBuffer     uart.o
    0x080006c8   0x0000000a   Code   RO         4243    i.ConvertChartoInt  diagcom.o
    0x080006d2   0x00000002   Code   RO         4227    i.Error_Handler     dem.o
    0x080006d4   0x00000018   Code   RO         4244    i.Esp8266ConfigurationHandler  diagcom.o
    0x080006ec   0x00000020   Code   RO          632    i.FLASH_Program_Byte  stm32f4xx_hal_flash.o
    0x0800070c   0x00000030   Code   RO          633    i.FLASH_Program_DoubleWord  stm32f4xx_hal_flash.o
    0x0800073c   0x00000024   Code   RO          634    i.FLASH_Program_HalfWord  stm32f4xx_hal_flash.o
    0x08000760   0x00000024   Code   RO          635    i.FLASH_Program_Word  stm32f4xx_hal_flash.o
    0x08000784   0x00000088   Code   RO          636    i.FLASH_SetErrorCode  stm32f4xx_hal_flash.o
    0x0800080c   0x00000060   Code   RO          637    i.FLASH_WaitForLastOperation  stm32f4xx_hal_flash.o
    0x0800086c   0x00000054   Code   RO         4245    i.FlowcontrolADCHandler  diagcom.o
    0x080008c0   0x000000a0   Code   RO         4246    i.GetCommandfromQueue  diagcom.o
    0x08000960   0x0000000c   Code   RO         4140    i.GetCurrentTimestamp  timer.o
    0x0800096c   0x00000048   Code   RO         3787    i.GetDataRXcomplete  uart.o
    0x080009b4   0x00000178   Code   RO          755    i.HAL_ADC_ConfigChannel  stm32f4xx_hal_adc.o
    0x08000b2c   0x00000006   Code   RO          762    i.HAL_ADC_GetValue  stm32f4xx_hal_adc.o
    0x08000b32   0x00000056   Code   RO          764    i.HAL_ADC_Init      stm32f4xx_hal_adc.o
    0x08000b88   0x00000078   Code   RO         4344    i.HAL_ADC_MspInit   stm32f4xx_hal_msp.o
    0x08000c00   0x000000ba   Code   RO          768    i.HAL_ADC_PollForConversion  stm32f4xx_hal_adc.o
    0x08000cba   0x00000002   PAD
    0x08000cbc   0x000000e4   Code   RO          770    i.HAL_ADC_Start     stm32f4xx_hal_adc.o
    0x08000da0   0x0000003e   Code   RO          773    i.HAL_ADC_Stop      stm32f4xx_hal_adc.o
    0x08000dde   0x00000024   Code   RO          412    i.HAL_DMA_Abort_IT  stm32f4xx_hal_dma.o
    0x08000e02   0x00000016   Code   RO         1396    i.HAL_Delay         stm32f4xx_hal.o
    0x08000e18   0x00000014   Code   RO          641    i.HAL_FLASH_Lock    stm32f4xx_hal_flash.o
    0x08000e2c   0x00000080   Code   RO          646    i.HAL_FLASH_Program  stm32f4xx_hal_flash.o
    0x08000eac   0x0000002c   Code   RO          648    i.HAL_FLASH_Unlock  stm32f4xx_hal_flash.o
    0x08000ed8   0x00000200   Code   RO            7    i.HAL_GPIO_Init     stm32f4xx_hal_gpio.o
    0x080010d8   0x00000008   Code   RO           10    i.HAL_GPIO_TogglePin  stm32f4xx_hal_gpio.o
    0x080010e0   0x0000000e   Code   RO           11    i.HAL_GPIO_WritePin  stm32f4xx_hal_gpio.o
    0x080010ee   0x00000002   PAD
    0x080010f0   0x0000000c   Code   RO         1402    i.HAL_GetTick       stm32f4xx_hal.o
    0x080010fc   0x00000010   Code   RO         1403    i.HAL_IncTick       stm32f4xx_hal.o
    0x0800110c   0x00000034   Code   RO         1404    i.HAL_Init          stm32f4xx_hal.o
    0x08001140   0x00000028   Code   RO         1405    i.HAL_InitTick      stm32f4xx_hal.o
    0x08001168   0x00000058   Code   RO         4345    i.HAL_MspInit       stm32f4xx_hal_msp.o
    0x080011c0   0x00000018   Code   RO          517    i.HAL_NVIC_EnableIRQ  stm32f4xx_hal_cortex.o
    0x080011d8   0x00000068   Code   RO          523    i.HAL_NVIC_SetPriority  stm32f4xx_hal_cortex.o
    0x08001240   0x00000024   Code   RO          524    i.HAL_NVIC_SetPriorityGrouping  stm32f4xx_hal_cortex.o
    0x08001264   0x000001f0   Code   RO         1642    i.HAL_RCC_ClockConfig  stm32f4xx_hal_rcc.o
    0x08001454   0x0000000c   Code   RO         1647    i.HAL_RCC_GetHCLKFreq  stm32f4xx_hal_rcc.o
    0x08001460   0x0000002c   Code   RO         1649    i.HAL_RCC_GetPCLK1Freq  stm32f4xx_hal_rcc.o
    0x0800148c   0x0000002c   Code   RO         1650    i.HAL_RCC_GetPCLK2Freq  stm32f4xx_hal_rcc.o
    0x080014b8   0x0000008c   Code   RO         1651    i.HAL_RCC_GetSysClockFreq  stm32f4xx_hal_rcc.o
    0x08001544   0x00000440   Code   RO         1654    i.HAL_RCC_OscConfig  stm32f4xx_hal_rcc.o
    0x08001984   0x0000001c   Code   RO          526    i.HAL_SYSTICK_CLKSourceConfig  stm32f4xx_hal_cortex.o
    0x080019a0   0x00000028   Code   RO          528    i.HAL_SYSTICK_Config  stm32f4xx_hal_cortex.o
    0x080019c8   0x00000002   Code   RO         2387    i.HAL_TIMEx_BreakCallback  stm32f4xx_hal_tim_ex.o
    0x080019ca   0x00000002   Code   RO         2388    i.HAL_TIMEx_CommutationCallback  stm32f4xx_hal_tim_ex.o
    0x080019cc   0x0000005c   Code   RO         2389    i.HAL_TIMEx_ConfigBreakDeadTime  stm32f4xx_hal_tim_ex.o
    0x08001a28   0x00000066   Code   RO         2404    i.HAL_TIMEx_MasterConfigSynchronization  stm32f4xx_hal_tim_ex.o
    0x08001a8e   0x00000018   Code   RO         1753    i.HAL_TIM_Base_Start_IT  stm32f4xx_hal_tim.o
    0x08001aa6   0x00000002   Code   RO         1777    i.HAL_TIM_IC_CaptureCallback  stm32f4xx_hal_tim.o
    0x08001aa8   0x00000174   Code   RO         1790    i.HAL_TIM_IRQHandler  stm32f4xx_hal_tim.o
    0x08001c1c   0x00000054   Code   RO         4031    i.HAL_TIM_MspPostInit  pwm.o
    0x08001c70   0x00000002   Code   RO         1793    i.HAL_TIM_OC_DelayElapsedCallback  stm32f4xx_hal_tim.o
    0x08001c72   0x000000dc   Code   RO         1814    i.HAL_TIM_PWM_ConfigChannel  stm32f4xx_hal_tim.o
    0x08001d4e   0x00000038   Code   RO         1817    i.HAL_TIM_PWM_Init  stm32f4xx_hal_tim.o
    0x08001d86   0x00000002   PAD
    0x08001d88   0x00000048   Code   RO         4349    i.HAL_TIM_PWM_MspInit  stm32f4xx_hal_msp.o
    0x08001dd0   0x00000002   Code   RO         1820    i.HAL_TIM_PWM_PulseFinishedCallback  stm32f4xx_hal_tim.o
    0x08001dd2   0x00000034   Code   RO         1821    i.HAL_TIM_PWM_Start  stm32f4xx_hal_tim.o
    0x08001e06   0x00000002   PAD
    0x08001e08   0x0000001c   Code   RO         4101    i.HAL_TIM_PeriodElapsedCallback  timer.o
    0x08001e24   0x00000002   Code   RO         1831    i.HAL_TIM_TriggerCallback  stm32f4xx_hal_tim.o
    0x08001e26   0x00000002   Code   RO          941    i.HAL_UART_ErrorCallback  stm32f4xx_hal_uart.o
    0x08001e28   0x00000138   Code   RO          944    i.HAL_UART_IRQHandler  stm32f4xx_hal_uart.o
    0x08001f60   0x00000064   Code   RO          945    i.HAL_UART_Init     stm32f4xx_hal_uart.o
    0x08001fc4   0x0000005c   Code   RO         4351    i.HAL_UART_MspInit  stm32f4xx_hal_msp.o
    0x08002020   0x0000004c   Code   RO          950    i.HAL_UART_Receive_IT  stm32f4xx_hal_uart.o
    0x0800206c   0x00000070   Code   RO         3788    i.HAL_UART_RxCpltCallback  uart.o
    0x080020dc   0x000000dc   Code   RO          953    i.HAL_UART_Transmit  stm32f4xx_hal_uart.o
    0x080021b8   0x00000002   Code   RO          956    i.HAL_UART_TxCpltCallback  stm32f4xx_hal_uart.o
    0x080021ba   0x00000002   PAD
    0x080021bc   0x000000f4   Code   RO         4195    i.InitESp8266       esp8266.o
    0x080022b0   0x00000040   Code   RO         4032    i.InitPwm2Motors    pwm.o
    0x080022f0   0x00000018   Code   RO         4033    i.InitRCServo       pwm.o
    0x08002308   0x00000034   Code   RO         4247    i.LearnSensorThresRequest  diagcom.o
    0x0800233c   0x00000050   Code   RO         3856    i.MX_ADC1_Init      adc.o
    0x0800238c   0x000001bc   Code   RO         3938    i.MX_GPIO_Init      gpio.o
    0x08002548   0x000000a0   Code   RO         4034    i.MX_TIM1_Init      pwm.o
    0x080025e8   0x00000064   Code   RO         4035    i.MX_TIM3_Init      pwm.o
    0x0800264c   0x0000003c   Code   RO         3789    i.MX_USART_UART_Init  uart.o
    0x08002688   0x00000090   Code   RO         4248    i.ProcessDiagserviceCyclicMain  diagcom.o
    0x08002718   0x00000044   Code   RO         4249    i.ProcessSubcommand  diagcom.o
    0x0800275c   0x00000024   Code   RO         4155    i.ReadADCThreshold  flash.o
    0x08002780   0x00000070   Code   RO         3858    i.ReadAllRawSensorfromLine  adc.o
    0x080027f0   0x00000042   Code   RO         3859    i.ReadSensor        adc.o
    0x08002832   0x00000002   PAD
    0x08002834   0x00000060   Code   RO         4157    i.SaveADCThreshold2NVM  flash.o
    0x08002894   0x000000f8   Code   RO         3861    i.SensorThresCalib  adc.o
    0x0800298c   0x0000000c   Code   RO         4418    i.Start10msTask     main.o
    0x08002998   0x0000000a   Code   RO         4419    i.StartDefaultTask  main.o
    0x080029a2   0x0000000e   Code   RO         4420    i.StartUserTask     main.o
    0x080029b0   0x0000000e   Code   RO         4487    i.SysTick_Handler   stm32f4xx_it.o
    0x080029be   0x00000002   PAD
    0x080029c0   0x000000a4   Code   RO         3966    i.SystemClock_Config  bl_systeminit.o
    0x08002a64   0x00000058   Code   RO         2634    i.SystemInit        system_stm32f4xx.o
    0x08002abc   0x00000018   Code   RO         4103    i.TIM6_DAC_IRQHandler  timer.o
    0x08002ad4   0x000000b4   Code   RO         1832    i.TIM_Base_SetConfig  stm32f4xx_hal_tim.o
    0x08002b88   0x0000001a   Code   RO         1833    i.TIM_CCxChannelCmd  stm32f4xx_hal_tim.o
    0x08002ba2   0x00000064   Code   RO         1841    i.TIM_OC1_SetConfig  stm32f4xx_hal_tim.o
    0x08002c06   0x0000006c   Code   RO         1842    i.TIM_OC2_SetConfig  stm32f4xx_hal_tim.o
    0x08002c72   0x0000006c   Code   RO         1843    i.TIM_OC3_SetConfig  stm32f4xx_hal_tim.o
    0x08002cde   0x00000054   Code   RO         1844    i.TIM_OC4_SetConfig  stm32f4xx_hal_tim.o
    0x08002d32   0x00000010   Code   RO          958    i.UART_DMAAbortOnError  stm32f4xx_hal_uart.o
    0x08002d42   0x0000001c   Code   RO          968    i.UART_EndRxTransfer  stm32f4xx_hal_uart.o
    0x08002d5e   0x0000001a   Code   RO          969    i.UART_EndTransmit_IT  stm32f4xx_hal_uart.o
    0x08002d78   0x00000092   Code   RO          971    i.UART_Receive_IT   stm32f4xx_hal_uart.o
    0x08002e0a   0x00000002   PAD
    0x08002e0c   0x00000344   Code   RO          972    i.UART_SetConfig    stm32f4xx_hal_uart.o
    0x08003150   0x00000066   Code   RO          973    i.UART_Transmit_IT  stm32f4xx_hal_uart.o
    0x080031b6   0x00000078   Code   RO          974    i.UART_WaitOnFlagUntilTimeout  stm32f4xx_hal_uart.o
    0x0800322e   0x00000002   PAD
    0x08003230   0x0000000c   Code   RO         3790    i.USART2_IRQHandler  uart.o
    0x0800323c   0x00000020   Code   RO         4623    i.__0printf$3       mc_w.l(printf3.o)
    0x0800325c   0x00000008   Code   RO         4816    i.__aeabi_errno_addr  mc_w.l(errno.o)
    0x08003264   0x0000000e   Code   RO         4880    i.__scatterload_copy  mc_w.l(handlers.o)
    0x08003272   0x00000002   Code   RO         4881    i.__scatterload_null  mc_w.l(handlers.o)
    0x08003274   0x0000000e   Code   RO         4882    i.__scatterload_zeroinit  mc_w.l(handlers.o)
    0x08003282   0x00000002   PAD
    0x08003284   0x000001b8   Code   RO         4630    i._printf_core      mc_w.l(printf3.o)
    0x0800343c   0x00000018   Code   RO         3791    i.fputc             uart.o
    0x08003454   0x00000070   Code   RO         4421    i.main              main.o
    0x080034c4   0x0000000c   Code   RO         2672    i.makeFreeRtosPriority  cmsis_os.o
    0x080034d0   0x00000010   Code   RO         2673    i.osDelay           cmsis_os.o
    0x080034e0   0x0000000a   Code   RO         2676    i.osKernelStart     cmsis_os.o
    0x080034ea   0x00000014   Code   RO         2705    i.osSystickHandler  cmsis_os.o
    0x080034fe   0x0000003a   Code   RO         2706    i.osThreadCreate    cmsis_os.o
    0x08003538   0x00000038   Code   RO         3475    i.prvAddCurrentTaskToDelayedList  tasks.o
    0x08003570   0x0000003e   Code   RO         3476    i.prvAllocateTCBAndStack  tasks.o
    0x080035ae   0x00000002   PAD
    0x080035b0   0x00000058   Code   RO         3477    i.prvCheckTasksWaitingTermination  tasks.o
    0x08003608   0x00000014   Code   RO         3478    i.prvDeleteTCB      tasks.o
    0x0800361c   0x00000050   Code   RO         3061    i.prvHeapInit       heap_4.o
    0x0800366c   0x00000028   Code   RO         3479    i.prvIdleTask       tasks.o
    0x08003694   0x0000004c   Code   RO         3480    i.prvInitialiseTCBVariables  tasks.o
    0x080036e0   0x00000060   Code   RO         3481    i.prvInitialiseTaskLists  tasks.o
    0x08003740   0x0000005c   Code   RO         3062    i.prvInsertBlockIntoFreeList  heap_4.o
    0x0800379c   0x00000024   Code   RO         3483    i.prvResetNextTaskUnblockTime  tasks.o
    0x080037c0   0x00000030   Code   RO         3156    i.prvTaskExitError  port.o
    0x080037f0   0x000000e4   Code   RO         3063    i.pvPortMalloc      heap_4.o
    0x080038d4   0x00000028   Code   RO         3157    i.pxPortInitialiseStack  port.o
    0x080038fc   0x00000024   Code   RO         3119    i.uxListRemove      list.o
    0x08003920   0x00000002   Code   RO         4511    i.vApplicationStackOverflowHook  freertos.o
    0x08003922   0x00000016   Code   RO         3120    i.vListInitialise   list.o
    0x08003938   0x00000006   Code   RO         3121    i.vListInitialiseItem  list.o
    0x0800393e   0x00000036   Code   RO         3122    i.vListInsert       list.o
    0x08003974   0x00000018   Code   RO         3123    i.vListInsertEnd    list.o
    0x0800398c   0x00000040   Code   RO         3159    i.vPortEnterCritical  port.o
    0x080039cc   0x0000002c   Code   RO         3160    i.vPortExitCritical  port.o
    0x080039f8   0x0000005c   Code   RO         3064    i.vPortFree         heap_4.o
    0x08003a54   0x00000020   Code   RO         3161    i.vPortSetupTimerInterrupt  port.o
    0x08003a74   0x00000070   Code   RO         3494    i.vTaskDelay        tasks.o
    0x08003ae4   0x0000006c   Code   RO         3506    i.vTaskStartScheduler  tasks.o
    0x08003b50   0x00000010   Code   RO         3508    i.vTaskSuspendAll   tasks.o
    0x08003b60   0x00000078   Code   RO         3509    i.vTaskSwitchContext  tasks.o
    0x08003bd8   0x000000f4   Code   RO         3163    i.xPortStartScheduler  port.o
    0x08003ccc   0x0000002c   Code   RO         3164    i.xPortSysTickHandler  port.o
    0x08003cf8   0x00000108   Code   RO         3511    i.xTaskGenericCreate  tasks.o
    0x08003e00   0x0000001c   Code   RO         3515    i.xTaskGetSchedulerState  tasks.o
    0x08003e1c   0x000000d4   Code   RO         3518    i.xTaskIncrementTick  tasks.o
    0x08003ef0   0x000000c8   Code   RO         3524    i.xTaskResumeAll    tasks.o
    0x08003fb8   0x00000010   Data   RO         1655    .constdata          stm32f4xx_hal_rcc.o
    0x08003fc8   0x00000020   Data   RO         3863    .constdata          adc.o
    0x08003fe8   0x00000018   Data   RO         4250    .constdata          diagcom.o
    0x08004000   0x0000003c   Data   RO         4422    .constdata          main.o
    0x0800403c   0x00000081   Data   RO         4845    .constdata          mc_w.l(ctype_o.o)
    0x080040bd   0x00000003   PAD
    0x080040c0   0x00000004   Data   RO         4846    .constdata          mc_w.l(ctype_o.o)
    0x080040c4   0x00000024   Data   RO         4423    .conststring        main.o
    0x080040e8   0x00000020   Data   RO         4878    Region$$Table       anon$$obj.o


    Execution Region RW_IRAM1 (Base: 0x20000000, Size: 0x000043e8, Max: 0x00020000, ABSOLUTE)

    Base Addr    Size         Type   Attr      Idx    E Section Name        Object

    0x20000000   0x00000004   Data   RW         1410    .data               stm32f4xx_hal.o
    0x20000004   0x00000004   Data   RW         2637    .data               system_stm32f4xx.o
    0x20000008   0x00000018   Data   RW         3069    .data               heap_4.o
    0x20000020   0x0000000c   Data   RW         3165    .data               port.o
    0x2000002c   0x00000038   Data   RW         3527    .data               tasks.o
    0x20000064   0x00000004   Data   RW         3793    .data               uart.o
    0x20000068   0x00000004   Data   RW         3864    .data               adc.o
    0x2000006c   0x00000004   Data   RW         4251    .data               diagcom.o
    0x20000070   0x00000004   Data   RW         4424    .data               main.o
    0x20000074   0x00000004   Data   RW         4811    .data               mc_w.l(stdout.o)
    0x20000078   0x00000004   Data   RW         4819    .data               mc_w.l(errno.o)
    0x2000007c   0x00000020   Zero   RW          649    .bss                stm32f4xx_hal_flash.o
    0x2000009c   0x00003c00   Zero   RW         3068    .bss                heap_4.o
    0x20003c9c   0x000000f0   Zero   RW         3526    .bss                tasks.o
    0x20003d8c   0x00000072   Zero   RW         3792    .bss                uart.o
    0x20003dfe   0x00000002   PAD
    0x20003e00   0x00000118   Zero   RW         3862    .bss                adc.o
    0x20003f18   0x00000078   Zero   RW         4039    .bss                pwm.o
    0x20003f90   0x0000003c   Zero   RW         4104    .bss                timer.o
    0x20003fcc   0x00000019   Zero   RW         4196    .bss                esp8266.o
    0x20003fe5   0x00000003   PAD
    0x20003fe8   0x00000400   Zero   RW         2623    STACK               startup_stm32f407xx.o


==============================================================================

Image component sizes


      Code (inc. data)   RO Data    RW Data    ZI Data      Debug   Object Name

       634         48         32          4        280       5640   adc.o
       224         14          0          0          0       1621   bl_systeminit.o
       116          0          0          0          0      23418   cmsis_os.o
         2          0          0          0          0        448   dem.o
       586        126         24          4          0       6989   diagcom.o
       244        118          0          0         25       1627   esp8266.o
       132         10          0          0          0       1898   flash.o
         2          0          0          0          0        564   freertos.o
       444         30          0          0          0       1175   gpio.o
       492         32          0         24      15360       7351   heap_4.o
       142          0          0          0          0       3566   list.o
       148          8         96          4          0       6333   main.o
       702         86          0         12          0      16772   port.o
       432         54          0          0        120       3527   pwm.o
        36          8        392          0       1024        920   startup_stm32f407xx.o
       142         22          0          4          0       4375   stm32f4xx_hal.o
      1256         30          0          0          0       5789   stm32f4xx_hal_adc.o
       232         16          0          0          0      30729   stm32f4xx_hal_cortex.o
        36          0          0          0          0       1135   stm32f4xx_hal_dma.o
       576         70          0          0         32       6050   stm32f4xx_hal_flash.o
       534         22          0          0          0     697605   stm32f4xx_hal_gpio.o
       372         34          0          0          0       2853   stm32f4xx_hal_msp.o
      1824         88         16          0          0       6703   stm32f4xx_hal_rcc.o
      1338         22          0          0          0      11038   stm32f4xx_hal_tim.o
       198          0          0          0          0       3246   stm32f4xx_hal_tim_ex.o
      1986         20          0          0          0      10335   stm32f4xx_hal_uart.o
        14          0          0          0          0        494   stm32f4xx_it.o
        88         24          0          4          0       1387   system_stm32f4xx.o
      1534        140          0         56        240      16341   tasks.o
        88         16          0          0         60       2740   timer.o
         0          0          0          0          0       9800   timers.o
       308         60          0          4        114       4188   uart.o

    ----------------------------------------------------------------------
     14884       1098        592        116      17260     896657   Object Totals
         0          0         32          0          0          0   (incl. Generated)
        22          0          0          0          5          0   (incl. Padding)

    ----------------------------------------------------------------------

      Code (inc. data)   RO Data    RW Data    ZI Data      Debug   Library Member Name

        28          0          0          0          0         68   _chval.o
       158          0          0          0          0         92   _strtoul.o
        26          0          0          0          0         80   atoi.o
         8          4        133          0          0         68   ctype_o.o
         0          0          0          0          0          0   entry.o
         0          0          0          0          0          0   entry10a.o
         0          0          0          0          0          0   entry11a.o
         8          4          0          0          0          0   entry2.o
         4          0          0          0          0          0   entry5.o
         0          0          0          0          0          0   entry7b.o
         0          0          0          0          0          0   entry8b.o
         8          4          0          0          0          0   entry9a.o
         8          4          0          4          0         68   errno.o
        30          0          0          0          0          0   handlers.o
        36          8          0          0          0         68   init.o
        36          0          0          0          0         68   memcpya.o
        36          0          0          0          0        108   memseta.o
       472         14          0          0          0        184   printf3.o
         0          0          0          4          0          0   stdout.o
        18          0          0          0          0         68   strcpy.o
       112          0          0          0          0         88   strtol.o
        44          0          0          0          0         80   uidiv.o

    ----------------------------------------------------------------------
      1036         38        136          8          0       1040   Library Totals
         4          0          3          0          0          0   (incl. Padding)

    ----------------------------------------------------------------------

      Code (inc. data)   RO Data    RW Data    ZI Data      Debug   Library Name

      1032         38        133          8          0       1040   mc_w.l

    ----------------------------------------------------------------------
      1036         38        136          8          0       1040   Library Totals

    ----------------------------------------------------------------------

==============================================================================


      Code (inc. data)   RO Data    RW Data    ZI Data      Debug   

     15920       1136        728        124      17260     882885   Grand Totals
     15920       1136        728        124      17260     882885   ELF Image Totals
     15920       1136        728        124          0          0   ROM Totals

==============================================================================

    Total RO  Size (Code + RO Data)                16648 (  16.26kB)
    Total RW  Size (RW Data + ZI Data)             17384 (  16.98kB)
    Total ROM Size (Code + RO Data + RW Data)      16772 (  16.38kB)

==============================================================================

