Component: ARM Compiler 5.06 update 1 (build 61) Tool: armlink [4d35a8]

==============================================================================

Section Cross References

    stm32f4xx_hal_gpio.o(i.HAL_GPIO_EXTI_IRQHandler) refers to stm32f4xx_hal_gpio.o(i.HAL_GPIO_EXTI_Callback) for HAL_GPIO_EXTI_Callback
    stm32f4xx_hal_dma_ex.o(i.HAL_DMAEx_MultiBufferStart) refers to stm32f4xx_hal_dma_ex.o(i.DMA_MultiBufferSetConfig) for DMA_MultiBufferSetConfig
    stm32f4xx_hal_dma_ex.o(i.HAL_DMAEx_MultiBufferStart_IT) refers to stm32f4xx_hal_dma_ex.o(i.DMA_MultiBufferSetConfig) for DMA_MultiBufferSetConfig
    stm32f4xx_hal_pwr_ex.o(i.HAL_PWREx_ControlVoltageScaling) refers to stm32f4xx_hal.o(i.HAL_GetTick) for HAL_GetTick
    stm32f4xx_hal_pwr_ex.o(i.HAL_PWREx_DisableBkUpReg) refers to stm32f4xx_hal.o(i.HAL_GetTick) for HAL_GetTick
    stm32f4xx_hal_pwr_ex.o(i.HAL_PWREx_EnableBkUpReg) refers to stm32f4xx_hal.o(i.HAL_GetTick) for HAL_GetTick
    stm32f4xx_hal_rcc_ex.o(i.HAL_RCCEx_PeriphCLKConfig) refers to stm32f4xx_hal.o(i.HAL_GetTick) for HAL_GetTick
    stm32f4xx_hal_rcc_ex.o(i.HAL_RCC_DeInit) refers to system_stm32f4xx.o(.data) for SystemCoreClock
    stm32f4xx_hal_adc_ex.o(i.ADC_MultiModeDMAConvCplt) refers to stm32f4xx_hal_adc.o(i.HAL_ADC_ConvCpltCallback) for HAL_ADC_ConvCpltCallback
    stm32f4xx_hal_adc_ex.o(i.ADC_MultiModeDMAError) refers to stm32f4xx_hal_adc.o(i.HAL_ADC_ErrorCallback) for HAL_ADC_ErrorCallback
    stm32f4xx_hal_adc_ex.o(i.ADC_MultiModeDMAHalfConvCplt) refers to stm32f4xx_hal_adc.o(i.HAL_ADC_ConvHalfCpltCallback) for HAL_ADC_ConvHalfCpltCallback
    stm32f4xx_hal_adc_ex.o(i.HAL_ADCEx_InjectedPollForConversion) refers to stm32f4xx_hal.o(i.HAL_GetTick) for HAL_GetTick
    stm32f4xx_hal_adc_ex.o(i.HAL_ADCEx_InjectedStart) refers to system_stm32f4xx.o(.data) for SystemCoreClock
    stm32f4xx_hal_adc_ex.o(i.HAL_ADCEx_InjectedStart_IT) refers to system_stm32f4xx.o(.data) for SystemCoreClock
    stm32f4xx_hal_adc_ex.o(i.HAL_ADCEx_MultiModeStart_DMA) refers to stm32f4xx_hal_dma.o(i.HAL_DMA_Start_IT) for HAL_DMA_Start_IT
    stm32f4xx_hal_adc_ex.o(i.HAL_ADCEx_MultiModeStart_DMA) refers to system_stm32f4xx.o(.data) for SystemCoreClock
    stm32f4xx_hal_adc_ex.o(i.HAL_ADCEx_MultiModeStart_DMA) refers to stm32f4xx_hal_adc_ex.o(i.ADC_MultiModeDMAConvCplt) for ADC_MultiModeDMAConvCplt
    stm32f4xx_hal_adc_ex.o(i.HAL_ADCEx_MultiModeStart_DMA) refers to stm32f4xx_hal_adc_ex.o(i.ADC_MultiModeDMAHalfConvCplt) for ADC_MultiModeDMAHalfConvCplt
    stm32f4xx_hal_adc_ex.o(i.HAL_ADCEx_MultiModeStart_DMA) refers to stm32f4xx_hal_adc_ex.o(i.ADC_MultiModeDMAError) for ADC_MultiModeDMAError
    stm32f4xx_hal_adc_ex.o(i.HAL_ADCEx_MultiModeStop_DMA) refers to stm32f4xx_hal_dma.o(i.HAL_DMA_Abort) for HAL_DMA_Abort
    stm32f4xx_hal_dma.o(i.DMA_CalcBaseAndBitshift) refers to stm32f4xx_hal_dma.o(.constdata) for .constdata
    stm32f4xx_hal_dma.o(i.HAL_DMA_Abort) refers to stm32f4xx_hal.o(i.HAL_GetTick) for HAL_GetTick
    stm32f4xx_hal_dma.o(i.HAL_DMA_DeInit) refers to stm32f4xx_hal_dma.o(i.DMA_CalcBaseAndBitshift) for DMA_CalcBaseAndBitshift
    stm32f4xx_hal_dma.o(i.HAL_DMA_IRQHandler) refers to system_stm32f4xx.o(.data) for SystemCoreClock
    stm32f4xx_hal_dma.o(i.HAL_DMA_Init) refers to stm32f4xx_hal.o(i.HAL_GetTick) for HAL_GetTick
    stm32f4xx_hal_dma.o(i.HAL_DMA_Init) refers to stm32f4xx_hal_dma.o(i.DMA_CheckFifoParam) for DMA_CheckFifoParam
    stm32f4xx_hal_dma.o(i.HAL_DMA_Init) refers to stm32f4xx_hal_dma.o(i.DMA_CalcBaseAndBitshift) for DMA_CalcBaseAndBitshift
    stm32f4xx_hal_dma.o(i.HAL_DMA_PollForTransfer) refers to stm32f4xx_hal.o(i.HAL_GetTick) for HAL_GetTick
    stm32f4xx_hal_dma.o(i.HAL_DMA_PollForTransfer) refers to stm32f4xx_hal_dma.o(i.HAL_DMA_Abort) for HAL_DMA_Abort
    stm32f4xx_hal_dma.o(i.HAL_DMA_Start) refers to stm32f4xx_hal_dma.o(i.DMA_SetConfig) for DMA_SetConfig
    stm32f4xx_hal_dma.o(i.HAL_DMA_Start_IT) refers to stm32f4xx_hal_dma.o(i.DMA_SetConfig) for DMA_SetConfig
    stm32f4xx_hal_cortex.o(i.HAL_SYSTICK_IRQHandler) refers to stm32f4xx_hal_cortex.o(i.HAL_SYSTICK_Callback) for HAL_SYSTICK_Callback
    stm32f4xx_hal_flash.o(i.FLASH_SetErrorCode) refers to stm32f4xx_hal_flash.o(.bss) for .bss
    stm32f4xx_hal_flash.o(i.FLASH_WaitForLastOperation) refers to stm32f4xx_hal.o(i.HAL_GetTick) for HAL_GetTick
    stm32f4xx_hal_flash.o(i.FLASH_WaitForLastOperation) refers to stm32f4xx_hal_flash.o(i.FLASH_SetErrorCode) for FLASH_SetErrorCode
    stm32f4xx_hal_flash.o(i.FLASH_WaitForLastOperation) refers to stm32f4xx_hal_flash.o(.bss) for .bss
    stm32f4xx_hal_flash.o(i.HAL_FLASH_GetError) refers to stm32f4xx_hal_flash.o(.bss) for .bss
    stm32f4xx_hal_flash.o(i.HAL_FLASH_IRQHandler) refers to stm32f4xx_hal_flash.o(i.FLASH_SetErrorCode) for FLASH_SetErrorCode
    stm32f4xx_hal_flash.o(i.HAL_FLASH_IRQHandler) refers to stm32f4xx_hal_flash.o(i.HAL_FLASH_OperationErrorCallback) for HAL_FLASH_OperationErrorCallback
[...]
    Removing adc.o(i.ReadAllFinalSensorfromLine), (40 bytes).
    Removing adc.o(i.ReadAllRawSensorfromLine), (112 bytes).
    Removing adc.o(i.ReadSensor), (66 bytes).
    Removing adc.o(i.ReadStatusofAllsensor), (104 bytes).
    Removing adc.o(i.SensorThresCalib), (248 bytes).
    Removing adc.o(.constdata), (32 bytes).
    Removing gpio.o(.rev16_text), (4 bytes).
    Removing gpio.o(.revsh_text), (4 bytes).
    Removing gpio.o(.rrx_text), (6 bytes).
    Removing bl_systeminit.o(.rev16_text), (4 bytes).
    Removing bl_systeminit.o(.revsh_text), (4 bytes).
    Removing bl_systeminit.o(.rrx_text), (6 bytes).
    Removing pwm.o(.rev16_text), (4 bytes).
    Removing pwm.o(.revsh_text), (4 bytes).
    Removing pwm.o(.rrx_text), (6 bytes).
    Removing pwm.o(i.SetAngleRCServo), (24 bytes).
    Removing pwm.o(i.SetDirectionMotor), (32 bytes).
    Removing pwm.o(i.SetDutyCycleMotor), (32 bytes).
    Removing timer.o(.rev16_text), (4 bytes).
    Removing timer.o(.revsh_text), (4 bytes).
    Removing timer.o(.rrx_text), (6 bytes).
    Removing timer.o(i.MX_TIM6_Init), (72 bytes).
    Removing flash.o(.rev16_text), (4 bytes).
    Removing flash.o(.revsh_text), (4 bytes).
    Removing flash.o(.rrx_text), (6 bytes).
    Removing flash.o(i.ReadADCThresholdfromNVM), (12 bytes).
    Removing flash.o(i.SaveADCThreshold2NVM), (96 bytes).
    Removing esp8266.o(.rev16_text), (4 bytes).
    Removing esp8266.o(.revsh_text), (4 bytes).
    Removing esp8266.o(.rrx_text), (6 bytes).
    Removing diagcom.o(.rev16_text), (4 bytes).
    Removing diagcom.o(.revsh_text), (4 bytes).
    Removing diagcom.o(.rrx_text), (6 bytes).
    Removing diagcom.o(i.CheckRequestPrecondition), (44 bytes).
    Removing diagcom.o(i.ConvertChartoInt), (10 bytes).
    Removing diagcom.o(i.Esp8266ConfigurationHandler), (24 bytes).
    Removing diagcom.o(i.FlowcontrolADCHandler), (84 bytes).
    Removing diagcom.o(i.GetCommandfromQueue), (160 bytes).
    Removing diagcom.o(i.LearnSensorThresRequest), (52 bytes).
    Removing diagcom.o(i.ProcessDiagserviceCyclicMain), (140 bytes).
    Removing diagcom.o(i.ProcessSubcommand), (68 bytes).
    Removing diagcom.o(.constdata), (24 bytes).
    Removing diagcom.o(.data), (4 bytes).
    Removing stm32f4xx_hal_msp.o(.rev16_text), (4 bytes).
    Removing stm32f4xx_hal_msp.o(.revsh_text), (4 bytes).
    Removing stm32f4xx_hal_msp.o(.rrx_text), (6 bytes).
    Removing stm32f4xx_hal_msp.o(i.HAL_ADC_MspDeInit), (76 bytes).
    Removing stm32f4xx_hal_msp.o(i.HAL_TIM_Base_MspDeInit), (36 bytes).
    Removing stm32f4xx_hal_msp.o(i.HAL_TIM_Base_MspInit), (60 bytes).
    Removing stm32f4xx_hal_msp.o(i.HAL_TIM_PWM_MspDeInit), (52 bytes).
    Removing stm32f4xx_hal_msp.o(i.HAL_UART_MspDeInit), (52 bytes).
    Removing stm32f4xx_hal_msp.o(.data), (2 bytes).
    Removing main.o(.rev16_text), (4 bytes).
    Removing main.o(.revsh_text), (4 bytes).
    Removing main.o(.rrx_text), (6 bytes).
    Removing main.o(i.Start10msTask), (12 bytes).
    Removing main.o(i.StartDefaultTask), (10 bytes).
    Removing stm32f4xx_it.o(.rev16_text), (4 bytes).
    Removing stm32f4xx_it.o(.revsh_text), (4 bytes).
    Removing stm32f4xx_it.o(.rrx_text), (6 bytes).
    Removing dadd.o(.text), (334 bytes).
    Removing dmul.o(.text), (228 bytes).
    Removing ddiv.o(.text), (222 bytes).
    Removing dfixul.o(.text), (48 bytes).
    Removing cdrcmple.o(.text), (48 bytes).
    Removing depilogue.o(.text), (186 bytes).
    Removing timer.o(i.CheckTimestampElapsed), (24 bytes).
    Removing timer.o(i.GetCurrentTimestamp), (12 bytes).

581 unused section(s) (total 39356 bytes) removed from the image.

==============================================================================

Image Symbol Table

    Local Symbols

    Symbol Name                              Value     Ov Type        Size  Object(Section)

    ../Drivers/CMSIS/Device/ST/STM32F4xx/Source/Templates/arm/startup_stm32f407xx.s 0x00000000   Number         0  startup_stm32f407xx.o ABSOLUTE
    ../Drivers/CMSIS/Device/ST/STM32F4xx/Source/Templates/system_stm32f4xx.c 0x00000000   Number         0  system_stm32f4xx.o ABSOLUTE
    ../Drivers/STM32F4xx_HAL_Driver/Src/stm32f4xx_hal.c 0x00000000   Number         0  stm32f4xx_hal.o ABSOLUTE
    ../Drivers/STM32F4xx_HAL_Driver/Src/stm32f4xx_hal_adc.c 0x00000000   Number         0  stm32f4xx_hal_adc.o ABSOLUTE
    ../Drivers/STM32F4xx_HAL_Driver/Src/stm32f4xx_hal_adc_ex.c 0x00000000   Number         0  stm32f4xx_hal_adc_ex.o ABSOLUTE
    ../Drivers/STM32F4xx_HAL_Driver/Src/stm32f4xx_hal_cortex.c 0x00000000   Number         0  stm32f4xx_hal_cortex.o ABSOLUTE
    ../Drivers/STM32F4xx_HAL_Driver/Src/stm32f4xx_hal_dma.c 0x00000000   Number         0  stm32f4xx_hal_dma.o ABSOLUTE
    ../Drivers/STM32F4xx_HAL_Driver/Src/stm32f4xx_hal_dma_ex.c 0x00000000   Number         0  stm32f4xx_hal_dma_ex.o ABSOLUTE
    ../Drivers/STM32F4xx_HAL_Driver/Src/stm32f4xx_hal_flash.c 0x00000000   Number         0  stm32f4xx_hal_flash.o ABSOLUTE
    ../Drivers/STM32F4xx_HAL_Driver/Src/stm32f4xx_hal_flash_ex.c 0x00000000   Number         0  stm32f4xx_hal_flash_ex.o ABSOLUTE
    ../Drivers/STM32F4xx_HAL_Driver/Src/stm32f4xx_hal_flash_ramfunc.c 0x00000000   Number         0  stm32f4xx_hal_flash_ramfunc.o ABSOLUTE
    ../Drivers/STM32F4xx_HAL_Driver/Src/stm32f4xx_hal_gpio.c 0x00000000   Number         0  stm32f4xx_hal_gpio.o ABSOLUTE
    ../Drivers/STM32F4xx_HAL_Driver/Src/stm32f4xx_hal_pwr.c 0x00000000   Number         0  stm32f4xx_hal_pwr.o ABSOLUTE
    ../Drivers/STM32F4xx_HAL_Driver/Src/stm32f4xx_hal_pwr_ex.c 0x00000000   Number         0  stm32f4xx_hal_pwr_ex.o ABSOLUTE
    ../Drivers/STM32F4xx_HAL_Driver/Src/stm32f4xx_hal_rcc.c 0x00000000   Number         0  stm32f4xx_hal_rcc.o ABSOLUTE
    ../Drivers/STM32F4xx_HAL_Driver/Src/stm32f4xx_hal_rcc_ex.c 0x00000000   Number         0  stm32f4xx_hal_rcc_ex.o ABSOLUTE
    ../Drivers/STM32F4xx_HAL_Driver/Src/stm32f4xx_hal_uart.c 0x00000000   Number         0  stm32f4xx_hal_uart.o ABSOLUTE
    ../Middlewares/Third_Party/FreeRTOS/Source/CMSIS_RTOS/cmsis_os.c 0x00000000   Number         0  cmsis_os.o ABSOLUTE
    ../Middlewares/Third_Party/FreeRTOS/Source/croutine.c 0x00000000   Number         0  croutine.o ABSOLUTE
    ../Middlewares/Third_Party/FreeRTOS/Source/event_groups.c 0x00000000   Number         0  event_groups.o ABSOLUTE
    ../Middlewares/Third_Party/FreeRTOS/Source/list.c 0x00000000   Number         0  list.o ABSOLUTE
    ../Middlewares/Third_Party/FreeRTOS/Source/portable/MemMang/heap_4.c 0x00000000   Number         0  heap_4.o ABSOLUTE
    ../Middlewares/Third_Party/FreeRTOS/Source/portable/RVDS/ARM_CM4F/port.c 0x00000000   Number         0  port.o ABSOLUTE
    ../Middlewares/Third_Party/FreeRTOS/Source/queue.c 0x00000000   Number         0  queue.o ABSOLUTE
    ../Middlewares/Third_Party/FreeRTOS/Source/tasks.c 0x00000000   Number         0  tasks.o ABSOLUTE
    ../Middlewares/Third_Party/FreeRTOS/Source/timers.c 0x00000000   Number         0  timers.o ABSOLUTE
    ../Src/freertos.c                        0x00000000   Number         0  freertos.o ABSOLUTE
    ../Src/main.c                            0x00000000   Number         0  main.o ABSOLUTE
    ../Src/stm32f4xx_hal_msp.c               0x00000000   Number         0  stm32f4xx_hal_msp.o ABSOLUTE
    ../Src/stm32f4xx_it.c                    0x00000000   Number         0  stm32f4xx_it.o ABSOLUTE
    ../clib/microlib/ctype/ctype.c           0x00000000   Number         0  iscntrl_o.o ABSOLUTE
    ../clib/microlib/ctype/ctype.c           0x00000000   Number         0  isblank_o.o ABSOLUTE
    ../clib/microlib/ctype/ctype.c           0x00000000   Number         0  isalpha_o.o ABSOLUTE
    ../clib/microlib/ctype/ctype.c           0x00000000   Number         0  ctype_o.o ABSOLUTE
    ../clib/microlib/ctype/ctype.c           0x00000000   Number         0  ispunct_o.o ABSOLUTE
    ../clib/microlib/ctype/ctype.c           0x00000000   Number         0  isdigit_o.o ABSOLUTE
    ../clib/microlib/ctype/ctype.c           0x00000000   Number         0  isgraph_o.o ABSOLUTE
    ../clib/microlib/ctype/ctype.c           0x00000000   Number         0  islower_o.o ABSOLUTE
    ../clib/microlib/ctype/ctype.c           0x00000000   Number         0  isprint_o.o ABSOLUTE
    ../clib/microlib/ctype/ctype.c           0x00000000   Number         0  isalnum_o.o ABSOLUTE
    ../clib/microlib/ctype/ctype.c           0x00000000   Number         0  isspace_o.o ABSOLUTE
    ../clib/microlib/ctype/ctype.c           0x00000000   Number         0  isupper_o.o ABSOLUTE
    ../clib/microlib/ctype/ctype.c           0x00000000   Number         0  isxdigit_o.o ABSOLUTE
    ../clib/microlib/division.c              0x00000000   Number         0  uidiv.o ABSOLUTE
    ../clib/microlib/division.c              0x00000000   Number         0  uldiv.o ABSOLUTE
    ../clib/microlib/errno.c                 0x00000000   Number         0  errno.o ABSOLUTE
    ../clib/microlib/init/entry.s            0x00000000   Number         0  entry10b.o ABSOLUTE
    ../clib/microlib/init/entry.s            0x00000000   Number         0  entry10a.o ABSOLUTE
    ../clib/microlib/init/entry.s            0x00000000   Number         0  entry9b.o ABSOLUTE
    ../clib/microlib/init/entry.s            0x00000000   Number         0  entry8b.o ABSOLUTE
    ../clib/microlib/init/entry.s            0x00000000   Number         0  entry8a.o ABSOLUTE
    ../clib/microlib/init/entry.s            0x00000000   Number         0  entry7b.o ABSOLUTE
    ../clib/microlib/init/entry.s            0x00000000   Number         0  entry7a.o ABSOLUTE
    ../clib/microlib/init/entry.s            0x00000000   Number         0  entry5.o ABSOLUTE
    ../clib/microlib/init/entry.s            0x00000000   Number         0  entry9a.o ABSOLUTE
    ../clib/microlib/init/entry.s            0x00000000   Number         0  entry.o ABSOLUTE
    ../clib/microlib/init/entry.s            0x00000000   Number         0  entry2.o ABSOLUTE
    ../clib/microlib/init/entry.s            0x00000000   Number         0  entry11b.o ABSOLUTE
    ../clib/microlib/init/entry.s            0x00000000   Number         0  entry11a.o ABSOLUTE
    ../clib/microlib/longlong.c              0x00000000   Number         0  llshl.o ABSOLUTE
    ../clib/microlib/longlong.c              0x00000000   Number         0  llushr.o ABSOLUTE
    ../clib/microlib/longlong.c              0x00000000   Number         0  llsshr.o ABSOLUTE
    ../clib/microlib/printf/printf.c         0x00000000   Number         0  printf2.o ABSOLUTE
    ../clib/microlib/printf/printf.c         0x00000000   Number         0  printf7.o ABSOLUTE
    ../clib/microlib/printf/printf.c         0x00000000   Number         0  printf3.o ABSOLUTE
    ../clib/microlib/printf/printf.c         0x00000000   Number         0  printf4.o ABSOLUTE
    ../clib/microlib/printf/printf.c         0x00000000   Number         0  printf5.o ABSOLUTE
    ../clib/microlib/printf/printf.c         0x00000000   Number         0  printf6.o ABSOLUTE
    ../clib/microlib/printf/printf.c         0x00000000   Number         0  printf8.o ABSOLUTE
    ../clib/microlib/printf/printf.c         0x00000000   Number         0  printfa.o ABSOLUTE
    ../clib/microlib/printf/printf.c         0x00000000   Number         0  printf1.o ABSOLUTE
    ../clib/microlib/printf/printf.c         0x00000000   Number         0  printfb.o ABSOLUTE
    ../clib/microlib/printf/printf.c         0x00000000   Number         0  printf0.o ABSOLUTE
    ../clib/microlib/printf/stubs.s          0x00000000   Number         0  stubs.o ABSOLUTE
    ../clib/microlib/stdio/streams.c         0x00000000   Number         0  stdout.o ABSOLUTE
    ../clib/microlib/string/memcpy.c         0x00000000   Number         0  memcpya.o ABSOLUTE
    ../clib/microlib/string/memcpy.c         0x00000000   Number         0  memcpyb.o ABSOLUTE
    ../clib/microlib/string/memset.c         0x00000000   Number         0  memseta.o ABSOLUTE
    ../clib/microlib/string/strcpy.c         0x00000000   Number         0  strcpy.o ABSOLUTE
    ../clib/microlib/stubs.s                 0x00000000   Number         0  iusefp.o ABSOLUTE
    ../clib/scanf.c                          0x00000000   Number         0  _chval.o ABSOLUTE
    ../clib/scanf.c                          0x00000000   Number         0  atoi.o ABSOLUTE
    ../clib/scanf.c                          0x00000000   Number         0  strtol.o ABSOLUTE
    ../clib/scanf.c                          0x00000000   Number         0  _strtoul.o ABSOLUTE
    ../fplib/microlib/fpadd.c                0x00000000   Number         0  dadd.o ABSOLUTE
    ../fplib/microlib/fpdiv.c                0x00000000   Number         0  ddiv.o ABSOLUTE
    ../fplib/microlib/fpepilogue.c           0x00000000   Number         0  depilogue.o ABSOLUTE
    ../fplib/microlib/fpfix.c                0x00000000   Number         0  dfixul.o ABSOLUTE
    ../fplib/microlib/fpmul.c                0x00000000   Number         0  dmul.o ABSOLUTE
    ..\BL_Driver\BL_SystemInit.c             0x00000000   Number         0  bl_systeminit.o ABSOLUTE
    ..\BL_Driver\adc.c                       0x00000000   Number         0  adc.o ABSOLUTE
    ..\BL_Driver\esp8266.c                   0x00000000   Number         0  esp8266.o ABSOLUTE
    ..\BL_Driver\flash.c                     0x00000000   Number         0  flash.o ABSOLUTE
    ..\BL_Driver\gpio.c                      0x00000000   Number         0  gpio.o ABSOLUTE
    ..\BL_Driver\pwm.c                       0x00000000   Number         0  pwm.o ABSOLUTE
    ..\BL_Driver\timer.c                     0x00000000   Number         0  timer.o ABSOLUTE
    ..\BL_Driver\uart.c                      0x00000000   Number         0  uart.o ABSOLUTE
    ..\BL_Middlewares\DiagCom.c              0x00000000   Number         0  diagcom.o ABSOLUTE
    ..\BL_Middlewares\dem.c                  0x00000000   Number         0  dem.o ABSOLUTE
    ..\BL_Middlewares\pid.c                  0x00000000   Number         0  pid_1.o ABSOLUTE
    ..\BL_Middlewares\powermanager.c         0x00000000   Number         0  powermanager.o ABSOLUTE
    ..\Drivers\CMSIS\Device\ST\STM32F4xx\Source\Templates\system_stm32f4xx.c 0x00000000   Number         0  system_stm32f4xx.o ABSOLUTE
    ..\Drivers\STM32F4xx_HAL_Driver\Src\stm32f4xx_hal.c 0x00000000   Number         0  stm32f4xx_hal.o ABSOLUTE
    ..\Drivers\STM32F4xx_HAL_Driver\Src\stm32f4xx_hal_adc.c 0x00000000   Number         0  stm32f4xx_hal_adc.o ABSOLUTE
    ..\Drivers\STM32F4xx_HAL_Driver\Src\stm32f4xx_hal_adc_ex.c 0x00000000   Number         0  stm32f4xx_hal_adc_ex.o ABSOLUTE
    ..\Drivers\STM32F4xx_HAL_Driver\Src\stm32f4xx_hal_cortex.c 0x00000000   Number         0  stm32f4xx_hal_cortex.o ABSOLUTE
    ..\Drivers\STM32F4xx_HAL_Driver\Src\stm32f4xx_hal_dma.c 0x00000000   Number         0  stm32f4xx_hal_dma.o ABSOLUTE
    ..\Drivers\STM32F4xx_HAL_Driver\Src\stm32f4xx_hal_dma_ex.c 0x00000000   Number         0  stm32f4xx_hal_dma_ex.o ABSOLUTE
    ..\Drivers\STM32F4xx_HAL_Driver\Src\stm32f4xx_hal_flash.c 0x00000000   Number         0  stm32f4xx_hal_flash.o ABSOLUTE
    ..\Drivers\STM32F4xx_HAL_Driver\Src\stm32f4xx_hal_flash_ex.c 0x00000000   Number         0  stm32f4xx_hal_flash_ex.o ABSOLUTE
    ..\Drivers\STM32F4xx_HAL_Driver\Src\stm32f4xx_hal_flash_ramfunc.c 0x00000000   Number         0  stm32f4xx_hal_flash_ramfunc.o ABSOLUTE
    ..\Drivers\STM32F4xx_HAL_Driver\Src\stm32f4xx_hal_gpio.c 0x00000000   Number         0  stm32f4xx_hal_gpio.o ABSOLUTE
    ..\Drivers\STM32F4xx_HAL_Driver\Src\stm32f4xx_hal_pwr.c 0x00000000   Number         0  stm32f4xx_hal_pwr.o ABSOLUTE
    ..\Drivers\STM32F4xx_HAL_Driver\Src\stm32f4xx_hal_pwr_ex.c 0x00000000   Number         0  stm32f4xx_hal_pwr_ex.o ABSOLUTE
    ..\Drivers\STM32F4xx_HAL_Driver\Src\stm32f4xx_hal_rcc.c 0x00000000   Number         0  stm32f4xx_hal_rcc.o ABSOLUTE
    ..\Drivers\STM32F4xx_HAL_Driver\Src\stm32f4xx_hal_rcc_ex.c 0x00000000   Number         0  stm32f4xx_hal_rcc_ex.o ABSOLUTE
    ..\Drivers\STM32F4xx_HAL_Driver\Src\stm32f4xx_hal_tim.c 0x00000000   Number         0  stm32f4xx_hal_tim.o ABSOLUTE
    ..\Drivers\STM32F4xx_HAL_Driver\Src\stm32f4xx_hal_tim_ex.c 0x00000000   Number         0  stm32f4xx_hal_tim_ex.o ABSOLUTE
    ..\Drivers\STM32F4xx_HAL_Driver\Src\stm32f4xx_hal_uart.c 0x00000000   Number         0  stm32f4xx_hal_uart.o ABSOLUTE
    ..\Middlewares\Third_Party\FreeRTOS\Source\CMSIS_RTOS\cmsis_os.c 0x00000000   Number         0  cmsis_os.o ABSOLUTE
    ..\Middlewares\Third_Party\FreeRTOS\Source\portable\RVDS\ARM_CM4F\port.c 0x00000000   Number         0  port.o ABSOLUTE
    ..\Src\main.c                            0x00000000   Number         0  main.o ABSOLUTE
    ..\Src\stm32f4xx_hal_msp.c               0x00000000   Number         0  stm32f4xx_hal_msp.o ABSOLUTE
    ..\Src\stm32f4xx_it.c                    0x00000000   Number         0  stm32f4xx_it.o ABSOLUTE
    ..\\BL_Driver\\BL_SystemInit.c           0x00000000   Number         0  bl_systeminit.o ABSOLUTE
    ..\\BL_Driver\\adc.c                     0x00000000   Number         0  adc.o ABSOLUTE
    ..\\BL_Driver\\esp8266.c                 0x00000000   Number         0  esp8266.o ABSOLUTE
    ..\\BL_Driver\\flash.c                   0x00000000   Number         0  flash.o ABSOLUTE
    ..\\BL_Driver\\gpio.c                    0x00000000   Number         0  gpio.o ABSOLUTE
    ..\\BL_Driver\\pwm.c                     0x00000000   Number         0  pwm.o ABSOLUTE
    ..\\BL_Driver\\timer.c                   0x00000000   Number         0  timer.o ABSOLUTE
    ..\\BL_Driver\\uart.c                    0x00000000   Number         0  uart.o ABSOLUTE
    ..\\BL_Middlewares\\DiagCom.c            0x00000000   Number         0  diagcom.o ABSOLUTE
    ..\\Drivers\\STM32F4xx_HAL_Driver\\Src\\stm32f4xx_hal_tim.c 0x00000000   Number         0  stm32f4xx_hal_tim.o ABSOLUTE
    ..\\Drivers\\STM32F4xx_HAL_Driver\\Src\\stm32f4xx_hal_tim_ex.c 0x00000000   Number         0  stm32f4xx_hal_tim_ex.o ABSOLUTE
    cdrcmple.s                               0x00000000   Number         0  cdrcmple.o ABSOLUTE
    dc.s                                     0x00000000   Number         0  dc.o ABSOLUTE
    handlers.s                               0x00000000   Number         0  handlers.o ABSOLUTE
    init.s                                   0x00000000   Number         0  init.o ABSOLUTE
    RESET                                    0x08000000   Section      392  startup_stm32f407xx.o(RESET)
    .ARM.Collect$$$$00000000                 0x08000188   Section        0  entry.o(.ARM.Collect$$$$00000000)
    .ARM.Collect$$$$00000001                 0x08000188   Section        4  entry2.o(.ARM.Collect$$$$00000001)
    .ARM.Collect$$$$00000004                 0x0800018c   Section        4  entry5.o(.ARM.Collect$$$$00000004)
    .ARM.Collect$$$$00000008                 0x08000190   Section        0  entry7b.o(.ARM.Collect$$$$00000008)
    .ARM.Collect$$$$0000000A                 0x08000190   Section        0  entry8b.o(.ARM.Collect$$$$0000000A)
    .ARM.Collect$$$$0000000B                 0x08000190   Section        8  entry9a.o(.ARM.Collect$$$$0000000B)
    .ARM.Collect$$$$0000000D                 0x08000198   Section        0  entry10a.o(.ARM.Collect$$$$0000000D)
    .ARM.Collect$$$$0000000F                 0x08000198   Section        0  entry11a.o(.ARM.Collect$$$$0000000F)
    .ARM.Collect$$$$00002712                 0x08000198   Section        4  entry2.o(.ARM.Collect$$$$00002712)
    __lit__00000000                          0x08000198   Data           4  entry2.o(.ARM.Collect$$$$00002712)
    .emb_text                                0x0800019c   Section      186  port.o(.emb_text)
    $v0                                      0x0800019c   Number         0  port.o(.emb_text)
    .text                                    0x08000258   Section       36  startup_stm32f407xx.o(.text)
    $v0                                      0x08000258   Number         0  startup_stm32f407xx.o(.text)
    .text                                    0x0800027c   Section        0  memcpya.o(.text)
    .text                                    0x080002a0   Section        0  memseta.o(.text)
    .text                                    0x080002c4   Section        0  uidiv.o(.text)
    .text                                    0x080002f0   Section       36  init.o(.text)
    i.ADC_Init                               0x08000314   Section        0  stm32f4xx_hal_adc.o(i.ADC_Init)
    ADC_Init                                 0x08000315   Thumb Code   308  stm32f4xx_hal_adc.o(i.ADC_Init)
    i.BL_ADCInit                             0x0800044c   Section        0  adc.o(i.BL_ADCInit)
    i.ClearRxBuffer                          0x080004b4   Section        0  uart.o(i.ClearRxBuffer)
    i.Error_Handler                          0x080004d0   Section        0  dem.o(i.Error_Handler)
    i.GetDataRXcomplete                      0x080004d4   Section        0  uart.o(i.GetDataRXcomplete)
    i.HAL_ADC_ConfigChannel                  0x0800051c   Section        0  stm32f4xx_hal_adc.o(i.HAL_ADC_ConfigChannel)
    i.HAL_ADC_Init                           0x08000694   Section        0  stm32f4xx_hal_adc.o(i.HAL_ADC_Init)
    i.HAL_ADC_MspInit                        0x080006ec   Section        0  stm32f4xx_hal_msp.o(i.HAL_ADC_MspInit)
    i.HAL_ADC_Start                          0x08000764   Section        0  stm32f4xx_hal_adc.o(i.HAL_ADC_Start)
    i.HAL_DMA_Abort_IT                       0x08000848   Section        0  stm32f4xx_hal_dma.o(i.HAL_DMA_Abort_IT)
    i.HAL_Delay                              0x0800086c   Section        0  stm32f4xx_hal.o(i.HAL_Delay)
    i.HAL_GPIO_Init                          0x08000884   Section        0  stm32f4xx_hal_gpio.o(i.HAL_GPIO_Init)
    i.HAL_GPIO_TogglePin                     0x08000a84   Section        0  stm32f4xx_hal_gpio.o(i.HAL_GPIO_TogglePin)
    i.HAL_GPIO_WritePin                      0x08000a8c   Section        0  stm32f4xx_hal_gpio.o(i.HAL_GPIO_WritePin)
    i.HAL_GetTick                            0x08000a9c   Section        0  stm32f4xx_hal.o(i.HAL_GetTick)
    i.HAL_IncTick                            0x08000aa8   Section        0  stm32f4xx_hal.o(i.HAL_IncTick)
    i.HAL_Init                               0x08000ab8   Section        0  stm32f4xx_hal.o(i.HAL_Init)
    i.HAL_InitTick                           0x08000aec   Section        0  stm32f4xx_hal.o(i.HAL_InitTick)
    i.HAL_MspInit                            0x08000b14   Section        0  stm32f4xx_hal_msp.o(i.HAL_MspInit)
    i.HAL_NVIC_EnableIRQ                     0x08000b6c   Section        0  stm32f4xx_hal_cortex.o(i.HAL_NVIC_EnableIRQ)
    i.HAL_NVIC_SetPriority                   0x08000b84   Section        0  stm32f4xx_hal_cortex.o(i.HAL_NVIC_SetPriority)
    i.HAL_NVIC_SetPriorityGrouping           0x08000bec   Section        0  stm32f4xx_hal_cortex.o(i.HAL_NVIC_SetPriorityGrouping)
    i.HAL_RCC_ClockConfig                    0x08000c10   Section        0  stm32f4xx_hal_rcc.o(i.HAL_RCC_ClockConfig)
    i.HAL_RCC_GetHCLKFreq                    0x08000e00   Section        0  stm32f4xx_hal_rcc.o(i.HAL_RCC_GetHCLKFreq)
    i.HAL_RCC_GetPCLK1Freq                   0x08000e0c   Section        0  stm32f4xx_hal_rcc.o(i.HAL_RCC_GetPCLK1Freq)
    i.HAL_RCC_GetPCLK2Freq                   0x08000e38   Section        0  stm32f4xx_hal_rcc.o(i.HAL_RCC_GetPCLK2Freq)
    i.HAL_RCC_GetSysClockFreq                0x08000e64   Section        0  stm32f4xx_hal_rcc.o(i.HAL_RCC_GetSysClockFreq)
    i.HAL_RCC_OscConfig                      0x08000ef0   Section        0  stm32f4xx_hal_rcc.o(i.HAL_RCC_OscConfig)
    i.HAL_SYSTICK_CLKSourceConfig            0x08001330   Section        0  stm32f4xx_hal_cortex.o(i.HAL_SYSTICK_CLKSourceConfig)
    i.HAL_SYSTICK_Config                     0x0800134c   Section        0  stm32f4xx_hal_cortex.o(i.HAL_SYSTICK_Config)
    i.HAL_TIMEx_BreakCallback                0x08001374   Section        0  stm32f4xx_hal_tim_ex.o(i.HAL_TIMEx_BreakCallback)
    i.HAL_TIMEx_CommutationCallback          0x08001376   Section        0  stm32f4xx_hal_tim_ex.o(i.HAL_TIMEx_CommutationCallback)
    i.HAL_TIMEx_ConfigBreakDeadTime          0x08001378   Section        0  stm32f4xx_hal_tim_ex.o(i.HAL_TIMEx_ConfigBreakDeadTime)
    i.HAL_TIMEx_MasterConfigSynchronization  0x080013d4   Section        0  stm32f4xx_hal_tim_ex.o(i.HAL_TIMEx_MasterConfigSynchronization)
    i.HAL_TIM_Base_Start_IT                  0x0800143a   Section        0  stm32f4xx_hal_tim.o(i.HAL_TIM_Base_Start_IT)
    i.HAL_TIM_IC_CaptureCallback             0x08001452   Section        0  stm32f4xx_hal_tim.o(i.HAL_TIM_IC_CaptureCallback)
    i.HAL_TIM_IRQHandler                     0x08001454   Section        0  stm32f4xx_hal_tim.o(i.HAL_TIM_IRQHandler)
    i.HAL_TIM_MspPostInit                    0x080015c8   Section        0  pwm.o(i.HAL_TIM_MspPostInit)
    i.HAL_TIM_OC_DelayElapsedCallback        0x0800161c   Section        0  stm32f4xx_hal_tim.o(i.HAL_TIM_OC_DelayElapsedCallback)
    i.HAL_TIM_PWM_ConfigChannel              0x0800161e   Section        0  stm32f4xx_hal_tim.o(i.HAL_TIM_PWM_ConfigChannel)
    i.HAL_TIM_PWM_Init                       0x080016fa   Section        0  stm32f4xx_hal_tim.o(i.HAL_TIM_PWM_Init)
    i.HAL_TIM_PWM_MspInit                    0x08001734   Section        0  stm32f4xx_hal_msp.o(i.HAL_TIM_PWM_MspInit)
    i.HAL_TIM_PWM_PulseFinishedCallback      0x0800177c   Section        0  stm32f4xx_hal_tim.o(i.HAL_TIM_PWM_PulseFinishedCallback)
    i.HAL_TIM_PWM_Start                      0x0800177e   Section        0  stm32f4xx_hal_tim.o(i.HAL_TIM_PWM_Start)
    i.HAL_TIM_PeriodElapsedCallback          0x080017b4   Section        0  timer.o(i.HAL_TIM_PeriodElapsedCallback)
    i.HAL_TIM_TriggerCallback                0x080017d0   Section        0  stm32f4xx_hal_tim.o(i.HAL_TIM_TriggerCallback)
    i.HAL_UART_ErrorCallback                 0x080017d2   Section        0  stm32f4xx_hal_uart.o(i.HAL_UART_ErrorCallback)
    i.HAL_UART_IRQHandler                    0x080017d4   Section        0  stm32f4xx_hal_uart.o(i.HAL_UART_IRQHandler)
    i.HAL_UART_Init                          0x0800190c   Section        0  stm32f4xx_hal_uart.o(i.HAL_UART_Init)
    i.HAL_UART_MspInit                       0x08001970   Section        0  stm32f4xx_hal_msp.o(i.HAL_UART_MspInit)
    i.HAL_UART_Receive_IT                    0x080019cc   Section        0  stm32f4xx_hal_uart.o(i.HAL_UART_Receive_IT)
    i.HAL_UART_RxCpltCallback                0x08001a18   Section        0  uart.o(i.HAL_UART_RxCpltCallback)
    i.HAL_UART_Transmit                      0x08001aa0   Section        0  stm32f4xx_hal_uart.o(i.HAL_UART_Transmit)
    i.HAL_UART_TxCpltCallback                0x08001b7c   Section        0  stm32f4xx_hal_uart.o(i.HAL_UART_TxCpltCallback)
    i.InitESp8266                            0x08001b80   Section        0  esp8266.o(i.InitESp8266)
    i.InitPwm2Motors                         0x08001c5c   Section        0  pwm.o(i.InitPwm2Motors)
    i.InitRCServo                            0x08001c9c   Section        0  pwm.o(i.InitRCServo)
    i.MX_ADC1_Init                           0x08001cb4   Section        0  adc.o(i.MX_ADC1_Init)
    MX_ADC1_Init                             0x08001cb5   Thumb Code    72  adc.o(i.MX_ADC1_Init)
    i.MX_GPIO_Init                           0x08001d04   Section        0  gpio.o(i.MX_GPIO_Init)
    i.MX_TIM1_Init                           0x08001ec0   Section        0  pwm.o(i.MX_TIM1_Init)
    MX_TIM1_Init                             0x08001ec1   Thumb Code   146  pwm.o(i.MX_TIM1_Init)
    i.MX_TIM3_Init                           0x08001f60   Section        0  pwm.o(i.MX_TIM3_Init)
    MX_TIM3_Init                             0x08001f61   Thumb Code    92  pwm.o(i.MX_TIM3_Init)
    i.MX_USART_UART_Init                     0x08001fc4   Section        0  uart.o(i.MX_USART_UART_Init)
    i.ReadADCThreshold                       0x08002000   Section        0  flash.o(i.ReadADCThreshold)
    i.StartUserTask                          0x08002024   Section        0  main.o(i.StartUserTask)
    i.SysTick_Handler                        0x08002058   Section        0  stm32f4xx_it.o(i.SysTick_Handler)
    i.SystemClock_Config                     0x08002068   Section        0  bl_systeminit.o(i.SystemClock_Config)
    i.SystemInit                             0x0800210c   Section        0  system_stm32f4xx.o(i.SystemInit)
    i.TIM6_DAC_IRQHandler                    0x08002164   Section        0  timer.o(i.TIM6_DAC_IRQHandler)
    i.TIM_Base_SetConfig                     0x0800217c   Section        0  stm32f4xx_hal_tim.o(i.TIM_Base_SetConfig)
    i.TIM_CCxChannelCmd                      0x08002230   Section        0  stm32f4xx_hal_tim.o(i.TIM_CCxChannelCmd)
    i.TIM_OC1_SetConfig                      0x0800224a   Section        0  stm32f4xx_hal_tim.o(i.TIM_OC1_SetConfig)
    TIM_OC1_SetConfig                        0x0800224b   Thumb Code   100  stm32f4xx_hal_tim.o(i.TIM_OC1_SetConfig)
    i.TIM_OC2_SetConfig                      0x080022ae   Section        0  stm32f4xx_hal_tim.o(i.TIM_OC2_SetConfig)
    i.TIM_OC3_SetConfig                      0x0800231a   Section        0  stm32f4xx_hal_tim.o(i.TIM_OC3_SetConfig)
    TIM_OC3_SetConfig                        0x0800231b   Thumb Code   108  stm32f4xx_hal_tim.o(i.TIM_OC3_SetConfig)
    i.TIM_OC4_SetConfig                      0x08002386   Section        0  stm32f4xx_hal_tim.o(i.TIM_OC4_SetConfig)
    TIM_OC4_SetConfig                        0x08002387   Thumb Code    84  stm32f4xx_hal_tim.o(i.TIM_OC4_SetConfig)
    i.UART_DMAAbortOnError                   0x080023da   Section        0  stm32f4xx_hal_uart.o(i.UART_DMAAbortOnError)
    UART_DMAAbortOnError                     0x080023db   Thumb Code    16  stm32f4xx_hal_uart.o(i.UART_DMAAbortOnError)
    i.UART_EndRxTransfer                     0x080023ea   Section        0  stm32f4xx_hal_uart.o(i.UART_EndRxTransfer)
    UART_EndRxTransfer                       0x080023eb   Thumb Code    28  stm32f4xx_hal_uart.o(i.UART_EndRxTransfer)
    i.UART_EndTransmit_IT                    0x08002406   Section        0  stm32f4xx_hal_uart.o(i.UART_EndTransmit_IT)
    UART_EndTransmit_IT                      0x08002407   Thumb Code    26  stm32f4xx_hal_uart.o(i.UART_EndTransmit_IT)
    i.UART_Receive_IT                        0x08002420   Section        0  stm32f4xx_hal_uart.o(i.UART_Receive_IT)
    UART_Receive_IT                          0x08002421   Thumb Code   146  stm32f4xx_hal_uart.o(i.UART_Receive_IT)
    i.UART_SetConfig                         0x080024b4   Section        0  stm32f4xx_hal_uart.o(i.UART_SetConfig)
    UART_SetConfig                           0x080024b5   Thumb Code   822  stm32f4xx_hal_uart.o(i.UART_SetConfig)
    i.UART_Transmit_IT                       0x080027f8   Section        0  stm32f4xx_hal_uart.o(i.UART_Transmit_IT)
    UART_Transmit_IT                         0x080027f9   Thumb Code   102  stm32f4xx_hal_uart.o(i.UART_Transmit_IT)
    i.UART_WaitOnFlagUntilTimeout            0x0800285e   Section        0  stm32f4xx_hal_uart.o(i.UART_WaitOnFlagUntilTimeout)
    UART_WaitOnFlagUntilTimeout              0x0800285f   Thumb Code   120  stm32f4xx_hal_uart.o(i.UART_WaitOnFlagUntilTimeout)
    i.USART2_IRQHandler                      0x080028d8   Section        0  uart.o(i.USART2_IRQHandler)
    i.__0printf$3                            0x080028e4   Section        0  printf3.o(i.__0printf$3)
    i.__scatterload_copy                     0x08002904   Section       14  handlers.o(i.__scatterload_copy)
    i.__scatterload_null                     0x08002912   Section        2  handlers.o(i.__scatterload_null)
    i.__scatterload_zeroinit                 0x08002914   Section       14  handlers.o(i.__scatterload_zeroinit)
    i._printf_core                           0x08002924   Section        0  printf3.o(i._printf_core)
    _printf_core                             0x08002925   Thumb Code   436  printf3.o(i._printf_core)
    i.fputc                                  0x08002adc   Section        0  uart.o(i.fputc)
    i.main                                   0x08002af4   Section        0  main.o(i.main)
    i.makeFreeRtosPriority                   0x08002b3c   Section        0  cmsis_os.o(i.makeFreeRtosPriority)
    makeFreeRtosPriority                     0x08002b3d   Thumb Code    12  cmsis_os.o(i.makeFreeRtosPriority)
    i.osDelay                                0x08002b48   Section        0  cmsis_os.o(i.osDelay)
    i.osKernelStart                          0x08002b58   Section        0  cmsis_os.o(i.osKernelStart)
    i.osSystickHandler                       0x08002b62   Section        0  cmsis_os.o(i.osSystickHandler)
    i.osThreadCreate                         0x08002b76   Section        0  cmsis_os.o(i.osThreadCreate)
    i.prvAddCurrentTaskToDelayedList         0x08002bb0   Section        0  tasks.o(i.prvAddCurrentTaskToDelayedList)
    prvAddCurrentTaskToDelayedList           0x08002bb1   Thumb Code    50  tasks.o(i.prvAddCurrentTaskToDelayedList)
    i.prvAllocateTCBAndStack                 0x08002be8   Section        0  tasks.o(i.prvAllocateTCBAndStack)
    prvAllocateTCBAndStack                   0x08002be9   Thumb Code    62  tasks.o(i.prvAllocateTCBAndStack)
    i.prvCheckTasksWaitingTermination        0x08002c28   Section        0  tasks.o(i.prvCheckTasksWaitingTermination)
    prvCheckTasksWaitingTermination          0x08002c29   Thumb Code    78  tasks.o(i.prvCheckTasksWaitingTermination)
    i.prvDeleteTCB                           0x08002c80   Section        0  tasks.o(i.prvDeleteTCB)
    prvDeleteTCB                             0x08002c81   Thumb Code    20  tasks.o(i.prvDeleteTCB)
    i.prvHeapInit                            0x08002c94   Section        0  heap_4.o(i.prvHeapInit)
    prvHeapInit                              0x08002c95   Thumb Code    70  heap_4.o(i.prvHeapInit)
    i.prvIdleTask                            0x08002ce4   Section        0  tasks.o(i.prvIdleTask)
    prvIdleTask                              0x08002ce5   Thumb Code    30  tasks.o(i.prvIdleTask)
    i.prvInitialiseTCBVariables              0x08002d0c   Section        0  tasks.o(i.prvInitialiseTCBVariables)
    prvInitialiseTCBVariables                0x08002d0d   Thumb Code    76  tasks.o(i.prvInitialiseTCBVariables)
    i.prvInitialiseTaskLists                 0x08002d58   Section        0  tasks.o(i.prvInitialiseTaskLists)
    prvInitialiseTaskLists                   0x08002d59   Thumb Code    66  tasks.o(i.prvInitialiseTaskLists)
    i.prvInsertBlockIntoFreeList             0x08002db8   Section        0  heap_4.o(i.prvInsertBlockIntoFreeList)
    prvInsertBlockIntoFreeList               0x08002db9   Thumb Code    84  heap_4.o(i.prvInsertBlockIntoFreeList)
    i.prvResetNextTaskUnblockTime            0x08002e14   Section        0  tasks.o(i.prvResetNextTaskUnblockTime)
    prvResetNextTaskUnblockTime              0x08002e15   Thumb Code    30  tasks.o(i.prvResetNextTaskUnblockTime)
    i.prvTaskExitError                       0x08002e38   Section        0  port.o(i.prvTaskExitError)
    prvTaskExitError                         0x08002e39   Thumb Code    42  port.o(i.prvTaskExitError)
    i.pvPortMalloc                           0x08002e68   Section        0  heap_4.o(i.pvPortMalloc)
    i.pxPortInitialiseStack                  0x08002f4c   Section        0  port.o(i.pxPortInitialiseStack)
    i.uxListRemove                           0x08002f74   Section        0  list.o(i.uxListRemove)
    i.vApplicationStackOverflowHook          0x08002f98   Section        0  freertos.o(i.vApplicationStackOverflowHook)
    i.vListInitialise                        0x08002f9a   Section        0  list.o(i.vListInitialise)
    i.vListInitialiseItem                    0x08002fb0   Section        0  list.o(i.vListInitialiseItem)
    i.vListInsert                            0x08002fb6   Section        0  list.o(i.vListInsert)
    i.vListInsertEnd                         0x08002fec   Section        0  list.o(i.vListInsertEnd)
    i.vPortEnterCritical                     0x08003004   Section        0  port.o(i.vPortEnterCritical)
    i.vPortExitCritical                      0x08003044   Section        0  port.o(i.vPortExitCritical)
    i.vPortFree                              0x08003070   Section        0  heap_4.o(i.vPortFree)
    i.vPortSetupTimerInterrupt               0x080030cc   Section        0  port.o(i.vPortSetupTimerInterrupt)
    i.vTaskDelay                             0x080030ec   Section        0  tasks.o(i.vTaskDelay)
    i.vTaskStartScheduler                    0x0800315c   Section        0  tasks.o(i.vTaskStartScheduler)
    i.vTaskSuspendAll                        0x080031c8   Section        0  tasks.o(i.vTaskSuspendAll)
    i.vTaskSwitchContext                     0x080031d8   Section        0  tasks.o(i.vTaskSwitchContext)
    i.xPortStartScheduler                    0x08003250   Section        0  port.o(i.xPortStartScheduler)
    i.xPortSysTickHandler                    0x08003344   Section        0  port.o(i.xPortSysTickHandler)
    i.xTaskGenericCreate                     0x08003370   Section        0  tasks.o(i.xTaskGenericCreate)
    i.xTaskGetSchedulerState                 0x08003478   Section        0  tasks.o(i.xTaskGetSchedulerState)
    i.xTaskIncrementTick                     0x08003494   Section        0  tasks.o(i.xTaskIncrementTick)
    i.xTaskResumeAll                         0x08003568   Section        0  tasks.o(i.xTaskResumeAll)
    .constdata                               0x08003630   Section       16  stm32f4xx_hal_rcc.o(.constdata)
    .constdata                               0x08003640   Section       20  main.o(.constdata)
    .conststring                             0x08003654   Section        9  main.o(.conststring)
    .data                                    0x20000000   Section        4  stm32f4xx_hal.o(.data)
    .data                                    0x20000004   Section        4  system_stm32f4xx.o(.data)
    .data                                    0x20000008   Section       24  heap_4.o(.data)
    pxEnd                                    0x20000008   Data           4  heap_4.o(.data)
    xFreeBytesRemaining                      0x2000000c   Data           4  heap_4.o(.data)
    xMinimumEverFreeBytesRemaining           0x20000010   Data           4  heap_4.o(.data)
    xBlockAllocatedBit                       0x20000014   Data           4  heap_4.o(.data)
    xStart                                   0x20000018   Data           8  heap_4.o(.data)
    .data                                    0x20000020   Section       12  port.o(.data)
    ucMaxSysCallPriority                     0x20000020   Data           1  port.o(.data)
    uxCriticalNesting                        0x20000024   Data           4  port.o(.data)
    ulMaxPRIGROUPValue                       0x20000028   Data           4  port.o(.data)
    .data                                    0x2000002c   Section       56  tasks.o(.data)
    uxTasksDeleted                           0x20000030   Data           4  tasks.o(.data)
    uxCurrentNumberOfTasks                   0x20000034   Data           4  tasks.o(.data)
    xTickCount                               0x20000038   Data           4  tasks.o(.data)
    uxTopReadyPriority                       0x2000003c   Data           4  tasks.o(.data)
    xSchedulerRunning                        0x20000040   Data           4  tasks.o(.data)
    uxPendedTicks                            0x20000044   Data           4  tasks.o(.data)
    xYieldPending                            0x20000048   Data           4  tasks.o(.data)
    xNumOfOverflows                          0x2000004c   Data           4  tasks.o(.data)
    uxTaskNumber                             0x20000050   Data           4  tasks.o(.data)
    xNextTaskUnblockTime                     0x20000054   Data           4  tasks.o(.data)
    uxSchedulerSuspended                     0x20000058   Data           4  tasks.o(.data)
    pxDelayedTaskList                        0x2000005c   Data           4  tasks.o(.data)
    pxOverflowDelayedTaskList                0x20000060   Data           4  tasks.o(.data)
    .data                                    0x20000064   Section        4  uart.o(.data)
    IsRxcpltFlag_b                           0x20000064   Data           1  uart.o(.data)
    Rx_data                                  0x20000066   Data           2  uart.o(.data)
    .data                                    0x20000068   Section        4  adc.o(.data)
    IsFilterDone                             0x20000069   Data           1  adc.o(.data)
    EleBuffIndex                             0x2000006a   Data           1  adc.o(.data)
    .data                                    0x2000006c   Section        6  esp8266.o(.data)
    Rx_Buffer_cp                             0x2000006d   Data           5  esp8266.o(.data)
    .data                                    0x20000074   Section        4  main.o(.data)
    .data                                    0x20000078   Section        4  stdout.o(.data)
    .bss                                     0x2000007c   Section    15360  heap_4.o(.bss)
    ucHeap                                   0x2000007c   Data       15360  heap_4.o(.bss)
    .bss                                     0x20003c7c   Section      240  tasks.o(.bss)
    pxReadyTasksLists                        0x20003c7c   Data         140  tasks.o(.bss)
    xDelayedTaskList1                        0x20003d08   Data          20  tasks.o(.bss)
    xDelayedTaskList2                        0x20003d1c   Data          20  tasks.o(.bss)
    xPendingReadyList                        0x20003d30   Data          20  tasks.o(.bss)
    xTasksWaitingTermination                 0x20003d44   Data          20  tasks.o(.bss)
    xSuspendedTaskList                       0x20003d58   Data          20  tasks.o(.bss)
    .bss                                     0x20003d6c   Section       74  uart.o(.bss)
    Rx_Buffer                                0x20003dac   Data          10  uart.o(.bss)
    .bss                                     0x20003db8   Section      280  adc.o(.bss)
    ADCSensorBlackUpperThres                 0x20003e48   Data          16  adc.o(.bss)
    ADCSensorWhiteLowerThres                 0x20003e58   Data          16  adc.o(.bss)
    .bss                                     0x20003ed0   Section      120  pwm.o(.bss)
    .bss                                     0x20003f48   Section       60  timer.o(.bss)
    STACK                                    0x20003f88   Section     1024  startup_stm32f407xx.o(STACK)

    Global Symbols

    Symbol Name                              Value     Ov Type        Size  Object(Section)

    BuildAttributes$$THM_ISAv4$E$P$D$K$B$S$7EM$VFPi3$EXTD16$VFPS$VFMA$PE$A:L22UL41UL21$X:L11$S22US41US21$IEEE1$IW$USESV6$~STKCKD$USESV7$~SHL$OTIME$ROPI$EBA8$MICROLIB$REQ8$PRES8$EABIv2 0x00000000   Number         0  anon$$obj.o ABSOLUTE
    __ARM_use_no_argv                        0x00000000   Number         0  main.o ABSOLUTE
    _printf_a                                0x00000000   Number         0  stubs.o ABSOLUTE
    _printf_c                                0x00000000   Number         0  stubs.o ABSOLUTE
    _printf_charcount                        0x00000000   Number         0  stubs.o ABSOLUTE
    _printf_d                                0x00000000   Number         0  stubs.o ABSOLUTE
    _printf_e                                0x00000000   Number         0  stubs.o ABSOLUTE
    _printf_f                                0x00000000   Number         0  stubs.o ABSOLUTE
    _printf_flags                            0x00000000   Number         0  stubs.o ABSOLUTE
    _printf_fp_dec                           0x00000000   Number         0  stubs.o ABSOLUTE
    _printf_fp_hex                           0x00000000   Number         0  stubs.o ABSOLUTE
    _printf_g                                0x00000000   Number         0  stubs.o ABSOLUTE
    _printf_i                                0x00000000   Number         0  stubs.o ABSOLUTE
    _printf_int_dec                          0x00000000   Number         0  stubs.o ABSOLUTE
    _printf_l                                0x00000000   Number         0  stubs.o ABSOLUTE
    _printf_lc                               0x00000000   Number         0  stubs.o ABSOLUTE
    _printf_ll                               0x00000000   Number         0  stubs.o ABSOLUTE
    _printf_lld                              0x00000000   Number         0  stubs.o ABSOLUTE
    _printf_lli                              0x00000000   Number         0  stubs.o ABSOLUTE
    _printf_llo                              0x00000000   Number         0  stubs.o ABSOLUTE
    _printf_llu                              0x00000000   Number         0  stubs.o ABSOLUTE
    _printf_llx                              0x00000000   Number         0  stubs.o ABSOLUTE
    _printf_longlong_dec                     0x00000000   Number         0  stubs.o ABSOLUTE
    _printf_longlong_hex                     0x00000000   Number         0  stubs.o ABSOLUTE
    _printf_longlong_oct                     0x00000000   Number         0  stubs.o ABSOLUTE
    _printf_ls                               0x00000000   Number         0  stubs.o ABSOLUTE
    _printf_mbtowc                           0x00000000   Number         0  stubs.o ABSOLUTE
    _printf_n                                0x00000000   Number         0  stubs.o ABSOLUTE
    _printf_o                                0x00000000   Number         0  stubs.o ABSOLUTE
    _printf_p                                0x00000000   Number         0  stubs.o ABSOLUTE
    _printf_percent                          0x00000000   Number         0  stubs.o ABSOLUTE
    _printf_pre_padding                      0x00000000   Number         0  stubs.o ABSOLUTE
    _printf_return_value                     0x00000000   Number         0  stubs.o ABSOLUTE
    _printf_s                                0x00000000   Number         0  stubs.o ABSOLUTE
    _printf_sizespec                         0x00000000   Number         0  stubs.o ABSOLUTE
    _printf_str                              0x00000000   Number         0  stubs.o ABSOLUTE
    _printf_truncate_signed                  0x00000000   Number         0  stubs.o ABSOLUTE
    _printf_truncate_unsigned                0x00000000   Number         0  stubs.o ABSOLUTE
    _printf_u                                0x00000000   Number         0  stubs.o ABSOLUTE
    _printf_wc                               0x00000000   Number         0  stubs.o ABSOLUTE
    _printf_wctomb                           0x00000000   Number         0  stubs.o ABSOLUTE
    _printf_widthprec                        0x00000000   Number         0  stubs.o ABSOLUTE
    _printf_x                                0x00000000   Number         0  stubs.o ABSOLUTE
    __cpp_initialize__aeabi_                  - Undefined Weak Reference
    __cxa_finalize                            - Undefined Weak Reference
    __decompress                              - Undefined Weak Reference
    _clock_init                               - Undefined Weak Reference
    _microlib_exit                            - Undefined Weak Reference
    __Vectors_Size                           0x00000188   Number         0  startup_stm32f407xx.o ABSOLUTE
    __Vectors                                0x08000000   Data           4  startup_stm32f407xx.o(RESET)
    __Vectors_End                            0x08000188   Data           0  startup_stm32f407xx.o(RESET)
    __main                                   0x08000189   Thumb Code     0  entry.o(.ARM.Collect$$$$00000000)
    _main_stk                                0x08000189   Thumb Code     0  entry2.o(.ARM.Collect$$$$00000001)
    _main_scatterload                        0x0800018d   Thumb Code     0  entry5.o(.ARM.Collect$$$$00000004)
    __main_after_scatterload                 0x08000191   Thumb Code     0  entry5.o(.ARM.Collect$$$$00000004)
    _main_clock                              0x08000191   Thumb Code     0  entry7b.o(.ARM.Collect$$$$00000008)
    _main_cpp_init                           0x08000191   Thumb Code     0  entry8b.o(.ARM.Collect$$$$0000000A)
    _main_init                               0x08000191   Thumb Code     0  entry9a.o(.ARM.Collect$$$$0000000B)
    __rt_final_cpp                           0x08000199   Thumb Code     0  entry10a.o(.ARM.Collect$$$$0000000D)
    __rt_final_exit                          0x08000199   Thumb Code     0  entry11a.o(.ARM.Collect$$$$0000000F)
    SVC_Handler                              0x0800019d   Thumb Code    28  port.o(.emb_text)
    __asm___6_port_c_39a90d8d__prvStartFirstTask 0x080001bd   Thumb Code    28  port.o(.emb_text)
    __asm___6_port_c_39a90d8d__prvEnableVFP  0x080001dd   Thumb Code    16  port.o(.emb_text)
    PendSV_Handler                           0x080001f1   Thumb Code    92  port.o(.emb_text)
    vPortGetIPSR                             0x08000251   Thumb Code     6  port.o(.emb_text)
    Reset_Handler                            0x08000259   Thumb Code     8  startup_stm32f407xx.o(.text)
    NMI_Handler                              0x08000261   Thumb Code     2  startup_stm32f407xx.o(.text)
    HardFault_Handler                        0x08000263   Thumb Code     2  startup_stm32f407xx.o(.text)
    MemManage_Handler                        0x08000265   Thumb Code     2  startup_stm32f407xx.o(.text)
    BusFault_Handler                         0x08000267   Thumb Code     2  startup_stm32f407xx.o(.text)
    UsageFault_Handler                       0x08000269   Thumb Code     2  startup_stm32f407xx.o(.text)
    DebugMon_Handler                         0x0800026d   Thumb Code     2  startup_stm32f407xx.o(.text)
    ADC_IRQHandler                           0x08000273   Thumb Code     0  startup_stm32f407xx.o(.text)
    CAN1_RX0_IRQHandler                      0x08000273   Thumb Code     0  startup_stm32f407xx.o(.text)
    CAN1_RX1_IRQHandler                      0x08000273   Thumb Code     0  startup_stm32f407xx.o(.text)
    CAN1_SCE_IRQHandler                      0x08000273   Thumb Code     0  startup_stm32f407xx.o(.text)
    CAN1_TX_IRQHandler                       0x08000273   Thumb Code     0  startup_stm32f407xx.o(.text)
    CAN2_RX0_IRQHandler                      0x08000273   Thumb Code     0  startup_stm32f407xx.o(.text)
    CAN2_RX1_IRQHandler                      0x08000273   Thumb Code     0  startup_stm32f407xx.o(.text)
    CAN2_SCE_IRQHandler                      0x08000273   Thumb Code     0  startup_stm32f407xx.o(.text)
    CAN2_TX_IRQHandler                       0x08000273   Thumb Code     0  startup_stm32f407xx.o(.text)
    DCMI_IRQHandler                          0x08000273   Thumb Code     0  startup_stm32f407xx.o(.text)
    DMA1_Stream0_IRQHandler                  0x08000273   Thumb Code     0  startup_stm32f407xx.o(.text)
    DMA1_Stream1_IRQHandler                  0x08000273   Thumb Code     0  startup_stm32f407xx.o(.text)
    DMA1_Stream2_IRQHandler                  0x08000273   Thumb Code     0  startup_stm32f407xx.o(.text)
    DMA1_Stream3_IRQHandler                  0x08000273   Thumb Code     0  startup_stm32f407xx.o(.text)
    DMA1_Stream4_IRQHandler                  0x08000273   Thumb Code     0  startup_stm32f407xx.o(.text)
    DMA1_Stream5_IRQHandler                  0x08000273   Thumb Code     0  startup_stm32f407xx.o(.text)
    DMA1_Stream6_IRQHandler                  0x08000273   Thumb Code     0  startup_stm32f407xx.o(.text)
    DMA1_Stream7_IRQHandler                  0x08000273   Thumb Code     0  startup_stm32f407xx.o(.text)
    DMA2_Stream0_IRQHandler                  0x08000273   Thumb Code     0  startup_stm32f407xx.o(.text)
    DMA2_Stream1_IRQHandler                  0x08000273   Thumb Code     0  startup_stm32f407xx.o(.text)
    DMA2_Stream2_IRQHandler                  0x08000273   Thumb Code     0  startup_stm32f407xx.o(.text)
    DMA2_Stream3_IRQHandler                  0x08000273   Thumb Code     0  startup_stm32f407xx.o(.text)
    DMA2_Stream4_IRQHandler                  0x08000273   Thumb Code     0  startup_stm32f407xx.o(.text)
    DMA2_Stream5_IRQHandler                  0x08000273   Thumb Code     0  startup_stm32f407xx.o(.text)
    DMA2_Stream6_IRQHandler                  0x08000273   Thumb Code     0  startup_stm32f407xx.o(.text)
    DMA2_Stream7_IRQHandler                  0x08000273   Thumb Code     0  startup_stm32f407xx.o(.text)
    ETH_IRQHandler                           0x08000273   Thumb Code     0  startup_stm32f407xx.o(.text)
    ETH_WKUP_IRQHandler                      0x08000273   Thumb Code     0  startup_stm32f407xx.o(.text)
    EXTI0_IRQHandler                         0x08000273   Thumb Code     0  startup_stm32f407xx.o(.text)
    EXTI15_10_IRQHandler                     0x08000273   Thumb Code     0  startup_stm32f407xx.o(.text)
    EXTI1_IRQHandler                         0x08000273   Thumb Code     0  startup_stm32f407xx.o(.text)
    EXTI2_IRQHandler                         0x08000273   Thumb Code     0  startup_stm32f407xx.o(.text)
    EXTI3_IRQHandler                         0x08000273   Thumb Code     0  startup_stm32f407xx.o(.text)
    EXTI4_IRQHandler                         0x08000273   Thumb Code     0  startup_stm32f407xx.o(.text)
    EXTI9_5_IRQHandler                       0x08000273   Thumb Code     0  startup_stm32f407xx.o(.text)
    FLASH_IRQHandler                         0x08000273   Thumb Code     0  startup_stm32f407xx.o(.text)
    FMC_IRQHandler                           0x08000273   Thumb Code     0  startup_stm32f407xx.o(.text)
    FPU_IRQHandler                           0x08000273   Thumb Code     0  startup_stm32f407xx.o(.text)
    HASH_RNG_IRQHandler                      0x08000273   Thumb Code     0  startup_stm32f407xx.o(.text)
    I2C1_ER_IRQHandler                       0x08000273   Thumb Code     0  startup_stm32f407xx.o(.text)
    I2C1_EV_IRQHandler                       0x08000273   Thumb Code     0  startup_stm32f407xx.o(.text)
    I2C2_ER_IRQHandler                       0x08000273   Thumb Code     0  startup_stm32f407xx.o(.text)
    I2C2_EV_IRQHandler                       0x08000273   Thumb Code     0  startup_stm32f407xx.o(.text)
    I2C3_ER_IRQHandler                       0x08000273   Thumb Code     0  startup_stm32f407xx.o(.text)
    I2C3_EV_IRQHandler                       0x08000273   Thumb Code     0  startup_stm32f407xx.o(.text)
    OTG_FS_IRQHandler                        0x08000273   Thumb Code     0  startup_stm32f407xx.o(.text)
    OTG_FS_WKUP_IRQHandler                   0x08000273   Thumb Code     0  startup_stm32f407xx.o(.text)
    OTG_HS_EP1_IN_IRQHandler                 0x08000273   Thumb Code     0  startup_stm32f407xx.o(.text)
    OTG_HS_EP1_OUT_IRQHandler                0x08000273   Thumb Code     0  startup_stm32f407xx.o(.text)
    OTG_HS_IRQHandler                        0x08000273   Thumb Code     0  startup_stm32f407xx.o(.text)
    OTG_HS_WKUP_IRQHandler                   0x08000273   Thumb Code     0  startup_stm32f407xx.o(.text)
    PVD_IRQHandler                           0x08000273   Thumb Code     0  startup_stm32f407xx.o(.text)
    RCC_IRQHandler                           0x08000273   Thumb Code     0  startup_stm32f407xx.o(.text)
    RTC_Alarm_IRQHandler                     0x08000273   Thumb Code     0  startup_stm32f407xx.o(.text)
    RTC_WKUP_IRQHandler                      0x08000273   Thumb Code     0  startup_stm32f407xx.o(.text)
    SDIO_IRQHandler                          0x08000273   Thumb Code     0  startup_stm32f407xx.o(.text)
    SPI1_IRQHandler                          0x08000273   Thumb Code     0  startup_stm32f407xx.o(.text)
    SPI2_IRQHandler                          0x08000273   Thumb Code     0  startup_stm32f407xx.o(.text)
    SPI3_IRQHandler                          0x08000273   Thumb Code     0  startup_stm32f407xx.o(.text)
    TAMP_STAMP_IRQHandler                    0x08000273   Thumb Code     0  startup_stm32f407xx.o(.text)
    TIM1_BRK_TIM9_IRQHandler                 0x08000273   Thumb Code     0  startup_stm32f407xx.o(.text)
    TIM1_CC_IRQHandler                       0x08000273   Thumb Code     0  startup_stm32f407xx.o(.text)
    TIM1_TRG_COM_TIM11_IRQHandler            0x08000273   Thumb Code     0  startup_stm32f407xx.o(.text)
    TIM1_UP_TIM10_IRQHandler                 0x08000273   Thumb Code     0  startup_stm32f407xx.o(.text)
    TIM2_IRQHandler                          0x08000273   Thumb Code     0  startup_stm32f407xx.o(.text)
    TIM3_IRQHandler                          0x08000273   Thumb Code     0  startup_stm32f407xx.o(.text)
    TIM4_IRQHandler                          0x08000273   Thumb Code     0  startup_stm32f407xx.o(.text)
    TIM5_IRQHandler                          0x08000273   Thumb Code     0  startup_stm32f407xx.o(.text)
    TIM7_IRQHandler                          0x08000273   Thumb Code     0  startup_stm32f407xx.o(.text)
    TIM8_BRK_TIM12_IRQHandler                0x08000273   Thumb Code     0  startup_stm32f407xx.o(.text)
    TIM8_CC_IRQHandler                       0x08000273   Thumb Code     0  startup_stm32f407xx.o(.text)
    TIM8_TRG_COM_TIM14_IRQHandler            0x08000273   Thumb Code     0  startup_stm32f407xx.o(.text)
    TIM8_UP_TIM13_IRQHandler                 0x08000273   Thumb Code     0  startup_stm32f407xx.o(.text)
    UART4_IRQHandler                         0x08000273   Thumb Code     0  startup_stm32f407xx.o(.text)
    UART5_IRQHandler                         0x08000273   Thumb Code     0  startup_stm32f407xx.o(.text)
    USART1_IRQHandler                        0x08000273   Thumb Code     0  startup_stm32f407xx.o(.text)
    USART3_IRQHandler                        0x08000273   Thumb Code     0  startup_stm32f407xx.o(.text)
    USART6_IRQHandler                        0x08000273   Thumb Code     0  startup_stm32f407xx.o(.text)
    WWDG_IRQHandler                          0x08000273   Thumb Code     0  startup_stm32f407xx.o(.text)
    __aeabi_memcpy                           0x0800027d   Thumb Code    36  memcpya.o(.text)
    __aeabi_memcpy4                          0x0800027d   Thumb Code     0  memcpya.o(.text)
    __aeabi_memcpy8                          0x0800027d   Thumb Code     0  memcpya.o(.text)
    __aeabi_memset                           0x080002a1   Thumb Code    14  memseta.o(.text)
    __aeabi_memset4                          0x080002a1   Thumb Code     0  memseta.o(.text)
    __aeabi_memset8                          0x080002a1   Thumb Code     0  memseta.o(.text)
    __aeabi_memclr                           0x080002af   Thumb Code     4  memseta.o(.text)
    __aeabi_memclr4                          0x080002af   Thumb Code     0  memseta.o(.text)
    __aeabi_memclr8                          0x080002af   Thumb Code     0  memseta.o(.text)
    _memset$wrapper                          0x080002b3   Thumb Code    18  memseta.o(.text)
    __aeabi_uidiv                            0x080002c5   Thumb Code     0  uidiv.o(.text)
    __aeabi_uidivmod                         0x080002c5   Thumb Code    44  uidiv.o(.text)
    __scatterload                            0x080002f1   Thumb Code    28  init.o(.text)
    __scatterload_rt2                        0x080002f1   Thumb Code     0  init.o(.text)
    BL_ADCInit                               0x0800044d   Thumb Code    94  adc.o(i.BL_ADCInit)
    ClearRxBuffer                            0x080004b5   Thumb Code    18  uart.o(i.ClearRxBuffer)
    Error_Handler                            0x080004d1   Thumb Code     2  dem.o(i.Error_Handler)
    GetDataRXcomplete                        0x080004d5   Thumb Code    58  uart.o(i.GetDataRXcomplete)
    HAL_ADC_ConfigChannel                    0x0800051d   Thumb Code   362  stm32f4xx_hal_adc.o(i.HAL_ADC_ConfigChannel)
    HAL_ADC_Init                             0x08000695   Thumb Code    86  stm32f4xx_hal_adc.o(i.HAL_ADC_Init)
    HAL_ADC_MspInit                          0x080006ed   Thumb Code   104  stm32f4xx_hal_msp.o(i.HAL_ADC_MspInit)
    HAL_ADC_Start                            0x08000765   Thumb Code   216  stm32f4xx_hal_adc.o(i.HAL_ADC_Start)
    HAL_DMA_Abort_IT                         0x08000849   Thumb Code    36  stm32f4xx_hal_dma.o(i.HAL_DMA_Abort_IT)
    HAL_Delay                                0x0800086d   Thumb Code    22  stm32f4xx_hal.o(i.HAL_Delay)
    HAL_GPIO_Init                            0x08000885   Thumb Code   490  stm32f4xx_hal_gpio.o(i.HAL_GPIO_Init)
    HAL_GPIO_TogglePin                       0x08000a85   Thumb Code     8  stm32f4xx_hal_gpio.o(i.HAL_GPIO_TogglePin)
    HAL_GPIO_WritePin                        0x08000a8d   Thumb Code    14  stm32f4xx_hal_gpio.o(i.HAL_GPIO_WritePin)
    HAL_GetTick                              0x08000a9d   Thumb Code     6  stm32f4xx_hal.o(i.HAL_GetTick)
    HAL_IncTick                              0x08000aa9   Thumb Code    10  stm32f4xx_hal.o(i.HAL_IncTick)
    HAL_Init                                 0x08000ab9   Thumb Code    48  stm32f4xx_hal.o(i.HAL_Init)
    HAL_InitTick                             0x08000aed   Thumb Code    34  stm32f4xx_hal.o(i.HAL_InitTick)
    HAL_MspInit                              0x08000b15   Thumb Code    88  stm32f4xx_hal_msp.o(i.HAL_MspInit)
    HAL_NVIC_EnableIRQ                       0x08000b6d   Thumb Code    24  stm32f4xx_hal_cortex.o(i.HAL_NVIC_EnableIRQ)
    HAL_NVIC_SetPriority                     0x08000b85   Thumb Code    98  stm32f4xx_hal_cortex.o(i.HAL_NVIC_SetPriority)
    HAL_NVIC_SetPriorityGrouping             0x08000bed   Thumb Code    30  stm32f4xx_hal_cortex.o(i.HAL_NVIC_SetPriorityGrouping)
    HAL_RCC_ClockConfig                      0x08000c11   Thumb Code   474  stm32f4xx_hal_rcc.o(i.HAL_RCC_ClockConfig)
    HAL_RCC_GetHCLKFreq                      0x08000e01   Thumb Code     6  stm32f4xx_hal_rcc.o(i.HAL_RCC_GetHCLKFreq)
    HAL_RCC_GetPCLK1Freq                     0x08000e0d   Thumb Code    36  stm32f4xx_hal_rcc.o(i.HAL_RCC_GetPCLK1Freq)
    HAL_RCC_GetPCLK2Freq                     0x08000e39   Thumb Code    36  stm32f4xx_hal_rcc.o(i.HAL_RCC_GetPCLK2Freq)
    HAL_RCC_GetSysClockFreq                  0x08000e65   Thumb Code   126  stm32f4xx_hal_rcc.o(i.HAL_RCC_GetSysClockFreq)
    HAL_RCC_OscConfig                        0x08000ef1   Thumb Code  1058  stm32f4xx_hal_rcc.o(i.HAL_RCC_OscConfig)
    HAL_SYSTICK_CLKSourceConfig              0x08001331   Thumb Code    28  stm32f4xx_hal_cortex.o(i.HAL_SYSTICK_CLKSourceConfig)
    HAL_SYSTICK_Config                       0x0800134d   Thumb Code    36  stm32f4xx_hal_cortex.o(i.HAL_SYSTICK_Config)
    HAL_TIMEx_BreakCallback                  0x08001375   Thumb Code     2  stm32f4xx_hal_tim_ex.o(i.HAL_TIMEx_BreakCallback)
    HAL_TIMEx_CommutationCallback            0x08001377   Thumb Code     2  stm32f4xx_hal_tim_ex.o(i.HAL_TIMEx_CommutationCallback)
    HAL_TIMEx_ConfigBreakDeadTime            0x08001379   Thumb Code    92  stm32f4xx_hal_tim_ex.o(i.HAL_TIMEx_ConfigBreakDeadTime)
    HAL_TIMEx_MasterConfigSynchronization    0x080013d5   Thumb Code   102  stm32f4xx_hal_tim_ex.o(i.HAL_TIMEx_MasterConfigSynchronization)
    HAL_TIM_Base_Start_IT                    0x0800143b   Thumb Code    24  stm32f4xx_hal_tim.o(i.HAL_TIM_Base_Start_IT)
    HAL_TIM_IC_CaptureCallback               0x08001453   Thumb Code     2  stm32f4xx_hal_tim.o(i.HAL_TIM_IC_CaptureCallback)
    HAL_TIM_IRQHandler                       0x08001455   Thumb Code   372  stm32f4xx_hal_tim.o(i.HAL_TIM_IRQHandler)
    HAL_TIM_MspPostInit                      0x080015c9   Thumb Code    68  pwm.o(i.HAL_TIM_MspPostInit)
    HAL_TIM_OC_DelayElapsedCallback          0x0800161d   Thumb Code     2  stm32f4xx_hal_tim.o(i.HAL_TIM_OC_DelayElapsedCallback)
    HAL_TIM_PWM_ConfigChannel                0x0800161f   Thumb Code   220  stm32f4xx_hal_tim.o(i.HAL_TIM_PWM_ConfigChannel)
    HAL_TIM_PWM_Init                         0x080016fb   Thumb Code    56  stm32f4xx_hal_tim.o(i.HAL_TIM_PWM_Init)
    HAL_TIM_PWM_MspInit                      0x08001735   Thumb Code    64  stm32f4xx_hal_msp.o(i.HAL_TIM_PWM_MspInit)
    HAL_TIM_PWM_PulseFinishedCallback        0x0800177d   Thumb Code     2  stm32f4xx_hal_tim.o(i.HAL_TIM_PWM_PulseFinishedCallback)
    HAL_TIM_PWM_Start                        0x0800177f   Thumb Code    52  stm32f4xx_hal_tim.o(i.HAL_TIM_PWM_Start)
    HAL_TIM_PeriodElapsedCallback            0x080017b5   Thumb Code    18  timer.o(i.HAL_TIM_PeriodElapsedCallback)
    HAL_TIM_TriggerCallback                  0x080017d1   Thumb Code     2  stm32f4xx_hal_tim.o(i.HAL_TIM_TriggerCallback)
    HAL_UART_ErrorCallback                   0x080017d3   Thumb Code     2  stm32f4xx_hal_uart.o(i.HAL_UART_ErrorCallback)
    HAL_UART_IRQHandler                      0x080017d5   Thumb Code   306  stm32f4xx_hal_uart.o(i.HAL_UART_IRQHandler)
    HAL_UART_Init                            0x0800190d   Thumb Code   100  stm32f4xx_hal_uart.o(i.HAL_UART_Init)
    HAL_UART_MspInit                         0x08001971   Thumb Code    82  stm32f4xx_hal_msp.o(i.HAL_UART_MspInit)
    HAL_UART_Receive_IT                      0x080019cd   Thumb Code    76  stm32f4xx_hal_uart.o(i.HAL_UART_Receive_IT)
    HAL_UART_RxCpltCallback                  0x08001a19   Thumb Code   118  uart.o(i.HAL_UART_RxCpltCallback)
    HAL_UART_Transmit                        0x08001aa1   Thumb Code   220  stm32f4xx_hal_uart.o(i.HAL_UART_Transmit)
    HAL_UART_TxCpltCallback                  0x08001b7d   Thumb Code     2  stm32f4xx_hal_uart.o(i.HAL_UART_TxCpltCallback)
    InitESp8266                              0x08001b81   Thumb Code   156  esp8266.o(i.InitESp8266)
    InitPwm2Motors                           0x08001c5d   Thumb Code    54  pwm.o(i.InitPwm2Motors)
    InitRCServo                              0x08001c9d   Thumb Code    18  pwm.o(i.InitRCServo)
    MX_GPIO_Init                             0x08001d05   Thumb Code   414  gpio.o(i.MX_GPIO_Init)
    MX_USART_UART_Init                       0x08001fc5   Thumb Code    48  uart.o(i.MX_USART_UART_Init)
    ReadADCThreshold                         0x08002001   Thumb Code    30  flash.o(i.ReadADCThreshold)
    StartUserTask                            0x08002025   Thumb Code    46  main.o(i.StartUserTask)
    SysTick_Handler                          0x08002059   Thumb Code    14  stm32f4xx_it.o(i.SysTick_Handler)
    SystemClock_Config                       0x08002069   Thumb Code   156  bl_systeminit.o(i.SystemClock_Config)
    SystemInit                               0x0800210d   Thumb Code    64  system_stm32f4xx.o(i.SystemInit)
    TIM6_DAC_IRQHandler                      0x08002165   Thumb Code    18  timer.o(i.TIM6_DAC_IRQHandler)
    TIM_Base_SetConfig                       0x0800217d   Thumb Code   158  stm32f4xx_hal_tim.o(i.TIM_Base_SetConfig)
    TIM_CCxChannelCmd                        0x08002231   Thumb Code    26  stm32f4xx_hal_tim.o(i.TIM_CCxChannelCmd)
    TIM_OC2_SetConfig                        0x080022af   Thumb Code   108  stm32f4xx_hal_tim.o(i.TIM_OC2_SetConfig)
    USART2_IRQHandler                        0x080028d9   Thumb Code     6  uart.o(i.USART2_IRQHandler)
    __0printf$3                              0x080028e5   Thumb Code    22  printf3.o(i.__0printf$3)
    __1printf$3                              0x080028e5   Thumb Code     0  printf3.o(i.__0printf$3)
    __2printf                                0x080028e5   Thumb Code     0  printf3.o(i.__0printf$3)
    __scatterload_copy                       0x08002905   Thumb Code    14  handlers.o(i.__scatterload_copy)
    __scatterload_null                       0x08002913   Thumb Code     2  handlers.o(i.__scatterload_null)
    __scatterload_zeroinit                   0x08002915   Thumb Code    14  handlers.o(i.__scatterload_zeroinit)
    fputc                                    0x08002add   Thumb Code    18  uart.o(i.fputc)
    main                                     0x08002af5   Thumb Code    62  main.o(i.main)
    osDelay                                  0x08002b49   Thumb Code    16  cmsis_os.o(i.osDelay)
    osKernelStart                            0x08002b59   Thumb Code    10  cmsis_os.o(i.osKernelStart)
    osSystickHandler                         0x08002b63   Thumb Code    20  cmsis_os.o(i.osSystickHandler)
    osThreadCreate                           0x08002b77   Thumb Code    58  cmsis_os.o(i.osThreadCreate)
    pvPortMalloc                             0x08002e69   Thumb Code   218  heap_4.o(i.pvPortMalloc)
    pxPortInitialiseStack                    0x08002f4d   Thumb Code    34  port.o(i.pxPortInitialiseStack)
    uxListRemove                             0x08002f75   Thumb Code    36  list.o(i.uxListRemove)
    vApplicationStackOverflowHook            0x08002f99   Thumb Code     2  freertos.o(i.vApplicationStackOverflowHook)
    vListInitialise                          0x08002f9b   Thumb Code    22  list.o(i.vListInitialise)
    vListInitialiseItem                      0x08002fb1   Thumb Code     6  list.o(i.vListInitialiseItem)
    vListInsert                              0x08002fb7   Thumb Code    54  list.o(i.vListInsert)
    vListInsertEnd                           0x08002fed   Thumb Code    24  list.o(i.vListInsertEnd)
    vPortEnterCritical                       0x08003005   Thumb Code    54  port.o(i.vPortEnterCritical)
    vPortExitCritical                        0x08003045   Thumb Code    38  port.o(i.vPortExitCritical)
    vPortFree                                0x08003071   Thumb Code    88  heap_4.o(i.vPortFree)
    vPortSetupTimerInterrupt                 0x080030cd   Thumb Code    26  port.o(i.vPortSetupTimerInterrupt)
    vTaskDelay                               0x080030ed   Thumb Code   102  tasks.o(i.vTaskDelay)
    vTaskStartScheduler                      0x0800315d   Thumb Code    92  tasks.o(i.vTaskStartScheduler)
    vTaskSuspendAll                          0x080031c9   Thumb Code    10  tasks.o(i.vTaskSuspendAll)
    vTaskSwitchContext                       0x080031d9   Thumb Code   112  tasks.o(i.vTaskSwitchContext)
    xPortStartScheduler                      0x08003251   Thumb Code   214  port.o(i.xPortStartScheduler)
    xPortSysTickHandler                      0x08003345   Thumb Code    38  port.o(i.xPortSysTickHandler)
    xTaskGenericCreate                       0x08003371   Thumb Code   252  tasks.o(i.xTaskGenericCreate)
    xTaskGetSchedulerState                   0x08003479   Thumb Code    24  tasks.o(i.xTaskGetSchedulerState)
    xTaskIncrementTick                       0x08003495   Thumb Code   202  tasks.o(i.xTaskIncrementTick)
    xTaskResumeAll                           0x08003569   Thumb Code   188  tasks.o(i.xTaskResumeAll)
    APBAHBPrescTable                         0x08003630   Data          16  stm32f4xx_hal_rcc.o(.constdata)
    Region$$Table$$Base                      0x08003660   Number         0  anon$$obj.o(Region$$Table)
    Region$$Table$$Limit                     0x08003680   Number         0  anon$$obj.o(Region$$Table)
    uwTick                                   0x20000000   Data           4  stm32f4xx_hal.o(.data)
    SystemCoreClock                          0x20000004   Data           4  system_stm32f4xx.o(.data)
    pxCurrentTCB                             0x2000002c   Data           4  tasks.o(.data)
    Rx_indx                                  0x20000065   Data           1  uart.o(.data)
    ADCSensorRunmode                         0x20000068   Data           1  adc.o(.data)
    bl_adc_Calibstat_u8                      0x2000006b   Data           1  adc.o(.data)
    checkespcall                             0x2000006c   Data           1  esp8266.o(.data)
    defaultTaskHandle                        0x20000074   Data           4  main.o(.data)
    __stdout                                 0x20000078   Data           4  stdout.o(.data)
    huart2                                   0x20003d6c   Data          64  uart.o(.bss)
    ringbuff                                 0x20003db8   Data         128  adc.o(.bss)
    FilteredSensorVal                        0x20003e38   Data          16  adc.o(.bss)
    hadc1                                    0x20003e68   Data          72  adc.o(.bss)
    adcreadthres                             0x20003eb0   Data          32  adc.o(.bss)
    htim1                                    0x20003ed0   Data          60  pwm.o(.bss)
    htim3                                    0x20003f0c   Data          60  pwm.o(.bss)
    htim6                                    0x20003f48   Data          60  timer.o(.bss)
    __initial_sp                             0x20004388   Data           0  startup_stm32f407xx.o(STACK)



==============================================================================

Memory Map of the image

  Image Entry point : 0x08000189

  Load Region LR_IROM1 (Base: 0x08000000, Size: 0x000036fc, Max: 0x00100000, ABSOLUTE)

    Execution Region ER_IROM1 (Base: 0x08000000, Size: 0x00003680, Max: 0x00100000, ABSOLUTE)

    Base Addr    Size         Type   Attr      Idx    E Section Name        Object

    0x08000000   0x00000188   Data   RO         2625    RESET               startup_stm32f407xx.o
    0x08000188   0x00000000   Code   RO         4494  * .ARM.Collect$$$$00000000  mc_w.l(entry.o)
    0x08000188   0x00000004   Code   RO         4768    .ARM.Collect$$$$00000001  mc_w.l(entry2.o)
    0x0800018c   0x00000004   Code   RO         4771    .ARM.Collect$$$$00000004  mc_w.l(entry5.o)
    0x08000190   0x00000000   Code   RO         4773    .ARM.Collect$$$$00000008  mc_w.l(entry7b.o)
    0x08000190   0x00000000   Code   RO         4775    .ARM.Collect$$$$0000000A  mc_w.l(entry8b.o)
    0x08000190   0x00000008   Code   RO         4776    .ARM.Collect$$$$0000000B  mc_w.l(entry9a.o)
    0x08000198   0x00000000   Code   RO         4778    .ARM.Collect$$$$0000000D  mc_w.l(entry10a.o)
    0x08000198   0x00000000   Code   RO         4780    .ARM.Collect$$$$0000000F  mc_w.l(entry11a.o)
    0x08000198   0x00000004   Code   RO         4769    .ARM.Collect$$$$00002712  mc_w.l(entry2.o)
    0x0800019c   0x000000ba   Code   RO         3155    .emb_text           port.o
    0x08000256   0x00000002   PAD
    0x08000258   0x00000024   Code   RO         2626    .text               startup_stm32f407xx.o
    0x0800027c   0x00000024   Code   RO         4497    .text               mc_w.l(memcpya.o)
    0x080002a0   0x00000024   Code   RO         4499    .text               mc_w.l(memseta.o)
    0x080002c4   0x0000002c   Code   RO         4783    .text               mc_w.l(uidiv.o)
    0x080002f0   0x00000024   Code   RO         4807    .text               mc_w.l(init.o)
    0x08000314   0x00000138   Code   RO          753    i.ADC_Init          stm32f4xx_hal_adc.o
    0x0800044c   0x00000068   Code   RO         3854    i.BL_ADCInit        adc.o
    0x080004b4   0x0000001c   Code   RO         3786    i.ClearRxBuffer     uart.o
    0x080004d0   0x00000002   Code   RO         4186    i.Error_Handler     dem.o
    0x080004d2   0x00000002   PAD
    0x080004d4   0x00000048   Code   RO         3787    i.GetDataRXcomplete  uart.o
    0x0800051c   0x00000178   Code   RO          755    i.HAL_ADC_ConfigChannel  stm32f4xx_hal_adc.o
    0x08000694   0x00000056   Code   RO          764    i.HAL_ADC_Init      stm32f4xx_hal_adc.o
    0x080006ea   0x00000002   PAD
    0x080006ec   0x00000078   Code   RO         4312    i.HAL_ADC_MspInit   stm32f4xx_hal_msp.o
    0x08000764   0x000000e4   Code   RO          770    i.HAL_ADC_Start     stm32f4xx_hal_adc.o
    0x08000848   0x00000024   Code   RO          412    i.HAL_DMA_Abort_IT  stm32f4xx_hal_dma.o
    0x0800086c   0x00000016   Code   RO         1396    i.HAL_Delay         stm32f4xx_hal.o
    0x08000882   0x00000002   PAD
    0x08000884   0x00000200   Code   RO            7    i.HAL_GPIO_Init     stm32f4xx_hal_gpio.o
    0x08000a84   0x00000008   Code   RO           10    i.HAL_GPIO_TogglePin  stm32f4xx_hal_gpio.o
    0x08000a8c   0x0000000e   Code   RO           11    i.HAL_GPIO_WritePin  stm32f4xx_hal_gpio.o
    0x08000a9a   0x00000002   PAD
    0x08000a9c   0x0000000c   Code   RO         1402    i.HAL_GetTick       stm32f4xx_hal.o
    0x08000aa8   0x00000010   Code   RO         1403    i.HAL_IncTick       stm32f4xx_hal.o
    0x08000ab8   0x00000034   Code   RO         1404    i.HAL_Init          stm32f4xx_hal.o
    0x08000aec   0x00000028   Code   RO         1405    i.HAL_InitTick      stm32f4xx_hal.o
    0x08000b14   0x00000058   Code   RO         4313    i.HAL_MspInit       stm32f4xx_hal_msp.o
    0x08000b6c   0x00000018   Code   RO          517    i.HAL_NVIC_EnableIRQ  stm32f4xx_hal_cortex.o
    0x08000b84   0x00000068   Code   RO          523    i.HAL_NVIC_SetPriority  stm32f4xx_hal_cortex.o
    0x08000bec   0x00000024   Code   RO          524    i.HAL_NVIC_SetPriorityGrouping  stm32f4xx_hal_cortex.o
    0x08000c10   0x000001f0   Code   RO         1642    i.HAL_RCC_ClockConfig  stm32f4xx_hal_rcc.o
    0x08000e00   0x0000000c   Code   RO         1647    i.HAL_RCC_GetHCLKFreq  stm32f4xx_hal_rcc.o
    0x08000e0c   0x0000002c   Code   RO         1649    i.HAL_RCC_GetPCLK1Freq  stm32f4xx_hal_rcc.o
    0x08000e38   0x0000002c   Code   RO         1650    i.HAL_RCC_GetPCLK2Freq  stm32f4xx_hal_rcc.o
    0x08000e64   0x0000008c   Code   RO         1651    i.HAL_RCC_GetSysClockFreq  stm32f4xx_hal_rcc.o
    0x08000ef0   0x00000440   Code   RO         1654    i.HAL_RCC_OscConfig  stm32f4xx_hal_rcc.o
    0x08001330   0x0000001c   Code   RO          526    i.HAL_SYSTICK_CLKSourceConfig  stm32f4xx_hal_cortex.o
    0x0800134c   0x00000028   Code   RO          528    i.HAL_SYSTICK_Config  stm32f4xx_hal_cortex.o
    0x08001374   0x00000002   Code   RO         2387    i.HAL_TIMEx_BreakCallback  stm32f4xx_hal_tim_ex.o
    0x08001376   0x00000002   Code   RO         2388    i.HAL_TIMEx_CommutationCallback  stm32f4xx_hal_tim_ex.o
    0x08001378   0x0000005c   Code   RO         2389    i.HAL_TIMEx_ConfigBreakDeadTime  stm32f4xx_hal_tim_ex.o
    0x080013d4   0x00000066   Code   RO         2404    i.HAL_TIMEx_MasterConfigSynchronization  stm32f4xx_hal_tim_ex.o
    0x0800143a   0x00000018   Code   RO         1753    i.HAL_TIM_Base_Start_IT  stm32f4xx_hal_tim.o
    0x08001452   0x00000002   Code   RO         1777    i.HAL_TIM_IC_CaptureCallback  stm32f4xx_hal_tim.o
    0x08001454   0x00000174   Code   RO         1790    i.HAL_TIM_IRQHandler  stm32f4xx_hal_tim.o
    0x080015c8   0x00000054   Code   RO         3992    i.HAL_TIM_MspPostInit  pwm.o
    0x0800161c   0x00000002   Code   RO         1793    i.HAL_TIM_OC_DelayElapsedCallback  stm32f4xx_hal_tim.o
    0x0800161e   0x000000dc   Code   RO         1814    i.HAL_TIM_PWM_ConfigChannel  stm32f4xx_hal_tim.o
    0x080016fa   0x00000038   Code   RO         1817    i.HAL_TIM_PWM_Init  stm32f4xx_hal_tim.o
    0x08001732   0x00000002   PAD
    0x08001734   0x00000048   Code   RO         4317    i.HAL_TIM_PWM_MspInit  stm32f4xx_hal_msp.o
    0x0800177c   0x00000002   Code   RO         1820    i.HAL_TIM_PWM_PulseFinishedCallback  stm32f4xx_hal_tim.o
    0x0800177e   0x00000034   Code   RO         1821    i.HAL_TIM_PWM_Start  stm32f4xx_hal_tim.o
    0x080017b2   0x00000002   PAD
    0x080017b4   0x0000001c   Code   RO         4062    i.HAL_TIM_PeriodElapsedCallback  timer.o
    0x080017d0   0x00000002   Code   RO         1831    i.HAL_TIM_TriggerCallback  stm32f4xx_hal_tim.o
    0x080017d2   0x00000002   Code   RO          941    i.HAL_UART_ErrorCallback  stm32f4xx_hal_uart.o
    0x080017d4   0x00000138   Code   RO          944    i.HAL_UART_IRQHandler  stm32f4xx_hal_uart.o
    0x0800190c   0x00000064   Code   RO          945    i.HAL_UART_Init     stm32f4xx_hal_uart.o
    0x08001970   0x0000005c   Code   RO         4319    i.HAL_UART_MspInit  stm32f4xx_hal_msp.o
    0x080019cc   0x0000004c   Code   RO          950    i.HAL_UART_Receive_IT  stm32f4xx_hal_uart.o
    0x08001a18   0x00000088   Code   RO         3788    i.HAL_UART_RxCpltCallback  uart.o
    0x08001aa0   0x000000dc   Code   RO          953    i.HAL_UART_Transmit  stm32f4xx_hal_uart.o
    0x08001b7c   0x00000002   Code   RO          956    i.HAL_UART_TxCpltCallback  stm32f4xx_hal_uart.o
    0x08001b7e   0x00000002   PAD
    0x08001b80   0x000000dc   Code   RO         4155    i.InitESp8266       esp8266.o
    0x08001c5c   0x00000040   Code   RO         3993    i.InitPwm2Motors    pwm.o
    0x08001c9c   0x00000018   Code   RO         3994    i.InitRCServo       pwm.o
    0x08001cb4   0x00000050   Code   RO         3856    i.MX_ADC1_Init      adc.o
    0x08001d04   0x000001bc   Code   RO         3938    i.MX_GPIO_Init      gpio.o
    0x08001ec0   0x000000a0   Code   RO         3995    i.MX_TIM1_Init      pwm.o
    0x08001f60   0x00000064   Code   RO         3996    i.MX_TIM3_Init      pwm.o
    0x08001fc4   0x0000003c   Code   RO         3789    i.MX_USART_UART_Init  uart.o
    0x08002000   0x00000024   Code   RO         4116    i.ReadADCThreshold  flash.o
    0x08002024   0x00000034   Code   RO         4388    i.StartUserTask     main.o
    0x08002058   0x0000000e   Code   RO         4458    i.SysTick_Handler   stm32f4xx_it.o
    0x08002066   0x00000002   PAD
    0x08002068   0x000000a4   Code   RO         3965    i.SystemClock_Config  bl_systeminit.o
    0x0800210c   0x00000058   Code   RO         2634    i.SystemInit        system_stm32f4xx.o
    0x08002164   0x00000018   Code   RO         4064    i.TIM6_DAC_IRQHandler  timer.o
    0x0800217c   0x000000b4   Code   RO         1832    i.TIM_Base_SetConfig  stm32f4xx_hal_tim.o
    0x08002230   0x0000001a   Code   RO         1833    i.TIM_CCxChannelCmd  stm32f4xx_hal_tim.o
    0x0800224a   0x00000064   Code   RO         1841    i.TIM_OC1_SetConfig  stm32f4xx_hal_tim.o
    0x080022ae   0x0000006c   Code   RO         1842    i.TIM_OC2_SetConfig  stm32f4xx_hal_tim.o
    0x0800231a   0x0000006c   Code   RO         1843    i.TIM_OC3_SetConfig  stm32f4xx_hal_tim.o
    0x08002386   0x00000054   Code   RO         1844    i.TIM_OC4_SetConfig  stm32f4xx_hal_tim.o
    0x080023da   0x00000010   Code   RO          958    i.UART_DMAAbortOnError  stm32f4xx_hal_uart.o
    0x080023ea   0x0000001c   Code   RO          968    i.UART_EndRxTransfer  stm32f4xx_hal_uart.o
    0x08002406   0x0000001a   Code   RO          969    i.UART_EndTransmit_IT  stm32f4xx_hal_uart.o
    0x08002420   0x00000092   Code   RO          971    i.UART_Receive_IT   stm32f4xx_hal_uart.o
    0x080024b2   0x00000002   PAD
    0x080024b4   0x00000344   Code   RO          972    i.UART_SetConfig    stm32f4xx_hal_uart.o
    0x080027f8   0x00000066   Code   RO          973    i.UART_Transmit_IT  stm32f4xx_hal_uart.o
    0x0800285e   0x00000078   Code   RO          974    i.UART_WaitOnFlagUntilTimeout  stm32f4xx_hal_uart.o
    0x080028d6   0x00000002   PAD
    0x080028d8   0x0000000c   Code   RO         3790    i.USART2_IRQHandler  uart.o
    0x080028e4   0x00000020   Code   RO         4594    i.__0printf$3       mc_w.l(printf3.o)
    0x08002904   0x0000000e   Code   RO         4851    i.__scatterload_copy  mc_w.l(handlers.o)
    0x08002912   0x00000002   Code   RO         4852    i.__scatterload_null  mc_w.l(handlers.o)
    0x08002914   0x0000000e   Code   RO         4853    i.__scatterload_zeroinit  mc_w.l(handlers.o)
    0x08002922   0x00000002   PAD
    0x08002924   0x000001b8   Code   RO         4601    i._printf_core      mc_w.l(printf3.o)
    0x08002adc   0x00000018   Code   RO         3791    i.fputc             uart.o
    0x08002af4   0x00000048   Code   RO         4389    i.main              main.o
    0x08002b3c   0x0000000c   Code   RO         2672    i.makeFreeRtosPriority  cmsis_os.o
    0x08002b48   0x00000010   Code   RO         2673    i.osDelay           cmsis_os.o
    0x08002b58   0x0000000a   Code   RO         2676    i.osKernelStart     cmsis_os.o
    0x08002b62   0x00000014   Code   RO         2705    i.osSystickHandler  cmsis_os.o
    0x08002b76   0x0000003a   Code   RO         2706    i.osThreadCreate    cmsis_os.o
    0x08002bb0   0x00000038   Code   RO         3475    i.prvAddCurrentTaskToDelayedList  tasks.o
    0x08002be8   0x0000003e   Code   RO         3476    i.prvAllocateTCBAndStack  tasks.o
    0x08002c26   0x00000002   PAD
    0x08002c28   0x00000058   Code   RO         3477    i.prvCheckTasksWaitingTermination  tasks.o
    0x08002c80   0x00000014   Code   RO         3478    i.prvDeleteTCB      tasks.o
    0x08002c94   0x00000050   Code   RO         3061    i.prvHeapInit       heap_4.o
    0x08002ce4   0x00000028   Code   RO         3479    i.prvIdleTask       tasks.o
    0x08002d0c   0x0000004c   Code   RO         3480    i.prvInitialiseTCBVariables  tasks.o
    0x08002d58   0x00000060   Code   RO         3481    i.prvInitialiseTaskLists  tasks.o
    0x08002db8   0x0000005c   Code   RO         3062    i.prvInsertBlockIntoFreeList  heap_4.o
    0x08002e14   0x00000024   Code   RO         3483    i.prvResetNextTaskUnblockTime  tasks.o
    0x08002e38   0x00000030   Code   RO         3156    i.prvTaskExitError  port.o
    0x08002e68   0x000000e4   Code   RO         3063    i.pvPortMalloc      heap_4.o
    0x08002f4c   0x00000028   Code   RO         3157    i.pxPortInitialiseStack  port.o
    0x08002f74   0x00000024   Code   RO         3119    i.uxListRemove      list.o
    0x08002f98   0x00000002   Code   RO         4482    i.vApplicationStackOverflowHook  freertos.o
    0x08002f9a   0x00000016   Code   RO         3120    i.vListInitialise   list.o
    0x08002fb0   0x00000006   Code   RO         3121    i.vListInitialiseItem  list.o
    0x08002fb6   0x00000036   Code   RO         3122    i.vListInsert       list.o
    0x08002fec   0x00000018   Code   RO         3123    i.vListInsertEnd    list.o
    0x08003004   0x00000040   Code   RO         3159    i.vPortEnterCritical  port.o
    0x08003044   0x0000002c   Code   RO         3160    i.vPortExitCritical  port.o
    0x08003070   0x0000005c   Code   RO         3064    i.vPortFree         heap_4.o
    0x080030cc   0x00000020   Code   RO         3161    i.vPortSetupTimerInterrupt  port.o
    0x080030ec   0x00000070   Code   RO         3494    i.vTaskDelay        tasks.o
    0x0800315c   0x0000006c   Code   RO         3506    i.vTaskStartScheduler  tasks.o
    0x080031c8   0x00000010   Code   RO         3508    i.vTaskSuspendAll   tasks.o
    0x080031d8   0x00000078   Code   RO         3509    i.vTaskSwitchContext  tasks.o
    0x08003250   0x000000f4   Code   RO         3163    i.xPortStartScheduler  port.o
    0x08003344   0x0000002c   Code   RO         3164    i.xPortSysTickHandler  port.o
    0x08003370   0x00000108   Code   RO         3511    i.xTaskGenericCreate  tasks.o
    0x08003478   0x0000001c   Code   RO         3515    i.xTaskGetSchedulerState  tasks.o
    0x08003494   0x000000d4   Code   RO         3518    i.xTaskIncrementTick  tasks.o
    0x08003568   0x000000c8   Code   RO         3524    i.xTaskResumeAll    tasks.o
    0x08003630   0x00000010   Data   RO         1655    .constdata          stm32f4xx_hal_rcc.o
    0x08003640   0x00000014   Data   RO         4390    .constdata          main.o
    0x08003654   0x00000009   Data   RO         4391    .conststring        main.o
    0x0800365d   0x00000003   PAD
    0x08003660   0x00000020   Data   RO         4849    Region$$Table       anon$$obj.o


    Execution Region RW_IRAM1 (Base: 0x20000000, Size: 0x00004388, Max: 0x00020000, ABSOLUTE)

    Base Addr    Size         Type   Attr      Idx    E Section Name        Object

    0x20000000   0x00000004   Data   RW         1410    .data               stm32f4xx_hal.o
    0x20000004   0x00000004   Data   RW         2637    .data               system_stm32f4xx.o
    0x20000008   0x00000018   Data   RW         3069    .data               heap_4.o
    0x20000020   0x0000000c   Data   RW         3165    .data               port.o
    0x2000002c   0x00000038   Data   RW         3527    .data               tasks.o
    0x20000064   0x00000004   Data   RW         3793    .data               uart.o
    0x20000068   0x00000004   Data   RW         3864    .data               adc.o
    0x2000006c   0x00000006   Data   RW         4156    .data               esp8266.o
    0x20000072   0x00000002   PAD
    0x20000074   0x00000004   Data   RW         4392    .data               main.o
    0x20000078   0x00000004   Data   RW         4782    .data               mc_w.l(stdout.o)
    0x2000007c   0x00003c00   Zero   RW         3068    .bss                heap_4.o
    0x20003c7c   0x000000f0   Zero   RW         3526    .bss                tasks.o
    0x20003d6c   0x0000004a   Zero   RW         3792    .bss                uart.o
    0x20003db6   0x00000002   PAD
    0x20003db8   0x00000118   Zero   RW         3862    .bss                adc.o
    0x20003ed0   0x00000078   Zero   RW         4000    .bss                pwm.o
    0x20003f48   0x0000003c   Zero   RW         4065    .bss                timer.o
    0x20003f84   0x00000004   PAD
    0x20003f88   0x00000400   Zero   RW         2623    STACK               startup_stm32f407xx.o


==============================================================================

Image component sizes


      Code (inc. data)   RO Data    RW Data    ZI Data      Debug   Object Name

       184         18          0          4        280       3003   adc.o
       164          8          0          0          0       1053   bl_systeminit.o
       116          0          0          0          0      23338   cmsis_os.o
         2          0          0          0          0        444   dem.o
         0          0          0          0          0       3640   diagcom.o
       220         64          0          6          0       1334   esp8266.o
        36          6          0          0          0       1123   flash.o
         2          0          0          0          0        560   freertos.o
       444         30          0          0          0       1167   gpio.o
       492         32          0         24      15360       7307   heap_4.o
       142          0          0          0          0       3530   list.o
       124         16         29          4          0       1644   main.o
       702         86          0         12          0      16712   port.o
       432         54          0          0        120       3483   pwm.o
        36          8        392          0       1024        912   startup_stm32f407xx.o
       142         22          0          4          0       4327   stm32f4xx_hal.o
      1002         30          0          0          0       3595   stm32f4xx_hal_adc.o
       232         16          0          0          0      30689   stm32f4xx_hal_cortex.o
        36          0          0          0          0       1127   stm32f4xx_hal_dma.o
       534         22          0          0          0     693945   stm32f4xx_hal_gpio.o
       372         34          0          0          0       2833   stm32f4xx_hal_msp.o
      1824         88         16          0          0       6655   stm32f4xx_hal_rcc.o
      1338         22          0          0          0      10934   stm32f4xx_hal_tim.o
       198          0          0          0          0       3214   stm32f4xx_hal_tim_ex.o
      1986         20          0          0          0      10247   stm32f4xx_hal_uart.o
        14          0          0          0          0        490   stm32f4xx_it.o
        88         24          0          4          0       1363   system_stm32f4xx.o
      1534        140          0         56        240      16233   tasks.o
        52         16          0          0         60       1502   timer.o
         0          0          0          0          0       9788   timers.o
       332         66          0          4         74       4140   uart.o

    ----------------------------------------------------------------------
     12804        822        472        120      17164     870332   Object Totals
         0          0         32          0          0          0   (incl. Generated)
        24          0          3          2          6          0   (incl. Padding)

    ----------------------------------------------------------------------

      Code (inc. data)   RO Data    RW Data    ZI Data      Debug   Library Member Name

         0          0          0          0          0          0   entry.o
         0          0          0          0          0          0   entry10a.o
         0          0          0          0          0          0   entry11a.o
         8          4          0          0          0          0   entry2.o
         4          0          0          0          0          0   entry5.o
         0          0          0          0          0          0   entry7b.o
         0          0          0          0          0          0   entry8b.o
         8          4          0          0          0          0   entry9a.o
        30          0          0          0          0          0   handlers.o
        36          8          0          0          0         68   init.o
        36          0          0          0          0         68   memcpya.o
        36          0          0          0          0        108   memseta.o
       472         14          0          0          0        184   printf3.o
         0          0          0          4          0          0   stdout.o
        44          0          0          0          0         80   uidiv.o

    ----------------------------------------------------------------------
       676         30          0          4          0        508   Library Totals
         2          0          0          0          0          0   (incl. Padding)

    ----------------------------------------------------------------------

      Code (inc. data)   RO Data    RW Data    ZI Data      Debug   Library Name

       674         30          0          4          0        508   mc_w.l

    ----------------------------------------------------------------------
       676         30          0          4          0        508   Library Totals

    ----------------------------------------------------------------------

==============================================================================


      Code (inc. data)   RO Data    RW Data    ZI Data      Debug   

     13480        852        472        124      17164     859188   Grand Totals
     13480        852        472        124      17164     859188   ELF Image Totals
     13480        852        472        124          0          0   ROM Totals

==============================================================================

    Total RO  Size (Code + RO Data)                13952 (  13.63kB)
    Total RW  Size (RW Data + ZI Data)             17288 (  16.88kB)
    Total ROM Size (Code + RO Data + RW Data)      14076 (  13.75kB)

==============================================================================

